121793 [Test worker] INFO  manager.ApplicationManager -- All tests runs in FIREFOX Browser
123932 [Test worker] INFO  manager.ApplicationManager -- The link --->https://telranedu.web.app/home
123988 [Test worker] INFO  tests.TestBase -- Name of method (test) --->registrationLose
129022 [Test worker] INFO  tests.TestBase -- Registration Test data ---> email: 'ззщшщг@gmail.com & password: '20042005'
129027 [Test worker] INFO  manager.ListenerWD -- Before find element-->By.cssSelector: a[href='/login']
129066 [Test worker] INFO  manager.ListenerWD -- After find element-->By.cssSelector: a[href='/login']
129079 [Test worker] INFO  manager.ListenerWD -- Location of element-->a
129095 [Test worker] INFO  manager.ListenerWD -- Before click element -->atext-->LOGIN
129235 [Test worker] INFO  manager.ListenerWD -- After click element -->a
129237 [Test worker] INFO  manager.ListenerWD -- Before find element-->By.name: email
129265 [Test worker] INFO  manager.ListenerWD -- After find element-->By.name: email
129274 [Test worker] INFO  manager.ListenerWD -- Location of element-->input
129290 [Test worker] INFO  manager.ListenerWD -- Before click element -->inputtext-->
129361 [Test worker] INFO  manager.ListenerWD -- After click element -->input
129381 [Test worker] INFO  manager.ListenerWD -- sendKeyds-->
129387 [Test worker] INFO  manager.ListenerWD -- sendKeyds_TagName-->input
129433 [Test worker] INFO  manager.ListenerWD -- Before find element-->By.xpath: //input[@placeholder='Password']
129462 [Test worker] INFO  manager.ListenerWD -- After find element-->By.xpath: //input[@placeholder='Password']
129471 [Test worker] INFO  manager.ListenerWD -- Location of element-->input
129497 [Test worker] INFO  manager.ListenerWD -- Before click element -->inputtext-->
129567 [Test worker] INFO  manager.ListenerWD -- After click element -->input
129580 [Test worker] INFO  manager.ListenerWD -- sendKeyds-->
129591 [Test worker] INFO  manager.ListenerWD -- sendKeyds_TagName-->input
129607 [Test worker] INFO  manager.ListenerWD -- Before find element-->By.xpath: //Button[text()='Registration']
129639 [Test worker] INFO  manager.ListenerWD -- After find element-->By.xpath: //Button[text()='Registration']
129647 [Test worker] INFO  manager.ListenerWD -- Location of element-->button
129662 [Test worker] INFO  manager.ListenerWD -- Before click element -->buttontext-->Registration
129781 [Test worker] INFO  manager.ListenerWD -- Huston, we have a problem!
129781 [Test worker] INFO  manager.ListenerWD -- Failed method:alert
129781 [Test worker] INFO  manager.ListenerWD -- ***************
129781 [Test worker] INFO  manager.ListenerWD -- Arguments:null
129781 [Test worker] INFO  manager.ListenerWD -- ***************
129781 [Test worker] INFO  manager.ListenerWD -- Exception:NoAlertPresentException
129781 [Test worker] INFO  manager.ListenerWD -- ***************
129781 [Test worker] INFO  manager.ListenerWD -- MessageBuild info: version: '4.26.0', revision: '8ccf0219d7'
System info: os.name: 'Windows 11', os.arch: 'amd64', os.version: '10.0', java.version: '21.0.10'
Driver info: org.openqa.selenium.firefox.FirefoxDriver
Command: [ae060de2-6994-4d6c-b97a-c7084a8b0302, getAlertText {}]
Capabilities {acceptInsecureCerts: true, browserName: firefox, browserVersion: 151.0.4, moz:accessibilityChecks: false, moz:buildID: 20260608154138, moz:geckodriverVersion: 0.37.0, moz:headless: false, moz:platformVersion: 10.0, moz:processID: 14436, moz:profile: C:\Users\Pavlova\AppData\Lo..., moz:shutdownTimeout: 60000, moz:webdriverClick: true, moz:windowless: false, pageLoadStrategy: normal, platformName: windows, proxy: Proxy(), setWindowRect: true, strictFileInteractability: false, timeouts: {implicit: 0, pageLoad: 300000, script: 30000}, unhandledPromptBehavior: dismiss and notify, userAgent: Mozilla/5.0 (Windows NT 10....}
Session ID: ae060de2-6994-4d6c-b97a-c7084a8b0302
129781 [Test worker] INFO  manager.ListenerWD -- ***************
129781 [Test worker] INFO  manager.ListenerWD -- ***************
129781 [Test worker] INFO  manager.ListenerWD -- Screen with error is--->src/test/screenshots/screen_1554.png
130322 [Test worker] INFO  manager.ListenerWD -- Huston, we have a problem!
130322 [Test worker] INFO  manager.ListenerWD -- Failed method:alert
130326 [Test worker] INFO  manager.ListenerWD -- ***************
130326 [Test worker] INFO  manager.ListenerWD -- Arguments:null
130326 [Test worker] INFO  manager.ListenerWD -- ***************
130326 [Test worker] INFO  manager.ListenerWD -- Exception:NoAlertPresentException
130327 [Test worker] INFO  manager.ListenerWD -- ***************
130327 [Test worker] INFO  manager.ListenerWD -- MessageBuild info: version: '4.26.0', revision: '8ccf0219d7'
System info: os.name: 'Windows 11', os.arch: 'amd64', os.version: '10.0', java.version: '21.0.10'
Driver info: org.openqa.selenium.firefox.FirefoxDriver
Command: [ae060de2-6994-4d6c-b97a-c7084a8b0302, getAlertText {}]
Capabilities {acceptInsecureCerts: true, browserName: firefox, browserVersion: 151.0.4, moz:accessibilityChecks: false, moz:buildID: 20260608154138, moz:geckodriverVersion: 0.37.0, moz:headless: false, moz:platformVersion: 10.0, moz:processID: 14436, moz:profile: C:\Users\Pavlova\AppData\Lo..., moz:shutdownTimeout: 60000, moz:webdriverClick: true, moz:windowless: false, pageLoadStrategy: normal, platformName: windows, proxy: Proxy(), setWindowRect: true, strictFileInteractability: false, timeouts: {implicit: 0, pageLoad: 300000, script: 30000}, unhandledPromptBehavior: dismiss and notify, userAgent: Mozilla/5.0 (Windows NT 10....}
Session ID: ae060de2-6994-4d6c-b97a-c7084a8b0302
130327 [Test worker] INFO  manager.ListenerWD -- ***************
130327 [Test worker] INFO  manager.ListenerWD -- ***************
130327 [Test worker] INFO  manager.ListenerWD -- Screen with error is--->src/test/screenshots/screen_1900.png
130855 [Test worker] INFO  manager.ListenerWD -- Huston, we have a problem!
130855 [Test worker] INFO  manager.ListenerWD -- Failed method:alert
130856 [Test worker] INFO  manager.ListenerWD -- ***************
130856 [Test worker] INFO  manager.ListenerWD -- Arguments:null
130856 [Test worker] INFO  manager.ListenerWD -- ***************
130856 [Test worker] INFO  manager.ListenerWD -- Exception:NoAlertPresentException
130856 [Test worker] INFO  manager.ListenerWD -- ***************
130857 [Test worker] INFO  manager.ListenerWD -- MessageBuild info: version: '4.26.0', revision: '8ccf0219d7'
System info: os.name: 'Windows 11', os.arch: 'amd64', os.version: '10.0', java.version: '21.0.10'
Driver info: org.openqa.selenium.firefox.FirefoxDriver
Command: [ae060de2-6994-4d6c-b97a-c7084a8b0302, getAlertText {}]
Capabilities {acceptInsecureCerts: true, browserName: firefox, browserVersion: 151.0.4, moz:accessibilityChecks: false, moz:buildID: 20260608154138, moz:geckodriverVersion: 0.37.0, moz:headless: false, moz:platformVersion: 10.0, moz:processID: 14436, moz:profile: C:\Users\Pavlova\AppData\Lo..., moz:shutdownTimeout: 60000, moz:webdriverClick: true, moz:windowless: false, pageLoadStrategy: normal, platformName: windows, proxy: Proxy(), setWindowRect: true, strictFileInteractability: false, timeouts: {implicit: 0, pageLoad: 300000, script: 30000}, unhandledPromptBehavior: dismiss and notify, userAgent: Mozilla/5.0 (Windows NT 10....}
Session ID: ae060de2-6994-4d6c-b97a-c7084a8b0302
130857 [Test worker] INFO  manager.ListenerWD -- ***************
130857 [Test worker] INFO  manager.ListenerWD -- ***************
130857 [Test worker] INFO  manager.ListenerWD -- Screen with error is--->src/test/screenshots/screen_1497.png
131385 [Test worker] INFO  manager.ListenerWD -- Huston, we have a problem!
131385 [Test worker] INFO  manager.ListenerWD -- Failed method:alert
131387 [Test worker] INFO  manager.ListenerWD -- ***************
131387 [Test worker] INFO  manager.ListenerWD -- Arguments:null
131387 [Test worker] INFO  manager.ListenerWD -- ***************
131387 [Test worker] INFO  manager.ListenerWD -- Exception:NoAlertPresentException
131387 [Test worker] INFO  manager.ListenerWD -- ***************
131387 [Test worker] INFO  manager.ListenerWD -- MessageBuild info: version: '4.26.0', revision: '8ccf0219d7'
System info: os.name: 'Windows 11', os.arch: 'amd64', os.version: '10.0', java.version: '21.0.10'
Driver info: org.openqa.selenium.firefox.FirefoxDriver
Command: [ae060de2-6994-4d6c-b97a-c7084a8b0302, getAlertText {}]
Capabilities {acceptInsecureCerts: true, browserName: firefox, browserVersion: 151.0.4, moz:accessibilityChecks: false, moz:buildID: 20260608154138, moz:geckodriverVersion: 0.37.0, moz:headless: false, moz:platformVersion: 10.0, moz:processID: 14436, moz:profile: C:\Users\Pavlova\AppData\Lo..., moz:shutdownTimeout: 60000, moz:webdriverClick: true, moz:windowless: false, pageLoadStrategy: normal, platformName: windows, proxy: Proxy(), setWindowRect: true, strictFileInteractability: false, timeouts: {implicit: 0, pageLoad: 300000, script: 30000}, unhandledPromptBehavior: dismiss and notify, userAgent: Mozilla/5.0 (Windows NT 10....}
Session ID: ae060de2-6994-4d6c-b97a-c7084a8b0302
131389 [Test worker] INFO  manager.ListenerWD -- ***************
131389 [Test worker] INFO  manager.ListenerWD -- ***************
131389 [Test worker] INFO  manager.ListenerWD -- Screen with error is--->src/test/screenshots/screen_1637.png
132093 [Test worker] INFO  tests.TestBase -- Assert check is alert present with error text 'No Contacts here!'
132113 [Test worker] INFO  tests.TestBase -- ==============================================
132143 [Test worker] INFO  tests.TestBase -- Name of method (test) --->registrationLose2
137157 [Test worker] INFO  tests.TestBase -- Registration Test data ---> email: 'יעיעיע@gmail.com & password: '890665R'
137157 [Test worker] INFO  manager.ListenerWD -- Before find element-->By.cssSelector: a[href='/login']
137180 [Test worker] INFO  manager.ListenerWD -- After find element-->By.cssSelector: a[href='/login']
137190 [Test worker] INFO  manager.ListenerWD -- Location of element-->a
137207 [Test worker] INFO  manager.ListenerWD -- Before click element -->atext-->LOGIN
137294 [Test worker] INFO  manager.ListenerWD -- After click element -->a
137295 [Test worker] INFO  manager.ListenerWD -- Before find element-->By.name: email
137317 [Test worker] INFO  manager.ListenerWD -- After find element-->By.name: email
137322 [Test worker] INFO  manager.ListenerWD -- Location of element-->input
137340 [Test worker] INFO  manager.ListenerWD -- Before click element -->inputtext-->
137408 [Test worker] INFO  manager.ListenerWD -- After click element -->input
137431 [Test worker] INFO  manager.ListenerWD -- sendKeyds-->
137437 [Test worker] INFO  manager.ListenerWD -- sendKeyds_TagName-->input
137467 [Test worker] INFO  manager.ListenerWD -- Before find element-->By.xpath: //input[@placeholder='Password']
137485 [Test worker] INFO  manager.ListenerWD -- After find element-->By.xpath: //input[@placeholder='Password']
137492 [Test worker] INFO  manager.ListenerWD -- Location of element-->input
137507 [Test worker] INFO  manager.ListenerWD -- Before click element -->inputtext-->
137574 [Test worker] INFO  manager.ListenerWD -- After click element -->input
137598 [Test worker] INFO  manager.ListenerWD -- sendKeyds-->
137603 [Test worker] INFO  manager.ListenerWD -- sendKeyds_TagName-->input
137620 [Test worker] INFO  manager.ListenerWD -- Before find element-->By.xpath: //Button[text()='Registration']
137639 [Test worker] INFO  manager.ListenerWD -- After find element-->By.xpath: //Button[text()='Registration']
137645 [Test worker] INFO  manager.ListenerWD -- Location of element-->button
137657 [Test worker] INFO  manager.ListenerWD -- Before click element -->buttontext-->Registration
137744 [Test worker] INFO  manager.ListenerWD -- Huston, we have a problem!
137747 [Test worker] INFO  manager.ListenerWD -- Failed method:alert
137747 [Test worker] INFO  manager.ListenerWD -- ***************
137747 [Test worker] INFO  manager.ListenerWD -- Arguments:null
137747 [Test worker] INFO  manager.ListenerWD -- ***************
137747 [Test worker] INFO  manager.ListenerWD -- Exception:NoAlertPresentException
137747 [Test worker] INFO  manager.ListenerWD -- ***************
137747 [Test worker] INFO  manager.ListenerWD -- MessageBuild info: version: '4.26.0', revision: '8ccf0219d7'
System info: os.name: 'Windows 11', os.arch: 'amd64', os.version: '10.0', java.version: '21.0.10'
Driver info: org.openqa.selenium.firefox.FirefoxDriver
Command: [ae060de2-6994-4d6c-b97a-c7084a8b0302, getAlertText {}]
Capabilities {acceptInsecureCerts: true, browserName: firefox, browserVersion: 151.0.4, moz:accessibilityChecks: false, moz:buildID: 20260608154138, moz:geckodriverVersion: 0.37.0, moz:headless: false, moz:platformVersion: 10.0, moz:processID: 14436, moz:profile: C:\Users\Pavlova\AppData\Lo..., moz:shutdownTimeout: 60000, moz:webdriverClick: true, moz:windowless: false, pageLoadStrategy: normal, platformName: windows, proxy: Proxy(), setWindowRect: true, strictFileInteractability: false, timeouts: {implicit: 0, pageLoad: 300000, script: 30000}, unhandledPromptBehavior: dismiss and notify, userAgent: Mozilla/5.0 (Windows NT 10....}
Session ID: ae060de2-6994-4d6c-b97a-c7084a8b0302
137747 [Test worker] INFO  manager.ListenerWD -- ***************
137747 [Test worker] INFO  manager.ListenerWD -- ***************
137747 [Test worker] INFO  manager.ListenerWD -- Screen with error is--->src/test/screenshots/screen_1222.png
138290 [Test worker] INFO  tests.TestBase -- Assert check is alert present with error text 'Wrong email or password'
138291 [Test worker] INFO  tests.TestBase -- ==============================================
138293 [Test worker] INFO  tests.TestBase -- Name of method (test) --->registrationSuccess
143304 [Test worker] INFO  tests.TestBase -- Start test with name 'registrationSuccess'
143305 [Test worker] INFO  tests.TestBase -- Registration Test data ---> email: 'pavlova@gmail.com & password: 'Pablo_1001#'
143307 [Test worker] INFO  manager.ListenerWD -- Before find element-->By.cssSelector: a[href='/login']
143322 [Test worker] INFO  manager.ListenerWD -- After find element-->By.cssSelector: a[href='/login']
143329 [Test worker] INFO  manager.ListenerWD -- Location of element-->a
143347 [Test worker] INFO  manager.ListenerWD -- Before click element -->atext-->LOGIN
143421 [Test worker] INFO  manager.ListenerWD -- After click element -->a
143421 [Test worker] INFO  manager.ListenerWD -- Before find element-->By.name: email
143437 [Test worker] INFO  manager.ListenerWD -- After find element-->By.name: email
143444 [Test worker] INFO  manager.ListenerWD -- Location of element-->input
143457 [Test worker] INFO  manager.ListenerWD -- Before click element -->inputtext-->
143520 [Test worker] INFO  manager.ListenerWD -- After click element -->input
143547 [Test worker] INFO  manager.ListenerWD -- sendKeyds-->
143552 [Test worker] INFO  manager.ListenerWD -- sendKeyds_TagName-->input
143580 [Test worker] INFO  manager.ListenerWD -- Before find element-->By.xpath: //input[@placeholder='Password']
143598 [Test worker] INFO  manager.ListenerWD -- After find element-->By.xpath: //input[@placeholder='Password']
143603 [Test worker] INFO  manager.ListenerWD -- Location of element-->input
143617 [Test worker] INFO  manager.ListenerWD -- Before click element -->inputtext-->
143685 [Test worker] INFO  manager.ListenerWD -- After click element -->input
143703 [Test worker] INFO  manager.ListenerWD -- sendKeyds-->
143710 [Test worker] INFO  manager.ListenerWD -- sendKeyds_TagName-->input
143727 [Test worker] INFO  manager.ListenerWD -- Before find element-->By.xpath: //Button[text()='Registration']
143745 [Test worker] INFO  manager.ListenerWD -- After find element-->By.xpath: //Button[text()='Registration']
143751 [Test worker] INFO  manager.ListenerWD -- Location of element-->button
143763 [Test worker] INFO  manager.ListenerWD -- Before click element -->buttontext-->Registration
143833 [Test worker] INFO  manager.ListenerWD -- Before find element-->By.cssSelector: .contact-page_message__2qafk>h1
144795 [Test worker] INFO  manager.ListenerWD -- After find element-->By.cssSelector: .contact-page_message__2qafk>h1
144800 [Test worker] INFO  manager.ListenerWD -- Location of element-->h1
144811 [Test worker] INFO  tests.TestBase -- Assert check is alert present with  text 'No Contacts here!'
144813 [Test worker] INFO  tests.TestBase -- ==============================================
144818 [Test worker] INFO  tests.TestBase -- Name of method (test) --->removeAllContacts
149852 [Test worker] INFO  manager.ListenerWD -- Before find element-->By.xpath: //a[@href='/add']
149871 [Test worker] INFO  manager.ListenerWD -- After find element-->By.xpath: //a[@href='/add']
149877 [Test worker] INFO  manager.ListenerWD -- Location of element-->a
149892 [Test worker] INFO  manager.ListenerWD -- Before click element -->atext-->ADD
149987 [Test worker] INFO  manager.ListenerWD -- After click element -->a
149987 [Test worker] INFO  manager.ListenerWD -- Before find element-->By.xpath: //input[@placeholder='Name']
150002 [Test worker] INFO  manager.ListenerWD -- After find element-->By.xpath: //input[@placeholder='Name']
150011 [Test worker] INFO  manager.ListenerWD -- Location of element-->input
150023 [Test worker] INFO  manager.ListenerWD -- Before click element -->inputtext-->
150090 [Test worker] INFO  manager.ListenerWD -- After click element -->input
150111 [Test worker] INFO  manager.ListenerWD -- sendKeyds-->
150116 [Test worker] INFO  manager.ListenerWD -- sendKeyds_TagName-->input
150130 [Test worker] INFO  manager.ListenerWD -- Before find element-->By.xpath: //input[@placeholder='Last Name']
150147 [Test worker] INFO  manager.ListenerWD -- After find element-->By.xpath: //input[@placeholder='Last Name']
150153 [Test worker] INFO  manager.ListenerWD -- Location of element-->input
150167 [Test worker] INFO  manager.ListenerWD -- Before click element -->inputtext-->
150231 [Test worker] INFO  manager.ListenerWD -- After click element -->input
150250 [Test worker] INFO  manager.ListenerWD -- sendKeyds-->
150251 [Test worker] INFO  manager.ListenerWD -- sendKeyds_TagName-->input
150267 [Test worker] INFO  manager.ListenerWD -- Before find element-->By.xpath: //input[@placeholder='Phone']
150283 [Test worker] INFO  manager.ListenerWD -- After find element-->By.xpath: //input[@placeholder='Phone']
150287 [Test worker] INFO  manager.ListenerWD -- Location of element-->input
150303 [Test worker] INFO  manager.ListenerWD -- Before click element -->inputtext-->
150368 [Test worker] INFO  manager.ListenerWD -- After click element -->input
150384 [Test worker] INFO  manager.ListenerWD -- sendKeyds-->
150388 [Test worker] INFO  manager.ListenerWD -- sendKeyds_TagName-->input
150406 [Test worker] INFO  manager.ListenerWD -- Before find element-->By.xpath: //input[@placeholder='email']
150426 [Test worker] INFO  manager.ListenerWD -- After find element-->By.xpath: //input[@placeholder='email']
150432 [Test worker] INFO  manager.ListenerWD -- Location of element-->input
150446 [Test worker] INFO  manager.ListenerWD -- Before click element -->inputtext-->
150510 [Test worker] INFO  manager.ListenerWD -- After click element -->input
150527 [Test worker] INFO  manager.ListenerWD -- sendKeyds-->
150529 [Test worker] INFO  manager.ListenerWD -- sendKeyds_TagName-->input
150552 [Test worker] INFO  manager.ListenerWD -- Before find element-->By.xpath: //input[@placeholder='Address']
150572 [Test worker] INFO  manager.ListenerWD -- After find element-->By.xpath: //input[@placeholder='Address']
150581 [Test worker] INFO  manager.ListenerWD -- Location of element-->input
150593 [Test worker] INFO  manager.ListenerWD -- Before click element -->inputtext-->
150662 [Test worker] INFO  manager.ListenerWD -- After click element -->input
150679 [Test worker] INFO  manager.ListenerWD -- sendKeyds-->
150684 [Test worker] INFO  manager.ListenerWD -- sendKeyds_TagName-->input
150699 [Test worker] INFO  manager.ListenerWD -- Before find element-->By.xpath: //input[@placeholder='description']
150717 [Test worker] INFO  manager.ListenerWD -- After find element-->By.xpath: //input[@placeholder='description']
150722 [Test worker] INFO  manager.ListenerWD -- Location of element-->input
150737 [Test worker] INFO  manager.ListenerWD -- Before click element -->inputtext-->
150802 [Test worker] INFO  manager.ListenerWD -- After click element -->input
150822 [Test worker] INFO  manager.ListenerWD -- sendKeyds-->
150827 [Test worker] INFO  manager.ListenerWD -- sendKeyds_TagName-->input
150845 [Test worker] INFO  manager.ListenerWD -- Before find element-->By.xpath: //b[text()='Save']
150861 [Test worker] INFO  manager.ListenerWD -- After find element-->By.xpath: //b[text()='Save']
150868 [Test worker] INFO  manager.ListenerWD -- Location of element-->b
150883 [Test worker] INFO  manager.ListenerWD -- Before click element -->btext-->Save
150956 [Test worker] INFO  manager.ListenerWD -- After click element -->b
151461 [Test worker] INFO  manager.ListenerWD -- Before find element-->By.xpath: //a[@href='/add']
151481 [Test worker] INFO  manager.ListenerWD -- After find element-->By.xpath: //a[@href='/add']
151488 [Test worker] INFO  manager.ListenerWD -- Location of element-->a
151500 [Test worker] INFO  manager.ListenerWD -- Before click element -->atext-->ADD
151571 [Test worker] INFO  manager.ListenerWD -- After click element -->a
151571 [Test worker] INFO  manager.ListenerWD -- Before find element-->By.xpath: //input[@placeholder='Name']
151583 [Test worker] INFO  manager.ListenerWD -- After find element-->By.xpath: //input[@placeholder='Name']
151587 [Test worker] INFO  manager.ListenerWD -- Location of element-->input
151602 [Test worker] INFO  manager.ListenerWD -- Before click element -->inputtext-->
151667 [Test worker] INFO  manager.ListenerWD -- After click element -->input
151678 [Test worker] INFO  manager.ListenerWD -- sendKeyds-->
151685 [Test worker] INFO  manager.ListenerWD -- sendKeyds_TagName-->input
151698 [Test worker] INFO  manager.ListenerWD -- Before find element-->By.xpath: //input[@placeholder='Last Name']
151715 [Test worker] INFO  manager.ListenerWD -- After find element-->By.xpath: //input[@placeholder='Last Name']
151721 [Test worker] INFO  manager.ListenerWD -- Location of element-->input
151738 [Test worker] INFO  manager.ListenerWD -- Before click element -->inputtext-->
151807 [Test worker] INFO  manager.ListenerWD -- After click element -->input
151823 [Test worker] INFO  manager.ListenerWD -- sendKeyds-->
151826 [Test worker] INFO  manager.ListenerWD -- sendKeyds_TagName-->input
151840 [Test worker] INFO  manager.ListenerWD -- Before find element-->By.xpath: //input[@placeholder='Phone']
151857 [Test worker] INFO  manager.ListenerWD -- After find element-->By.xpath: //input[@placeholder='Phone']
151860 [Test worker] INFO  manager.ListenerWD -- Location of element-->input
151874 [Test worker] INFO  manager.ListenerWD -- Before click element -->inputtext-->
151940 [Test worker] INFO  manager.ListenerWD -- After click element -->input
151956 [Test worker] INFO  manager.ListenerWD -- sendKeyds-->
151960 [Test worker] INFO  manager.ListenerWD -- sendKeyds_TagName-->input
151978 [Test worker] INFO  manager.ListenerWD -- Before find element-->By.xpath: //input[@placeholder='email']
151995 [Test worker] INFO  manager.ListenerWD -- After find element-->By.xpath: //input[@placeholder='email']
152000 [Test worker] INFO  manager.ListenerWD -- Location of element-->input
152015 [Test worker] INFO  manager.ListenerWD -- Before click element -->inputtext-->
152079 [Test worker] INFO  manager.ListenerWD -- After click element -->input
152091 [Test worker] INFO  manager.ListenerWD -- sendKeyds-->
152097 [Test worker] INFO  manager.ListenerWD -- sendKeyds_TagName-->input
152117 [Test worker] INFO  manager.ListenerWD -- Before find element-->By.xpath: //input[@placeholder='Address']
152133 [Test worker] INFO  manager.ListenerWD -- After find element-->By.xpath: //input[@placeholder='Address']
152138 [Test worker] INFO  manager.ListenerWD -- Location of element-->input
152151 [Test worker] INFO  manager.ListenerWD -- Before click element -->inputtext-->
152217 [Test worker] INFO  manager.ListenerWD -- After click element -->input
152236 [Test worker] INFO  manager.ListenerWD -- sendKeyds-->
152241 [Test worker] INFO  manager.ListenerWD -- sendKeyds_TagName-->input
152255 [Test worker] INFO  manager.ListenerWD -- Before find element-->By.xpath: //input[@placeholder='description']
152271 [Test worker] INFO  manager.ListenerWD -- After find element-->By.xpath: //input[@placeholder='description']
152277 [Test worker] INFO  manager.ListenerWD -- Location of element-->input
152290 [Test worker] INFO  manager.ListenerWD -- Before click element -->inputtext-->
152357 [Test worker] INFO  manager.ListenerWD -- After click element -->input
152372 [Test worker] INFO  manager.ListenerWD -- sendKeyds-->
152377 [Test worker] INFO  manager.ListenerWD -- sendKeyds_TagName-->input
152388 [Test worker] INFO  manager.ListenerWD -- Before find element-->By.xpath: //b[text()='Save']
152407 [Test worker] INFO  manager.ListenerWD -- After find element-->By.xpath: //b[text()='Save']
152407 [Test worker] INFO  manager.ListenerWD -- Location of element-->b
152427 [Test worker] INFO  manager.ListenerWD -- Before click element -->btext-->Save
152493 [Test worker] INFO  manager.ListenerWD -- After click element -->b
153001 [Test worker] INFO  manager.ListenerWD -- Before find element-->By.xpath: //a[@href='/add']
153012 [Test worker] INFO  manager.ListenerWD -- After find element-->By.xpath: //a[@href='/add']
153016 [Test worker] INFO  manager.ListenerWD -- Location of element-->a
153032 [Test worker] INFO  manager.ListenerWD -- Before click element -->atext-->ADD
153099 [Test worker] INFO  manager.ListenerWD -- After click element -->a
153099 [Test worker] INFO  manager.ListenerWD -- Before find element-->By.xpath: //input[@placeholder='Name']
153113 [Test worker] INFO  manager.ListenerWD -- After find element-->By.xpath: //input[@placeholder='Name']
153117 [Test worker] INFO  manager.ListenerWD -- Location of element-->input
153127 [Test worker] INFO  manager.ListenerWD -- Before click element -->inputtext-->
153189 [Test worker] INFO  manager.ListenerWD -- After click element -->input
153199 [Test worker] INFO  manager.ListenerWD -- sendKeyds-->
153206 [Test worker] INFO  manager.ListenerWD -- sendKeyds_TagName-->input
153217 [Test worker] INFO  manager.ListenerWD -- Before find element-->By.xpath: //input[@placeholder='Last Name']
153226 [Test worker] INFO  manager.ListenerWD -- After find element-->By.xpath: //input[@placeholder='Last Name']
153231 [Test worker] INFO  manager.ListenerWD -- Location of element-->input
153241 [Test worker] INFO  manager.ListenerWD -- Before click element -->inputtext-->
153303 [Test worker] INFO  manager.ListenerWD -- After click element -->input
153315 [Test worker] INFO  manager.ListenerWD -- sendKeyds-->
153319 [Test worker] INFO  manager.ListenerWD -- sendKeyds_TagName-->input
153329 [Test worker] INFO  manager.ListenerWD -- Before find element-->By.xpath: //input[@placeholder='Phone']
153339 [Test worker] INFO  manager.ListenerWD -- After find element-->By.xpath: //input[@placeholder='Phone']
153342 [Test worker] INFO  manager.ListenerWD -- Location of element-->input
153352 [Test worker] INFO  manager.ListenerWD -- Before click element -->inputtext-->
153421 [Test worker] INFO  manager.ListenerWD -- After click element -->input
153432 [Test worker] INFO  manager.ListenerWD -- sendKeyds-->
153434 [Test worker] INFO  manager.ListenerWD -- sendKeyds_TagName-->input
153451 [Test worker] INFO  manager.ListenerWD -- Before find element-->By.xpath: //input[@placeholder='email']
153461 [Test worker] INFO  manager.ListenerWD -- After find element-->By.xpath: //input[@placeholder='email']
153463 [Test worker] INFO  manager.ListenerWD -- Location of element-->input
153474 [Test worker] INFO  manager.ListenerWD -- Before click element -->inputtext-->
153537 [Test worker] INFO  manager.ListenerWD -- After click element -->input
153551 [Test worker] INFO  manager.ListenerWD -- sendKeyds-->
153555 [Test worker] INFO  manager.ListenerWD -- sendKeyds_TagName-->input
153572 [Test worker] INFO  manager.ListenerWD -- Before find element-->By.xpath: //input[@placeholder='Address']
153577 [Test worker] INFO  manager.ListenerWD -- After find element-->By.xpath: //input[@placeholder='Address']
153586 [Test worker] INFO  manager.ListenerWD -- Location of element-->input
153593 [Test worker] INFO  manager.ListenerWD -- Before click element -->inputtext-->
153656 [Test worker] INFO  manager.ListenerWD -- After click element -->input
153667 [Test worker] INFO  manager.ListenerWD -- sendKeyds-->
153671 [Test worker] INFO  manager.ListenerWD -- sendKeyds_TagName-->input
153677 [Test worker] INFO  manager.ListenerWD -- Before find element-->By.xpath: //input[@placeholder='description']
153689 [Test worker] INFO  manager.ListenerWD -- After find element-->By.xpath: //input[@placeholder='description']
153696 [Test worker] INFO  manager.ListenerWD -- Location of element-->input
153703 [Test worker] INFO  manager.ListenerWD -- Before click element -->inputtext-->
153765 [Test worker] INFO  manager.ListenerWD -- After click element -->input
153774 [Test worker] INFO  manager.ListenerWD -- sendKeyds-->
153777 [Test worker] INFO  manager.ListenerWD -- sendKeyds_TagName-->input
153789 [Test worker] INFO  manager.ListenerWD -- Before find element-->By.xpath: //b[text()='Save']
153799 [Test worker] INFO  manager.ListenerWD -- After find element-->By.xpath: //b[text()='Save']
153804 [Test worker] INFO  manager.ListenerWD -- Location of element-->b
153813 [Test worker] INFO  manager.ListenerWD -- Before click element -->btext-->Save
153876 [Test worker] INFO  manager.ListenerWD -- After click element -->b
154848 [Test worker] INFO  manager.ListenerWD -- Before find element-->By.cssSelector: .contact-item_card__2SOIM
154857 [Test worker] INFO  manager.ListenerWD -- After find element-->By.cssSelector: .contact-item_card__2SOIM
154864 [Test worker] INFO  manager.ListenerWD -- Location of element-->div
154876 [Test worker] INFO  manager.ListenerWD -- Before click element -->divtext-->Harry
555667771391
154948 [Test worker] INFO  manager.ListenerWD -- After click element -->div
154948 [Test worker] INFO  manager.ListenerWD -- Before find element-->By.xpath: //button[text()='Remove']
154962 [Test worker] INFO  manager.ListenerWD -- After find element-->By.xpath: //button[text()='Remove']
154967 [Test worker] INFO  manager.ListenerWD -- Location of element-->button
154979 [Test worker] INFO  manager.ListenerWD -- Before click element -->buttontext-->Remove
155041 [Test worker] INFO  manager.ListenerWD -- After click element -->button
156079 [Test worker] INFO  manager.ListenerWD -- Before find element-->By.cssSelector: .contact-item_card__2SOIM
156089 [Test worker] INFO  manager.ListenerWD -- After find element-->By.cssSelector: .contact-item_card__2SOIM
156094 [Test worker] INFO  manager.ListenerWD -- Location of element-->div
156105 [Test worker] INFO  manager.ListenerWD -- Before click element -->divtext-->Harry
555667771391
156174 [Test worker] INFO  manager.ListenerWD -- After click element -->div
156174 [Test worker] INFO  manager.ListenerWD -- Before find element-->By.xpath: //button[text()='Remove']
156187 [Test worker] INFO  manager.ListenerWD -- After find element-->By.xpath: //button[text()='Remove']
156193 [Test worker] INFO  manager.ListenerWD -- Location of element-->button
156198 [Test worker] INFO  manager.ListenerWD -- Before click element -->buttontext-->Remove
156267 [Test worker] INFO  manager.ListenerWD -- After click element -->button
157289 [Test worker] INFO  manager.ListenerWD -- Before find element-->By.cssSelector: .contact-item_card__2SOIM
157301 [Test worker] INFO  manager.ListenerWD -- After find element-->By.cssSelector: .contact-item_card__2SOIM
157304 [Test worker] INFO  manager.ListenerWD -- Location of element-->div
157317 [Test worker] INFO  manager.ListenerWD -- Before click element -->divtext-->Harry
555667771521
157387 [Test worker] INFO  manager.ListenerWD -- After click element -->div
157387 [Test worker] INFO  manager.ListenerWD -- Before find element-->By.xpath: //button[text()='Remove']
157399 [Test worker] INFO  manager.ListenerWD -- After find element-->By.xpath: //button[text()='Remove']
157403 [Test worker] INFO  manager.ListenerWD -- Location of element-->button
157414 [Test worker] INFO  manager.ListenerWD -- Before click element -->buttontext-->Remove
157477 [Test worker] INFO  manager.ListenerWD -- After click element -->button
158502 [Test worker] INFO  manager.ListenerWD -- Before find element-->By.cssSelector: .contact-item_card__2SOIM
158516 [Test worker] INFO  manager.ListenerWD -- After find element-->By.cssSelector: .contact-item_card__2SOIM
158521 [Test worker] INFO  manager.ListenerWD -- Location of element-->div
158541 [Test worker] INFO  manager.ListenerWD -- Before click element -->divtext-->Harry
555667771521
158609 [Test worker] INFO  manager.ListenerWD -- After click element -->div
158609 [Test worker] INFO  manager.ListenerWD -- Before find element-->By.xpath: //button[text()='Remove']
163624 [Test worker] INFO  manager.ListenerWD -- Huston, we have a problem!
163624 [Test worker] INFO  manager.ListenerWD -- Failed method:findElement
163626 [Test worker] INFO  manager.ListenerWD -- ***************
163626 [Test worker] INFO  manager.ListenerWD -- Arguments:[By.xpath: //button[text()='Remove']]
163626 [Test worker] INFO  manager.ListenerWD -- ***************
163626 [Test worker] INFO  manager.ListenerWD -- Exception:NoSuchElementException
163626 [Test worker] INFO  manager.ListenerWD -- ***************
163626 [Test worker] INFO  manager.ListenerWD -- MessageUnable to locate element: //button[text()='Remove']
For documentation on this error, please visit: https://www.selenium.dev/documentation/webdriver/troubleshooting/errors#no-such-element-exception
Build info: version: '4.26.0', revision: '8ccf0219d7'
System info: os.name: 'Windows 11', os.arch: 'amd64', os.version: '10.0', java.version: '21.0.10'
Driver info: org.openqa.selenium.firefox.FirefoxDriver
Command: [ae060de2-6994-4d6c-b97a-c7084a8b0302, findElement {value=//button[text()='Remove'], using=xpath}]
Capabilities {acceptInsecureCerts: true, browserName: firefox, browserVersion: 151.0.4, moz:accessibilityChecks: false, moz:buildID: 20260608154138, moz:geckodriverVersion: 0.37.0, moz:headless: false, moz:platformVersion: 10.0, moz:processID: 14436, moz:profile: C:\Users\Pavlova\AppData\Lo..., moz:shutdownTimeout: 60000, moz:webdriverClick: true, moz:windowless: false, pageLoadStrategy: normal, platformName: windows, proxy: Proxy(), setWindowRect: true, strictFileInteractability: false, timeouts: {implicit: 0, pageLoad: 300000, script: 30000}, unhandledPromptBehavior: dismiss and notify, userAgent: Mozilla/5.0 (Windows NT 10....}
Session ID: ae060de2-6994-4d6c-b97a-c7084a8b0302
163626 [Test worker] INFO  manager.ListenerWD -- ***************
163627 [Test worker] INFO  manager.ListenerWD -- ***************
163627 [Test worker] INFO  manager.ListenerWD -- Screen with error is--->src/test/screenshots/screen_1363.png
163631 [Test worker] INFO  tests.TestBase -- ==============================================
163631 [Test worker] INFO  tests.TestBase -- Name of method (test) --->removeFirstContact
163670 [Test worker] INFO  manager.ListenerWD -- Before find element-->By.xpath: //a[@href='/add']
163683 [Test worker] INFO  manager.ListenerWD -- After find element-->By.xpath: //a[@href='/add']
163691 [Test worker] INFO  manager.ListenerWD -- Location of element-->a
163701 [Test worker] INFO  manager.ListenerWD -- Before click element -->atext-->ADD
163772 [Test worker] INFO  manager.ListenerWD -- After click element -->a
163772 [Test worker] INFO  manager.ListenerWD -- Before find element-->By.xpath: //input[@placeholder='Name']
163787 [Test worker] INFO  manager.ListenerWD -- After find element-->By.xpath: //input[@placeholder='Name']
163791 [Test worker] INFO  manager.ListenerWD -- Location of element-->input
163799 [Test worker] INFO  manager.ListenerWD -- Before click element -->inputtext-->
163862 [Test worker] INFO  manager.ListenerWD -- After click element -->input
163877 [Test worker] INFO  manager.ListenerWD -- sendKeyds-->
163882 [Test worker] INFO  manager.ListenerWD -- sendKeyds_TagName-->input
163893 [Test worker] INFO  manager.ListenerWD -- Before find element-->By.xpath: //input[@placeholder='Last Name']
163905 [Test worker] INFO  manager.ListenerWD -- After find element-->By.xpath: //input[@placeholder='Last Name']
163908 [Test worker] INFO  manager.ListenerWD -- Location of element-->input
163919 [Test worker] INFO  manager.ListenerWD -- Before click element -->inputtext-->
163979 [Test worker] INFO  manager.ListenerWD -- After click element -->input
163992 [Test worker] INFO  manager.ListenerWD -- sendKeyds-->
164001 [Test worker] INFO  manager.ListenerWD -- sendKeyds_TagName-->input
164012 [Test worker] INFO  manager.ListenerWD -- Before find element-->By.xpath: //input[@placeholder='Phone']
164024 [Test worker] INFO  manager.ListenerWD -- After find element-->By.xpath: //input[@placeholder='Phone']
164028 [Test worker] INFO  manager.ListenerWD -- Location of element-->input
164036 [Test worker] INFO  manager.ListenerWD -- Before click element -->inputtext-->
164105 [Test worker] INFO  manager.ListenerWD -- After click element -->input
164117 [Test worker] INFO  manager.ListenerWD -- sendKeyds-->
164122 [Test worker] INFO  manager.ListenerWD -- sendKeyds_TagName-->input
164137 [Test worker] INFO  manager.ListenerWD -- Before find element-->By.xpath: //input[@placeholder='email']
164148 [Test worker] INFO  manager.ListenerWD -- After find element-->By.xpath: //input[@placeholder='email']
164152 [Test worker] INFO  manager.ListenerWD -- Location of element-->input
164164 [Test worker] INFO  manager.ListenerWD -- Before click element -->inputtext-->
164226 [Test worker] INFO  manager.ListenerWD -- After click element -->input
164237 [Test worker] INFO  manager.ListenerWD -- sendKeyds-->
164240 [Test worker] INFO  manager.ListenerWD -- sendKeyds_TagName-->input
164261 [Test worker] INFO  manager.ListenerWD -- Before find element-->By.xpath: //input[@placeholder='Address']
164268 [Test worker] INFO  manager.ListenerWD -- After find element-->By.xpath: //input[@placeholder='Address']
164277 [Test worker] INFO  manager.ListenerWD -- Location of element-->input
164291 [Test worker] INFO  manager.ListenerWD -- Before click element -->inputtext-->
164353 [Test worker] INFO  manager.ListenerWD -- After click element -->input
164367 [Test worker] INFO  manager.ListenerWD -- sendKeyds-->
164367 [Test worker] INFO  manager.ListenerWD -- sendKeyds_TagName-->input
164382 [Test worker] INFO  manager.ListenerWD -- Before find element-->By.xpath: //input[@placeholder='description']
164397 [Test worker] INFO  manager.ListenerWD -- After find element-->By.xpath: //input[@placeholder='description']
164403 [Test worker] INFO  manager.ListenerWD -- Location of element-->input
164412 [Test worker] INFO  manager.ListenerWD -- Before click element -->inputtext-->
164477 [Test worker] INFO  manager.ListenerWD -- After click element -->input
164491 [Test worker] INFO  manager.ListenerWD -- sendKeyds-->
164493 [Test worker] INFO  manager.ListenerWD -- sendKeyds_TagName-->input
164505 [Test worker] INFO  manager.ListenerWD -- Before find element-->By.xpath: //b[text()='Save']
164518 [Test worker] INFO  manager.ListenerWD -- After find element-->By.xpath: //b[text()='Save']
164522 [Test worker] INFO  manager.ListenerWD -- Location of element-->b
164534 [Test worker] INFO  manager.ListenerWD -- Before click element -->btext-->Save
164599 [Test worker] INFO  manager.ListenerWD -- After click element -->b
165109 [Test worker] INFO  manager.ListenerWD -- Before find element-->By.xpath: //a[@href='/add']
165116 [Test worker] INFO  manager.ListenerWD -- After find element-->By.xpath: //a[@href='/add']
165125 [Test worker] INFO  manager.ListenerWD -- Location of element-->a
165135 [Test worker] INFO  manager.ListenerWD -- Before click element -->atext-->ADD
165208 [Test worker] INFO  manager.ListenerWD -- After click element -->a
165210 [Test worker] INFO  manager.ListenerWD -- Before find element-->By.xpath: //input[@placeholder='Name']
165222 [Test worker] INFO  manager.ListenerWD -- After find element-->By.xpath: //input[@placeholder='Name']
165227 [Test worker] INFO  manager.ListenerWD -- Location of element-->input
165238 [Test worker] INFO  manager.ListenerWD -- Before click element -->inputtext-->
165302 [Test worker] INFO  manager.ListenerWD -- After click element -->input
165318 [Test worker] INFO  manager.ListenerWD -- sendKeyds-->
165321 [Test worker] INFO  manager.ListenerWD -- sendKeyds_TagName-->input
165331 [Test worker] INFO  manager.ListenerWD -- Before find element-->By.xpath: //input[@placeholder='Last Name']
165342 [Test worker] INFO  manager.ListenerWD -- After find element-->By.xpath: //input[@placeholder='Last Name']
165347 [Test worker] INFO  manager.ListenerWD -- Location of element-->input
165360 [Test worker] INFO  manager.ListenerWD -- Before click element -->inputtext-->
165427 [Test worker] INFO  manager.ListenerWD -- After click element -->input
165439 [Test worker] INFO  manager.ListenerWD -- sendKeyds-->
165442 [Test worker] INFO  manager.ListenerWD -- sendKeyds_TagName-->input
165450 [Test worker] INFO  manager.ListenerWD -- Before find element-->By.xpath: //input[@placeholder='Phone']
165462 [Test worker] INFO  manager.ListenerWD -- After find element-->By.xpath: //input[@placeholder='Phone']
165469 [Test worker] INFO  manager.ListenerWD -- Location of element-->input
165482 [Test worker] INFO  manager.ListenerWD -- Before click element -->inputtext-->
165544 [Test worker] INFO  manager.ListenerWD -- After click element -->input
165557 [Test worker] INFO  manager.ListenerWD -- sendKeyds-->
165561 [Test worker] INFO  manager.ListenerWD -- sendKeyds_TagName-->input
165577 [Test worker] INFO  manager.ListenerWD -- Before find element-->By.xpath: //input[@placeholder='email']
165588 [Test worker] INFO  manager.ListenerWD -- After find element-->By.xpath: //input[@placeholder='email']
165597 [Test worker] INFO  manager.ListenerWD -- Location of element-->input
165608 [Test worker] INFO  manager.ListenerWD -- Before click element -->inputtext-->
165668 [Test worker] INFO  manager.ListenerWD -- After click element -->input
165684 [Test worker] INFO  manager.ListenerWD -- sendKeyds-->
165687 [Test worker] INFO  manager.ListenerWD -- sendKeyds_TagName-->input
165706 [Test worker] INFO  manager.ListenerWD -- Before find element-->By.xpath: //input[@placeholder='Address']
165720 [Test worker] INFO  manager.ListenerWD -- After find element-->By.xpath: //input[@placeholder='Address']
165723 [Test worker] INFO  manager.ListenerWD -- Location of element-->input
165737 [Test worker] INFO  manager.ListenerWD -- Before click element -->inputtext-->
165801 [Test worker] INFO  manager.ListenerWD -- After click element -->input
165812 [Test worker] INFO  manager.ListenerWD -- sendKeyds-->
165825 [Test worker] INFO  manager.ListenerWD -- sendKeyds_TagName-->input
165840 [Test worker] INFO  manager.ListenerWD -- Before find element-->By.xpath: //input[@placeholder='description']
165859 [Test worker] INFO  manager.ListenerWD -- After find element-->By.xpath: //input[@placeholder='description']
165860 [Test worker] INFO  manager.ListenerWD -- Location of element-->input
165873 [Test worker] INFO  manager.ListenerWD -- Before click element -->inputtext-->
165943 [Test worker] INFO  manager.ListenerWD -- After click element -->input
165957 [Test worker] INFO  manager.ListenerWD -- sendKeyds-->
165957 [Test worker] INFO  manager.ListenerWD -- sendKeyds_TagName-->input
165972 [Test worker] INFO  manager.ListenerWD -- Before find element-->By.xpath: //b[text()='Save']
165984 [Test worker] INFO  manager.ListenerWD -- After find element-->By.xpath: //b[text()='Save']
165989 [Test worker] INFO  manager.ListenerWD -- Location of element-->b
166000 [Test worker] INFO  manager.ListenerWD -- Before click element -->btext-->Save
166069 [Test worker] INFO  manager.ListenerWD -- After click element -->b
166574 [Test worker] INFO  manager.ListenerWD -- Before find element-->By.xpath: //a[@href='/add']
166587 [Test worker] INFO  manager.ListenerWD -- After find element-->By.xpath: //a[@href='/add']
166592 [Test worker] INFO  manager.ListenerWD -- Location of element-->a
166602 [Test worker] INFO  manager.ListenerWD -- Before click element -->atext-->ADD
166672 [Test worker] INFO  manager.ListenerWD -- After click element -->a
166672 [Test worker] INFO  manager.ListenerWD -- Before find element-->By.xpath: //input[@placeholder='Name']
166684 [Test worker] INFO  manager.ListenerWD -- After find element-->By.xpath: //input[@placeholder='Name']
166687 [Test worker] INFO  manager.ListenerWD -- Location of element-->input
166699 [Test worker] INFO  manager.ListenerWD -- Before click element -->inputtext-->
166762 [Test worker] INFO  manager.ListenerWD -- After click element -->input
166772 [Test worker] INFO  manager.ListenerWD -- sendKeyds-->
166776 [Test worker] INFO  manager.ListenerWD -- sendKeyds_TagName-->input
166787 [Test worker] INFO  manager.ListenerWD -- Before find element-->By.xpath: //input[@placeholder='Last Name']
166799 [Test worker] INFO  manager.ListenerWD -- After find element-->By.xpath: //input[@placeholder='Last Name']
166802 [Test worker] INFO  manager.ListenerWD -- Location of element-->input
166812 [Test worker] INFO  manager.ListenerWD -- Before click element -->inputtext-->
166872 [Test worker] INFO  manager.ListenerWD -- After click element -->input
166887 [Test worker] INFO  manager.ListenerWD -- sendKeyds-->
166887 [Test worker] INFO  manager.ListenerWD -- sendKeyds_TagName-->input
166903 [Test worker] INFO  manager.ListenerWD -- Before find element-->By.xpath: //input[@placeholder='Phone']
166912 [Test worker] INFO  manager.ListenerWD -- After find element-->By.xpath: //input[@placeholder='Phone']
166917 [Test worker] INFO  manager.ListenerWD -- Location of element-->input
166927 [Test worker] INFO  manager.ListenerWD -- Before click element -->inputtext-->
166994 [Test worker] INFO  manager.ListenerWD -- After click element -->input
167002 [Test worker] INFO  manager.ListenerWD -- sendKeyds-->
167007 [Test worker] INFO  manager.ListenerWD -- sendKeyds_TagName-->input
167022 [Test worker] INFO  manager.ListenerWD -- Before find element-->By.xpath: //input[@placeholder='email']
167035 [Test worker] INFO  manager.ListenerWD -- After find element-->By.xpath: //input[@placeholder='email']
167040 [Test worker] INFO  manager.ListenerWD -- Location of element-->input
167051 [Test worker] INFO  manager.ListenerWD -- Before click element -->inputtext-->
167113 [Test worker] INFO  manager.ListenerWD -- After click element -->input
167129 [Test worker] INFO  manager.ListenerWD -- sendKeyds-->
167132 [Test worker] INFO  manager.ListenerWD -- sendKeyds_TagName-->input
167153 [Test worker] INFO  manager.ListenerWD -- Before find element-->By.xpath: //input[@placeholder='Address']
167167 [Test worker] INFO  manager.ListenerWD -- After find element-->By.xpath: //input[@placeholder='Address']
167170 [Test worker] INFO  manager.ListenerWD -- Location of element-->input
167180 [Test worker] INFO  manager.ListenerWD -- Before click element -->inputtext-->
167245 [Test worker] INFO  manager.ListenerWD -- After click element -->input
167257 [Test worker] INFO  manager.ListenerWD -- sendKeyds-->
167260 [Test worker] INFO  manager.ListenerWD -- sendKeyds_TagName-->input
167270 [Test worker] INFO  manager.ListenerWD -- Before find element-->By.xpath: //input[@placeholder='description']
167283 [Test worker] INFO  manager.ListenerWD -- After find element-->By.xpath: //input[@placeholder='description']
167289 [Test worker] INFO  manager.ListenerWD -- Location of element-->input
167301 [Test worker] INFO  manager.ListenerWD -- Before click element -->inputtext-->
167362 [Test worker] INFO  manager.ListenerWD -- After click element -->input
167374 [Test worker] INFO  manager.ListenerWD -- sendKeyds-->
167378 [Test worker] INFO  manager.ListenerWD -- sendKeyds_TagName-->input
167391 [Test worker] INFO  manager.ListenerWD -- Before find element-->By.xpath: //b[text()='Save']
167405 [Test worker] INFO  manager.ListenerWD -- After find element-->By.xpath: //b[text()='Save']
167409 [Test worker] INFO  manager.ListenerWD -- Location of element-->b
167419 [Test worker] INFO  manager.ListenerWD -- Before click element -->btext-->Save
167484 [Test worker] INFO  manager.ListenerWD -- After click element -->b
168079 [Test worker] INFO  manager.HelperBase -- Number of Contacts before remove is-->4
168079 [Test worker] INFO  manager.ListenerWD -- Before find element-->By.cssSelector: .contact-item_card__2SOIM
168094 [Test worker] INFO  manager.ListenerWD -- After find element-->By.cssSelector: .contact-item_card__2SOIM
168100 [Test worker] INFO  manager.ListenerWD -- Location of element-->div
168116 [Test worker] INFO  manager.ListenerWD -- Before click element -->divtext-->Harry
555667771197
168184 [Test worker] INFO  manager.ListenerWD -- After click element -->div
168184 [Test worker] INFO  manager.ListenerWD -- Before find element-->By.xpath: //button[text()='Remove']
168199 [Test worker] INFO  manager.ListenerWD -- After find element-->By.xpath: //button[text()='Remove']
168203 [Test worker] INFO  manager.ListenerWD -- Location of element-->button
168218 [Test worker] INFO  manager.ListenerWD -- Before click element -->buttontext-->Remove
168283 [Test worker] INFO  manager.ListenerWD -- After click element -->button
169314 [Test worker] INFO  manager.HelperBase -- Number of Contacts after remove is-->3
169314 [Test worker] INFO  tests.TestBase -- ==============================================
