1360 [Test worker] INFO  manager.ApplicationManager -- All tests runs in Chrome Browser
2726 [Test worker] INFO  manager.ApplicationManager -- The link --->https://telranedu.web.app/home
2749 [Test worker] INFO  tests.TestBase -- Name of method (test) --->registrationLose
7772 [Test worker] INFO  tests.TestBase -- Registration Test data ---> email: 'ззщшщг@gmail.com & password: '20042005'
7781 [Test worker] INFO  manager.ListenerWD -- Before find element-->By.cssSelector: a[href='/login']
7800 [Test worker] INFO  manager.ListenerWD -- After find element-->By.cssSelector: a[href='/login']
7804 [Test worker] INFO  manager.ListenerWD -- Location of element-->a
7819 [Test worker] INFO  manager.ListenerWD -- Before click element -->atext-->LOGIN
7872 [Test worker] INFO  manager.ListenerWD -- After click element -->a
7872 [Test worker] INFO  manager.ListenerWD -- Before find element-->By.name: email
7896 [Test worker] INFO  manager.ListenerWD -- After find element-->By.name: email
7902 [Test worker] INFO  manager.ListenerWD -- Location of element-->input
7924 [Test worker] INFO  manager.ListenerWD -- Before click element -->inputtext-->
7961 [Test worker] INFO  manager.ListenerWD -- After click element -->input
7990 [Test worker] INFO  manager.ListenerWD -- sendKeyds-->
7997 [Test worker] INFO  manager.ListenerWD -- sendKeyds_TagName-->input
8048 [Test worker] INFO  manager.ListenerWD -- Before find element-->By.xpath: //input[@placeholder='Password']
8066 [Test worker] INFO  manager.ListenerWD -- After find element-->By.xpath: //input[@placeholder='Password']
8072 [Test worker] INFO  manager.ListenerWD -- Location of element-->input
8082 [Test worker] INFO  manager.ListenerWD -- Before click element -->inputtext-->
8119 [Test worker] INFO  manager.ListenerWD -- After click element -->input
8143 [Test worker] INFO  manager.ListenerWD -- sendKeyds-->
8148 [Test worker] INFO  manager.ListenerWD -- sendKeyds_TagName-->input
8158 [Test worker] INFO  manager.ListenerWD -- Before find element-->By.xpath: //Button[text()='Registration']
8182 [Test worker] INFO  manager.ListenerWD -- After find element-->By.xpath: //Button[text()='Registration']
8186 [Test worker] INFO  manager.ListenerWD -- Location of element-->button
8195 [Test worker] INFO  manager.ListenerWD -- Before click element -->buttontext-->Registration
8252 [Test worker] INFO  manager.ListenerWD -- Huston, we have a problem!
8252 [Test worker] INFO  manager.ListenerWD -- Failed method:alert
8252 [Test worker] INFO  manager.ListenerWD -- ***************
8252 [Test worker] INFO  manager.ListenerWD -- Arguments:null
8253 [Test worker] INFO  manager.ListenerWD -- ***************
8253 [Test worker] INFO  manager.ListenerWD -- Exception:NoAlertPresentException
8253 [Test worker] INFO  manager.ListenerWD -- ***************
8253 [Test worker] INFO  manager.ListenerWD -- Messageno such alert
  (Session info: chrome=148.0.7778.216)
Build info: version: '4.26.0', revision: '8ccf0219d7'
System info: os.name: 'Windows 11', os.arch: 'amd64', os.version: '10.0', java.version: '21.0.10'
Driver info: org.openqa.selenium.chrome.ChromeDriver
Command: [72515d05c1476f6155101c75f1238583, getAlertText {}]
Capabilities {acceptInsecureCerts: false, browserName: chrome, browserVersion: 148.0.7778.216, chrome: {chromedriverVersion: 148.0.7778.167 (65db666ac2c..., userDataDir: C:\Users\Pavlova\AppData\Lo...}, fedcm:accounts: true, goog:chromeOptions: {debuggerAddress: localhost:22032}, goog:processID: 3560, networkConnectionEnabled: false, pageLoadStrategy: normal, platformName: windows, proxy: Proxy(), se:cdp: ws://localhost:22032/devtoo..., se:cdpVersion: 148.0.7778.216, setWindowRect: true, strictFileInteractability: false, timeouts: {implicit: 0, pageLoad: 300000, script: 30000}, unhandledPromptBehavior: dismiss and notify, webauthn:extension:credBlob: true, webauthn:extension:largeBlob: true, webauthn:extension:minPinLength: true, webauthn:extension:prf: true, webauthn:virtualAuthenticators: true}
Session ID: 72515d05c1476f6155101c75f1238583
8253 [Test worker] INFO  manager.ListenerWD -- ***************
8253 [Test worker] INFO  manager.ListenerWD -- ***************
8253 [Test worker] INFO  manager.ListenerWD -- Screen with error is--->src/test/screenshots/screen_1030.png
8772 [Test worker] INFO  manager.ListenerWD -- Huston, we have a problem!
8772 [Test worker] INFO  manager.ListenerWD -- Failed method:alert
8772 [Test worker] INFO  manager.ListenerWD -- ***************
8772 [Test worker] INFO  manager.ListenerWD -- Arguments:null
8772 [Test worker] INFO  manager.ListenerWD -- ***************
8772 [Test worker] INFO  manager.ListenerWD -- Exception:NoAlertPresentException
8772 [Test worker] INFO  manager.ListenerWD -- ***************
8772 [Test worker] INFO  manager.ListenerWD -- Messageno such alert
  (Session info: chrome=148.0.7778.216)
Build info: version: '4.26.0', revision: '8ccf0219d7'
System info: os.name: 'Windows 11', os.arch: 'amd64', os.version: '10.0', java.version: '21.0.10'
Driver info: org.openqa.selenium.chrome.ChromeDriver
Command: [72515d05c1476f6155101c75f1238583, getAlertText {}]
Capabilities {acceptInsecureCerts: false, browserName: chrome, browserVersion: 148.0.7778.216, chrome: {chromedriverVersion: 148.0.7778.167 (65db666ac2c..., userDataDir: C:\Users\Pavlova\AppData\Lo...}, fedcm:accounts: true, goog:chromeOptions: {debuggerAddress: localhost:22032}, goog:processID: 3560, networkConnectionEnabled: false, pageLoadStrategy: normal, platformName: windows, proxy: Proxy(), se:cdp: ws://localhost:22032/devtoo..., se:cdpVersion: 148.0.7778.216, setWindowRect: true, strictFileInteractability: false, timeouts: {implicit: 0, pageLoad: 300000, script: 30000}, unhandledPromptBehavior: dismiss and notify, webauthn:extension:credBlob: true, webauthn:extension:largeBlob: true, webauthn:extension:minPinLength: true, webauthn:extension:prf: true, webauthn:virtualAuthenticators: true}
Session ID: 72515d05c1476f6155101c75f1238583
8772 [Test worker] INFO  manager.ListenerWD -- ***************
8772 [Test worker] INFO  manager.ListenerWD -- ***************
8772 [Test worker] INFO  manager.ListenerWD -- Screen with error is--->src/test/screenshots/screen_1472.png
9278 [Test worker] INFO  manager.ListenerWD -- Huston, we have a problem!
9278 [Test worker] INFO  manager.ListenerWD -- Failed method:alert
9278 [Test worker] INFO  manager.ListenerWD -- ***************
9278 [Test worker] INFO  manager.ListenerWD -- Arguments:null
9278 [Test worker] INFO  manager.ListenerWD -- ***************
9283 [Test worker] INFO  manager.ListenerWD -- Exception:NoAlertPresentException
9283 [Test worker] INFO  manager.ListenerWD -- ***************
9283 [Test worker] INFO  manager.ListenerWD -- Messageno such alert
  (Session info: chrome=148.0.7778.216)
Build info: version: '4.26.0', revision: '8ccf0219d7'
System info: os.name: 'Windows 11', os.arch: 'amd64', os.version: '10.0', java.version: '21.0.10'
Driver info: org.openqa.selenium.chrome.ChromeDriver
Command: [72515d05c1476f6155101c75f1238583, getAlertText {}]
Capabilities {acceptInsecureCerts: false, browserName: chrome, browserVersion: 148.0.7778.216, chrome: {chromedriverVersion: 148.0.7778.167 (65db666ac2c..., userDataDir: C:\Users\Pavlova\AppData\Lo...}, fedcm:accounts: true, goog:chromeOptions: {debuggerAddress: localhost:22032}, goog:processID: 3560, networkConnectionEnabled: false, pageLoadStrategy: normal, platformName: windows, proxy: Proxy(), se:cdp: ws://localhost:22032/devtoo..., se:cdpVersion: 148.0.7778.216, setWindowRect: true, strictFileInteractability: false, timeouts: {implicit: 0, pageLoad: 300000, script: 30000}, unhandledPromptBehavior: dismiss and notify, webauthn:extension:credBlob: true, webauthn:extension:largeBlob: true, webauthn:extension:minPinLength: true, webauthn:extension:prf: true, webauthn:virtualAuthenticators: true}
Session ID: 72515d05c1476f6155101c75f1238583
9283 [Test worker] INFO  manager.ListenerWD -- ***************
9283 [Test worker] INFO  manager.ListenerWD -- ***************
9283 [Test worker] INFO  manager.ListenerWD -- Screen with error is--->src/test/screenshots/screen_1977.png
9812 [Test worker] INFO  tests.TestBase -- Assert check is alert present with error text 'No Contacts here!'
9813 [Test worker] INFO  tests.TestBase -- ==============================================
9816 [Test worker] INFO  tests.TestBase -- Name of method (test) --->registrationLose2
14833 [Test worker] INFO  tests.TestBase -- Registration Test data ---> email: 'יעיעיע@gmail.com & password: '890665R'
14833 [Test worker] INFO  manager.ListenerWD -- Before find element-->By.cssSelector: a[href='/login']
14848 [Test worker] INFO  manager.ListenerWD -- After find element-->By.cssSelector: a[href='/login']
14854 [Test worker] INFO  manager.ListenerWD -- Location of element-->a
14863 [Test worker] INFO  manager.ListenerWD -- Before click element -->atext-->LOGIN
14900 [Test worker] INFO  manager.ListenerWD -- After click element -->a
14900 [Test worker] INFO  manager.ListenerWD -- Before find element-->By.name: email
14913 [Test worker] INFO  manager.ListenerWD -- After find element-->By.name: email
14916 [Test worker] INFO  manager.ListenerWD -- Location of element-->input
14925 [Test worker] INFO  manager.ListenerWD -- Before click element -->inputtext-->
14965 [Test worker] INFO  manager.ListenerWD -- After click element -->input
14987 [Test worker] INFO  manager.ListenerWD -- sendKeyds-->
14991 [Test worker] INFO  manager.ListenerWD -- sendKeyds_TagName-->input
15024 [Test worker] INFO  manager.ListenerWD -- Before find element-->By.xpath: //input[@placeholder='Password']
15031 [Test worker] INFO  manager.ListenerWD -- After find element-->By.xpath: //input[@placeholder='Password']
15040 [Test worker] INFO  manager.ListenerWD -- Location of element-->input
15047 [Test worker] INFO  manager.ListenerWD -- Before click element -->inputtext-->
15106 [Test worker] INFO  manager.ListenerWD -- After click element -->input
15135 [Test worker] INFO  manager.ListenerWD -- sendKeyds-->
15138 [Test worker] INFO  manager.ListenerWD -- sendKeyds_TagName-->input
15166 [Test worker] INFO  manager.ListenerWD -- Before find element-->By.xpath: //Button[text()='Registration']
15180 [Test worker] INFO  manager.ListenerWD -- After find element-->By.xpath: //Button[text()='Registration']
15180 [Test worker] INFO  manager.ListenerWD -- Location of element-->button
15193 [Test worker] INFO  manager.ListenerWD -- Before click element -->buttontext-->Registration
15237 [Test worker] INFO  manager.ListenerWD -- Huston, we have a problem!
15237 [Test worker] INFO  manager.ListenerWD -- Failed method:alert
15237 [Test worker] INFO  manager.ListenerWD -- ***************
15237 [Test worker] INFO  manager.ListenerWD -- Arguments:null
15237 [Test worker] INFO  manager.ListenerWD -- ***************
15237 [Test worker] INFO  manager.ListenerWD -- Exception:NoAlertPresentException
15237 [Test worker] INFO  manager.ListenerWD -- ***************
15237 [Test worker] INFO  manager.ListenerWD -- Messageno such alert
  (Session info: chrome=148.0.7778.216)
Build info: version: '4.26.0', revision: '8ccf0219d7'
System info: os.name: 'Windows 11', os.arch: 'amd64', os.version: '10.0', java.version: '21.0.10'
Driver info: org.openqa.selenium.chrome.ChromeDriver
Command: [72515d05c1476f6155101c75f1238583, getAlertText {}]
Capabilities {acceptInsecureCerts: false, browserName: chrome, browserVersion: 148.0.7778.216, chrome: {chromedriverVersion: 148.0.7778.167 (65db666ac2c..., userDataDir: C:\Users\Pavlova\AppData\Lo...}, fedcm:accounts: true, goog:chromeOptions: {debuggerAddress: localhost:22032}, goog:processID: 3560, networkConnectionEnabled: false, pageLoadStrategy: normal, platformName: windows, proxy: Proxy(), se:cdp: ws://localhost:22032/devtoo..., se:cdpVersion: 148.0.7778.216, setWindowRect: true, strictFileInteractability: false, timeouts: {implicit: 0, pageLoad: 300000, script: 30000}, unhandledPromptBehavior: dismiss and notify, webauthn:extension:credBlob: true, webauthn:extension:largeBlob: true, webauthn:extension:minPinLength: true, webauthn:extension:prf: true, webauthn:virtualAuthenticators: true}
Session ID: 72515d05c1476f6155101c75f1238583
15237 [Test worker] INFO  manager.ListenerWD -- ***************
15237 [Test worker] INFO  manager.ListenerWD -- ***************
15237 [Test worker] INFO  manager.ListenerWD -- Screen with error is--->src/test/screenshots/screen_1415.png
15763 [Test worker] INFO  tests.TestBase -- Assert check is alert present with error text 'Wrong email or password'
15766 [Test worker] INFO  tests.TestBase -- ==============================================
15766 [Test worker] INFO  tests.TestBase -- Name of method (test) --->registrationSuccess
20807 [Test worker] INFO  tests.TestBase -- Start test with name 'registrationSuccess'
20807 [Test worker] INFO  tests.TestBase -- Registration Test data ---> email: 'pavlova@gmail.com & password: 'Pablo_1001#'
20807 [Test worker] INFO  manager.ListenerWD -- Before find element-->By.cssSelector: a[href='/login']
20819 [Test worker] INFO  manager.ListenerWD -- After find element-->By.cssSelector: a[href='/login']
20824 [Test worker] INFO  manager.ListenerWD -- Location of element-->a
20831 [Test worker] INFO  manager.ListenerWD -- Before click element -->atext-->LOGIN
20868 [Test worker] INFO  manager.ListenerWD -- After click element -->a
20868 [Test worker] INFO  manager.ListenerWD -- Before find element-->By.name: email
20877 [Test worker] INFO  manager.ListenerWD -- After find element-->By.name: email
20882 [Test worker] INFO  manager.ListenerWD -- Location of element-->input
20891 [Test worker] INFO  manager.ListenerWD -- Before click element -->inputtext-->
20924 [Test worker] INFO  manager.ListenerWD -- After click element -->input
20947 [Test worker] INFO  manager.ListenerWD -- sendKeyds-->
20952 [Test worker] INFO  manager.ListenerWD -- sendKeyds_TagName-->input
20984 [Test worker] INFO  manager.ListenerWD -- Before find element-->By.xpath: //input[@placeholder='Password']
20994 [Test worker] INFO  manager.ListenerWD -- After find element-->By.xpath: //input[@placeholder='Password']
20998 [Test worker] INFO  manager.ListenerWD -- Location of element-->input
21006 [Test worker] INFO  manager.ListenerWD -- Before click element -->inputtext-->
21037 [Test worker] INFO  manager.ListenerWD -- After click element -->input
21059 [Test worker] INFO  manager.ListenerWD -- sendKeyds-->
21063 [Test worker] INFO  manager.ListenerWD -- sendKeyds_TagName-->input
21090 [Test worker] INFO  manager.ListenerWD -- Before find element-->By.xpath: //Button[text()='Registration']
21096 [Test worker] INFO  manager.ListenerWD -- After find element-->By.xpath: //Button[text()='Registration']
21104 [Test worker] INFO  manager.ListenerWD -- Location of element-->button
21112 [Test worker] INFO  manager.ListenerWD -- Before click element -->buttontext-->Registration
21141 [Test worker] INFO  manager.ListenerWD -- Before find element-->By.cssSelector: .contact-page_message__2qafk>h1
21916 [Test worker] INFO  manager.ListenerWD -- After find element-->By.cssSelector: .contact-page_message__2qafk>h1
21920 [Test worker] INFO  manager.ListenerWD -- Location of element-->h1
21926 [Test worker] INFO  tests.TestBase -- Assert check is alert present with  text 'No Contacts here!'
21927 [Test worker] INFO  tests.TestBase -- ==============================================
21929 [Test worker] INFO  tests.TestBase -- Name of method (test) --->removeAllContacts
26980 [Test worker] INFO  manager.ListenerWD -- Before find element-->By.xpath: //a[@href='/add']
26990 [Test worker] INFO  manager.ListenerWD -- After find element-->By.xpath: //a[@href='/add']
26998 [Test worker] INFO  manager.ListenerWD -- Location of element-->a
27007 [Test worker] INFO  manager.ListenerWD -- Before click element -->atext-->ADD
27048 [Test worker] INFO  manager.ListenerWD -- After click element -->a
27048 [Test worker] INFO  manager.ListenerWD -- Before find element-->By.xpath: //input[@placeholder='Name']
27064 [Test worker] INFO  manager.ListenerWD -- After find element-->By.xpath: //input[@placeholder='Name']
27068 [Test worker] INFO  manager.ListenerWD -- Location of element-->input
27077 [Test worker] INFO  manager.ListenerWD -- Before click element -->inputtext-->
27115 [Test worker] INFO  manager.ListenerWD -- After click element -->input
27134 [Test worker] INFO  manager.ListenerWD -- sendKeyds-->
27138 [Test worker] INFO  manager.ListenerWD -- sendKeyds_TagName-->input
27155 [Test worker] INFO  manager.ListenerWD -- Before find element-->By.xpath: //input[@placeholder='Last Name']
27168 [Test worker] INFO  manager.ListenerWD -- After find element-->By.xpath: //input[@placeholder='Last Name']
27172 [Test worker] INFO  manager.ListenerWD -- Location of element-->input
27180 [Test worker] INFO  manager.ListenerWD -- Before click element -->inputtext-->
27213 [Test worker] INFO  manager.ListenerWD -- After click element -->input
27229 [Test worker] INFO  manager.ListenerWD -- sendKeyds-->
27229 [Test worker] INFO  manager.ListenerWD -- sendKeyds_TagName-->input
27249 [Test worker] INFO  manager.ListenerWD -- Before find element-->By.xpath: //input[@placeholder='Phone']
27269 [Test worker] INFO  manager.ListenerWD -- After find element-->By.xpath: //input[@placeholder='Phone']
27269 [Test worker] INFO  manager.ListenerWD -- Location of element-->input
27282 [Test worker] INFO  manager.ListenerWD -- Before click element -->inputtext-->
27313 [Test worker] INFO  manager.ListenerWD -- After click element -->input
27335 [Test worker] INFO  manager.ListenerWD -- sendKeyds-->
27338 [Test worker] INFO  manager.ListenerWD -- sendKeyds_TagName-->input
27358 [Test worker] INFO  manager.ListenerWD -- Before find element-->By.xpath: //input[@placeholder='email']
27368 [Test worker] INFO  manager.ListenerWD -- After find element-->By.xpath: //input[@placeholder='email']
27374 [Test worker] INFO  manager.ListenerWD -- Location of element-->input
27383 [Test worker] INFO  manager.ListenerWD -- Before click element -->inputtext-->
27416 [Test worker] INFO  manager.ListenerWD -- After click element -->input
27435 [Test worker] INFO  manager.ListenerWD -- sendKeyds-->
27438 [Test worker] INFO  manager.ListenerWD -- sendKeyds_TagName-->input
27458 [Test worker] INFO  manager.ListenerWD -- Before find element-->By.xpath: //input[@placeholder='Address']
27462 [Test worker] INFO  manager.ListenerWD -- After find element-->By.xpath: //input[@placeholder='Address']
27476 [Test worker] INFO  manager.ListenerWD -- Location of element-->input
27484 [Test worker] INFO  manager.ListenerWD -- Before click element -->inputtext-->
27516 [Test worker] INFO  manager.ListenerWD -- After click element -->input
27538 [Test worker] INFO  manager.ListenerWD -- sendKeyds-->
27541 [Test worker] INFO  manager.ListenerWD -- sendKeyds_TagName-->input
27558 [Test worker] INFO  manager.ListenerWD -- Before find element-->By.xpath: //input[@placeholder='description']
27569 [Test worker] INFO  manager.ListenerWD -- After find element-->By.xpath: //input[@placeholder='description']
27575 [Test worker] INFO  manager.ListenerWD -- Location of element-->input
27583 [Test worker] INFO  manager.ListenerWD -- Before click element -->inputtext-->
27618 [Test worker] INFO  manager.ListenerWD -- After click element -->input
27636 [Test worker] INFO  manager.ListenerWD -- sendKeyds-->
27640 [Test worker] INFO  manager.ListenerWD -- sendKeyds_TagName-->input
27656 [Test worker] INFO  manager.ListenerWD -- Before find element-->By.xpath: //b[text()='Save']
27662 [Test worker] INFO  manager.ListenerWD -- After find element-->By.xpath: //b[text()='Save']
27670 [Test worker] INFO  manager.ListenerWD -- Location of element-->b
27680 [Test worker] INFO  manager.ListenerWD -- Before click element -->btext-->Save
27713 [Test worker] INFO  manager.ListenerWD -- After click element -->b
28225 [Test worker] INFO  manager.ListenerWD -- Before find element-->By.xpath: //a[@href='/add']
28235 [Test worker] INFO  manager.ListenerWD -- After find element-->By.xpath: //a[@href='/add']
28241 [Test worker] INFO  manager.ListenerWD -- Location of element-->a
28241 [Test worker] INFO  manager.ListenerWD -- Before click element -->atext-->ADD
28286 [Test worker] INFO  manager.ListenerWD -- After click element -->a
28287 [Test worker] INFO  manager.ListenerWD -- Before find element-->By.xpath: //input[@placeholder='Name']
28296 [Test worker] INFO  manager.ListenerWD -- After find element-->By.xpath: //input[@placeholder='Name']
28298 [Test worker] INFO  manager.ListenerWD -- Location of element-->input
28307 [Test worker] INFO  manager.ListenerWD -- Before click element -->inputtext-->
28342 [Test worker] INFO  manager.ListenerWD -- After click element -->input
28365 [Test worker] INFO  manager.ListenerWD -- sendKeyds-->
28368 [Test worker] INFO  manager.ListenerWD -- sendKeyds_TagName-->input
28384 [Test worker] INFO  manager.ListenerWD -- Before find element-->By.xpath: //input[@placeholder='Last Name']
28394 [Test worker] INFO  manager.ListenerWD -- After find element-->By.xpath: //input[@placeholder='Last Name']
28397 [Test worker] INFO  manager.ListenerWD -- Location of element-->input
28397 [Test worker] INFO  manager.ListenerWD -- Before click element -->inputtext-->
28439 [Test worker] INFO  manager.ListenerWD -- After click element -->input
28459 [Test worker] INFO  manager.ListenerWD -- sendKeyds-->
28462 [Test worker] INFO  manager.ListenerWD -- sendKeyds_TagName-->input
28478 [Test worker] INFO  manager.ListenerWD -- Before find element-->By.xpath: //input[@placeholder='Phone']
28480 [Test worker] INFO  manager.ListenerWD -- After find element-->By.xpath: //input[@placeholder='Phone']
28491 [Test worker] INFO  manager.ListenerWD -- Location of element-->input
28499 [Test worker] INFO  manager.ListenerWD -- Before click element -->inputtext-->
28530 [Test worker] INFO  manager.ListenerWD -- After click element -->input
28551 [Test worker] INFO  manager.ListenerWD -- sendKeyds-->
28555 [Test worker] INFO  manager.ListenerWD -- sendKeyds_TagName-->input
28572 [Test worker] INFO  manager.ListenerWD -- Before find element-->By.xpath: //input[@placeholder='email']
28582 [Test worker] INFO  manager.ListenerWD -- After find element-->By.xpath: //input[@placeholder='email']
28583 [Test worker] INFO  manager.ListenerWD -- Location of element-->input
28594 [Test worker] INFO  manager.ListenerWD -- Before click element -->inputtext-->
28625 [Test worker] INFO  manager.ListenerWD -- After click element -->input
28647 [Test worker] INFO  manager.ListenerWD -- sendKeyds-->
28649 [Test worker] INFO  manager.ListenerWD -- sendKeyds_TagName-->input
28670 [Test worker] INFO  manager.ListenerWD -- Before find element-->By.xpath: //input[@placeholder='Address']
28680 [Test worker] INFO  manager.ListenerWD -- After find element-->By.xpath: //input[@placeholder='Address']
28681 [Test worker] INFO  manager.ListenerWD -- Location of element-->input
28691 [Test worker] INFO  manager.ListenerWD -- Before click element -->inputtext-->
28723 [Test worker] INFO  manager.ListenerWD -- After click element -->input
28742 [Test worker] INFO  manager.ListenerWD -- sendKeyds-->
28746 [Test worker] INFO  manager.ListenerWD -- sendKeyds_TagName-->input
28762 [Test worker] INFO  manager.ListenerWD -- Before find element-->By.xpath: //input[@placeholder='description']
28771 [Test worker] INFO  manager.ListenerWD -- After find element-->By.xpath: //input[@placeholder='description']
28775 [Test worker] INFO  manager.ListenerWD -- Location of element-->input
28785 [Test worker] INFO  manager.ListenerWD -- Before click element -->inputtext-->
28817 [Test worker] INFO  manager.ListenerWD -- After click element -->input
28834 [Test worker] INFO  manager.ListenerWD -- sendKeyds-->
28843 [Test worker] INFO  manager.ListenerWD -- sendKeyds_TagName-->input
28860 [Test worker] INFO  manager.ListenerWD -- Before find element-->By.xpath: //b[text()='Save']
28864 [Test worker] INFO  manager.ListenerWD -- After find element-->By.xpath: //b[text()='Save']
28873 [Test worker] INFO  manager.ListenerWD -- Location of element-->b
28883 [Test worker] INFO  manager.ListenerWD -- Before click element -->btext-->Save
28913 [Test worker] INFO  manager.ListenerWD -- After click element -->b
29424 [Test worker] INFO  manager.ListenerWD -- Before find element-->By.xpath: //a[@href='/add']
29436 [Test worker] INFO  manager.ListenerWD -- After find element-->By.xpath: //a[@href='/add']
29440 [Test worker] INFO  manager.ListenerWD -- Location of element-->a
29448 [Test worker] INFO  manager.ListenerWD -- Before click element -->atext-->ADD
29481 [Test worker] INFO  manager.ListenerWD -- After click element -->a
29481 [Test worker] INFO  manager.ListenerWD -- Before find element-->By.xpath: //input[@placeholder='Name']
29490 [Test worker] INFO  manager.ListenerWD -- After find element-->By.xpath: //input[@placeholder='Name']
29493 [Test worker] INFO  manager.ListenerWD -- Location of element-->input
29501 [Test worker] INFO  manager.ListenerWD -- Before click element -->inputtext-->
29532 [Test worker] INFO  manager.ListenerWD -- After click element -->input
29553 [Test worker] INFO  manager.ListenerWD -- sendKeyds-->
29556 [Test worker] INFO  manager.ListenerWD -- sendKeyds_TagName-->input
29571 [Test worker] INFO  manager.ListenerWD -- Before find element-->By.xpath: //input[@placeholder='Last Name']
29581 [Test worker] INFO  manager.ListenerWD -- After find element-->By.xpath: //input[@placeholder='Last Name']
29583 [Test worker] INFO  manager.ListenerWD -- Location of element-->input
29592 [Test worker] INFO  manager.ListenerWD -- Before click element -->inputtext-->
29623 [Test worker] INFO  manager.ListenerWD -- After click element -->input
29643 [Test worker] INFO  manager.ListenerWD -- sendKeyds-->
29646 [Test worker] INFO  manager.ListenerWD -- sendKeyds_TagName-->input
29661 [Test worker] INFO  manager.ListenerWD -- Before find element-->By.xpath: //input[@placeholder='Phone']
29670 [Test worker] INFO  manager.ListenerWD -- After find element-->By.xpath: //input[@placeholder='Phone']
29673 [Test worker] INFO  manager.ListenerWD -- Location of element-->input
29675 [Test worker] INFO  manager.ListenerWD -- Before click element -->inputtext-->
29713 [Test worker] INFO  manager.ListenerWD -- After click element -->input
29730 [Test worker] INFO  manager.ListenerWD -- sendKeyds-->
29730 [Test worker] INFO  manager.ListenerWD -- sendKeyds_TagName-->input
29752 [Test worker] INFO  manager.ListenerWD -- Before find element-->By.xpath: //input[@placeholder='email']
29763 [Test worker] INFO  manager.ListenerWD -- After find element-->By.xpath: //input[@placeholder='email']
29763 [Test worker] INFO  manager.ListenerWD -- Location of element-->input
29773 [Test worker] INFO  manager.ListenerWD -- Before click element -->inputtext-->
29805 [Test worker] INFO  manager.ListenerWD -- After click element -->input
29823 [Test worker] INFO  manager.ListenerWD -- sendKeyds-->
29827 [Test worker] INFO  manager.ListenerWD -- sendKeyds_TagName-->input
29849 [Test worker] INFO  manager.ListenerWD -- Before find element-->By.xpath: //input[@placeholder='Address']
29856 [Test worker] INFO  manager.ListenerWD -- After find element-->By.xpath: //input[@placeholder='Address']
29860 [Test worker] INFO  manager.ListenerWD -- Location of element-->input
29863 [Test worker] INFO  manager.ListenerWD -- Before click element -->inputtext-->
29904 [Test worker] INFO  manager.ListenerWD -- After click element -->input
29923 [Test worker] INFO  manager.ListenerWD -- sendKeyds-->
29926 [Test worker] INFO  manager.ListenerWD -- sendKeyds_TagName-->input
29944 [Test worker] INFO  manager.ListenerWD -- Before find element-->By.xpath: //input[@placeholder='description']
29952 [Test worker] INFO  manager.ListenerWD -- After find element-->By.xpath: //input[@placeholder='description']
29952 [Test worker] INFO  manager.ListenerWD -- Location of element-->input
29963 [Test worker] INFO  manager.ListenerWD -- Before click element -->inputtext-->
29995 [Test worker] INFO  manager.ListenerWD -- After click element -->input
30015 [Test worker] INFO  manager.ListenerWD -- sendKeyds-->
30018 [Test worker] INFO  manager.ListenerWD -- sendKeyds_TagName-->input
30034 [Test worker] INFO  manager.ListenerWD -- Before find element-->By.xpath: //b[text()='Save']
30041 [Test worker] INFO  manager.ListenerWD -- After find element-->By.xpath: //b[text()='Save']
30041 [Test worker] INFO  manager.ListenerWD -- Location of element-->b
30041 [Test worker] INFO  manager.ListenerWD -- Before click element -->btext-->Save
30084 [Test worker] INFO  manager.ListenerWD -- After click element -->b
30605 [Test worker] INFO  manager.ListenerWD -- Before find element-->By.cssSelector: .contact-item_card__2SOIM
30613 [Test worker] INFO  manager.ListenerWD -- After find element-->By.cssSelector: .contact-item_card__2SOIM
30619 [Test worker] INFO  manager.ListenerWD -- Location of element-->div
30628 [Test worker] INFO  manager.ListenerWD -- Before click element -->divtext-->Harry
555667771190
30666 [Test worker] INFO  manager.ListenerWD -- After click element -->div
30666 [Test worker] INFO  manager.ListenerWD -- Before find element-->By.xpath: //button[text()='Remove']
30677 [Test worker] INFO  manager.ListenerWD -- After find element-->By.xpath: //button[text()='Remove']
30677 [Test worker] INFO  manager.ListenerWD -- Location of element-->button
30682 [Test worker] INFO  manager.ListenerWD -- Before click element -->buttontext-->Remove
30723 [Test worker] INFO  manager.ListenerWD -- After click element -->button
31747 [Test worker] INFO  manager.ListenerWD -- Before find element-->By.cssSelector: .contact-item_card__2SOIM
31757 [Test worker] INFO  manager.ListenerWD -- After find element-->By.cssSelector: .contact-item_card__2SOIM
31757 [Test worker] INFO  manager.ListenerWD -- Location of element-->div
31770 [Test worker] INFO  manager.ListenerWD -- Before click element -->divtext-->Harry
555667771035
31807 [Test worker] INFO  manager.ListenerWD -- After click element -->div
31807 [Test worker] INFO  manager.ListenerWD -- Before find element-->By.xpath: //button[text()='Remove']
31817 [Test worker] INFO  manager.ListenerWD -- After find element-->By.xpath: //button[text()='Remove']
31817 [Test worker] INFO  manager.ListenerWD -- Location of element-->button
31822 [Test worker] INFO  manager.ListenerWD -- Before click element -->buttontext-->Remove
31854 [Test worker] INFO  manager.ListenerWD -- After click element -->button
32858 [Test worker] INFO  manager.ListenerWD -- Before find element-->By.cssSelector: .contact-item_card__2SOIM
32874 [Test worker] INFO  manager.ListenerWD -- After find element-->By.cssSelector: .contact-item_card__2SOIM
32881 [Test worker] INFO  manager.ListenerWD -- Location of element-->div
32882 [Test worker] INFO  manager.ListenerWD -- Before click element -->divtext-->Harry
555667771672
32918 [Test worker] INFO  manager.ListenerWD -- After click element -->div
32918 [Test worker] INFO  manager.ListenerWD -- Before find element-->By.xpath: //button[text()='Remove']
32930 [Test worker] INFO  manager.ListenerWD -- After find element-->By.xpath: //button[text()='Remove']
32933 [Test worker] INFO  manager.ListenerWD -- Location of element-->button
32940 [Test worker] INFO  manager.ListenerWD -- Before click element -->buttontext-->Remove
32959 [Test worker] INFO  manager.ListenerWD -- After click element -->button
44030 [Test worker] INFO  tests.TestBase -- ==============================================
44030 [Test worker] INFO  tests.TestBase -- Name of method (test) --->removeFirstContact
49077 [Test worker] INFO  manager.ListenerWD -- Before find element-->By.xpath: //a[@href='/add']
49091 [Test worker] INFO  manager.ListenerWD -- After find element-->By.xpath: //a[@href='/add']
49094 [Test worker] INFO  manager.ListenerWD -- Location of element-->a
49101 [Test worker] INFO  manager.ListenerWD -- Before click element -->atext-->ADD
49141 [Test worker] INFO  manager.ListenerWD -- After click element -->a
49142 [Test worker] INFO  manager.ListenerWD -- Before find element-->By.xpath: //input[@placeholder='Name']
49150 [Test worker] INFO  manager.ListenerWD -- After find element-->By.xpath: //input[@placeholder='Name']
49153 [Test worker] INFO  manager.ListenerWD -- Location of element-->input
49160 [Test worker] INFO  manager.ListenerWD -- Before click element -->inputtext-->
49194 [Test worker] INFO  manager.ListenerWD -- After click element -->input
49213 [Test worker] INFO  manager.ListenerWD -- sendKeyds-->
49216 [Test worker] INFO  manager.ListenerWD -- sendKeyds_TagName-->input
49230 [Test worker] INFO  manager.ListenerWD -- Before find element-->By.xpath: //input[@placeholder='Last Name']
49239 [Test worker] INFO  manager.ListenerWD -- After find element-->By.xpath: //input[@placeholder='Last Name']
49243 [Test worker] INFO  manager.ListenerWD -- Location of element-->input
49247 [Test worker] INFO  manager.ListenerWD -- Before click element -->inputtext-->
49280 [Test worker] INFO  manager.ListenerWD -- After click element -->input
49295 [Test worker] INFO  manager.ListenerWD -- sendKeyds-->
49301 [Test worker] INFO  manager.ListenerWD -- sendKeyds_TagName-->input
49317 [Test worker] INFO  manager.ListenerWD -- Before find element-->By.xpath: //input[@placeholder='Phone']
49326 [Test worker] INFO  manager.ListenerWD -- After find element-->By.xpath: //input[@placeholder='Phone']
49328 [Test worker] INFO  manager.ListenerWD -- Location of element-->input
49336 [Test worker] INFO  manager.ListenerWD -- Before click element -->inputtext-->
49370 [Test worker] INFO  manager.ListenerWD -- After click element -->input
49388 [Test worker] INFO  manager.ListenerWD -- sendKeyds-->
49390 [Test worker] INFO  manager.ListenerWD -- sendKeyds_TagName-->input
49408 [Test worker] INFO  manager.ListenerWD -- Before find element-->By.xpath: //input[@placeholder='email']
49417 [Test worker] INFO  manager.ListenerWD -- After find element-->By.xpath: //input[@placeholder='email']
49418 [Test worker] INFO  manager.ListenerWD -- Location of element-->input
49428 [Test worker] INFO  manager.ListenerWD -- Before click element -->inputtext-->
49459 [Test worker] INFO  manager.ListenerWD -- After click element -->input
49478 [Test worker] INFO  manager.ListenerWD -- sendKeyds-->
49480 [Test worker] INFO  manager.ListenerWD -- sendKeyds_TagName-->input
49501 [Test worker] INFO  manager.ListenerWD -- Before find element-->By.xpath: //input[@placeholder='Address']
49509 [Test worker] INFO  manager.ListenerWD -- After find element-->By.xpath: //input[@placeholder='Address']
49509 [Test worker] INFO  manager.ListenerWD -- Location of element-->input
49522 [Test worker] INFO  manager.ListenerWD -- Before click element -->inputtext-->
49554 [Test worker] INFO  manager.ListenerWD -- After click element -->input
49571 [Test worker] INFO  manager.ListenerWD -- sendKeyds-->
49575 [Test worker] INFO  manager.ListenerWD -- sendKeyds_TagName-->input
49592 [Test worker] INFO  manager.ListenerWD -- Before find element-->By.xpath: //input[@placeholder='description']
49601 [Test worker] INFO  manager.ListenerWD -- After find element-->By.xpath: //input[@placeholder='description']
49604 [Test worker] INFO  manager.ListenerWD -- Location of element-->input
49611 [Test worker] INFO  manager.ListenerWD -- Before click element -->inputtext-->
49641 [Test worker] INFO  manager.ListenerWD -- After click element -->input
49663 [Test worker] INFO  manager.ListenerWD -- sendKeyds-->
49666 [Test worker] INFO  manager.ListenerWD -- sendKeyds_TagName-->input
49681 [Test worker] INFO  manager.ListenerWD -- Before find element-->By.xpath: //b[text()='Save']
49689 [Test worker] INFO  manager.ListenerWD -- After find element-->By.xpath: //b[text()='Save']
49692 [Test worker] INFO  manager.ListenerWD -- Location of element-->b
49699 [Test worker] INFO  manager.ListenerWD -- Before click element -->btext-->Save
49726 [Test worker] INFO  manager.ListenerWD -- After click element -->b
50241 [Test worker] INFO  manager.ListenerWD -- Before find element-->By.xpath: //a[@href='/add']
50250 [Test worker] INFO  manager.ListenerWD -- After find element-->By.xpath: //a[@href='/add']
50252 [Test worker] INFO  manager.ListenerWD -- Location of element-->a
50259 [Test worker] INFO  manager.ListenerWD -- Before click element -->atext-->ADD
50293 [Test worker] INFO  manager.ListenerWD -- After click element -->a
50293 [Test worker] INFO  manager.ListenerWD -- Before find element-->By.xpath: //input[@placeholder='Name']
50301 [Test worker] INFO  manager.ListenerWD -- After find element-->By.xpath: //input[@placeholder='Name']
50304 [Test worker] INFO  manager.ListenerWD -- Location of element-->input
50312 [Test worker] INFO  manager.ListenerWD -- Before click element -->inputtext-->
50345 [Test worker] INFO  manager.ListenerWD -- After click element -->input
50363 [Test worker] INFO  manager.ListenerWD -- sendKeyds-->
50366 [Test worker] INFO  manager.ListenerWD -- sendKeyds_TagName-->input
50380 [Test worker] INFO  manager.ListenerWD -- Before find element-->By.xpath: //input[@placeholder='Last Name']
50388 [Test worker] INFO  manager.ListenerWD -- After find element-->By.xpath: //input[@placeholder='Last Name']
50395 [Test worker] INFO  manager.ListenerWD -- Location of element-->input
50402 [Test worker] INFO  manager.ListenerWD -- Before click element -->inputtext-->
50427 [Test worker] INFO  manager.ListenerWD -- After click element -->input
50450 [Test worker] INFO  manager.ListenerWD -- sendKeyds-->
50453 [Test worker] INFO  manager.ListenerWD -- sendKeyds_TagName-->input
50468 [Test worker] INFO  manager.ListenerWD -- Before find element-->By.xpath: //input[@placeholder='Phone']
50476 [Test worker] INFO  manager.ListenerWD -- After find element-->By.xpath: //input[@placeholder='Phone']
50479 [Test worker] INFO  manager.ListenerWD -- Location of element-->input
50487 [Test worker] INFO  manager.ListenerWD -- Before click element -->inputtext-->
50518 [Test worker] INFO  manager.ListenerWD -- After click element -->input
50536 [Test worker] INFO  manager.ListenerWD -- sendKeyds-->
50536 [Test worker] INFO  manager.ListenerWD -- sendKeyds_TagName-->input
50555 [Test worker] INFO  manager.ListenerWD -- Before find element-->By.xpath: //input[@placeholder='email']
50562 [Test worker] INFO  manager.ListenerWD -- After find element-->By.xpath: //input[@placeholder='email']
50568 [Test worker] INFO  manager.ListenerWD -- Location of element-->input
50575 [Test worker] INFO  manager.ListenerWD -- Before click element -->inputtext-->
50607 [Test worker] INFO  manager.ListenerWD -- After click element -->input
50626 [Test worker] INFO  manager.ListenerWD -- sendKeyds-->
50628 [Test worker] INFO  manager.ListenerWD -- sendKeyds_TagName-->input
50646 [Test worker] INFO  manager.ListenerWD -- Before find element-->By.xpath: //input[@placeholder='Address']
50651 [Test worker] INFO  manager.ListenerWD -- After find element-->By.xpath: //input[@placeholder='Address']
50661 [Test worker] INFO  manager.ListenerWD -- Location of element-->input
50668 [Test worker] INFO  manager.ListenerWD -- Before click element -->inputtext-->
50702 [Test worker] INFO  manager.ListenerWD -- After click element -->input
50718 [Test worker] INFO  manager.ListenerWD -- sendKeyds-->
50718 [Test worker] INFO  manager.ListenerWD -- sendKeyds_TagName-->input
50739 [Test worker] INFO  manager.ListenerWD -- Before find element-->By.xpath: //input[@placeholder='description']
50747 [Test worker] INFO  manager.ListenerWD -- After find element-->By.xpath: //input[@placeholder='description']
50750 [Test worker] INFO  manager.ListenerWD -- Location of element-->input
50759 [Test worker] INFO  manager.ListenerWD -- Before click element -->inputtext-->
50790 [Test worker] INFO  manager.ListenerWD -- After click element -->input
50808 [Test worker] INFO  manager.ListenerWD -- sendKeyds-->
50810 [Test worker] INFO  manager.ListenerWD -- sendKeyds_TagName-->input
50827 [Test worker] INFO  manager.ListenerWD -- Before find element-->By.xpath: //b[text()='Save']
50828 [Test worker] INFO  manager.ListenerWD -- After find element-->By.xpath: //b[text()='Save']
50836 [Test worker] INFO  manager.ListenerWD -- Location of element-->b
50846 [Test worker] INFO  manager.ListenerWD -- Before click element -->btext-->Save
50875 [Test worker] INFO  manager.ListenerWD -- After click element -->b
51390 [Test worker] INFO  manager.ListenerWD -- Before find element-->By.xpath: //a[@href='/add']
51397 [Test worker] INFO  manager.ListenerWD -- After find element-->By.xpath: //a[@href='/add']
51399 [Test worker] INFO  manager.ListenerWD -- Location of element-->a
51406 [Test worker] INFO  manager.ListenerWD -- Before click element -->atext-->ADD
51443 [Test worker] INFO  manager.ListenerWD -- After click element -->a
51443 [Test worker] INFO  manager.ListenerWD -- Before find element-->By.xpath: //input[@placeholder='Name']
51451 [Test worker] INFO  manager.ListenerWD -- After find element-->By.xpath: //input[@placeholder='Name']
51455 [Test worker] INFO  manager.ListenerWD -- Location of element-->input
51463 [Test worker] INFO  manager.ListenerWD -- Before click element -->inputtext-->
51494 [Test worker] INFO  manager.ListenerWD -- After click element -->input
51512 [Test worker] INFO  manager.ListenerWD -- sendKeyds-->
51516 [Test worker] INFO  manager.ListenerWD -- sendKeyds_TagName-->input
51533 [Test worker] INFO  manager.ListenerWD -- Before find element-->By.xpath: //input[@placeholder='Last Name']
51540 [Test worker] INFO  manager.ListenerWD -- After find element-->By.xpath: //input[@placeholder='Last Name']
51546 [Test worker] INFO  manager.ListenerWD -- Location of element-->input
51553 [Test worker] INFO  manager.ListenerWD -- Before click element -->inputtext-->
51583 [Test worker] INFO  manager.ListenerWD -- After click element -->input
51602 [Test worker] INFO  manager.ListenerWD -- sendKeyds-->
51604 [Test worker] INFO  manager.ListenerWD -- sendKeyds_TagName-->input
51620 [Test worker] INFO  manager.ListenerWD -- Before find element-->By.xpath: //input[@placeholder='Phone']
51626 [Test worker] INFO  manager.ListenerWD -- After find element-->By.xpath: //input[@placeholder='Phone']
51626 [Test worker] INFO  manager.ListenerWD -- Location of element-->input
51640 [Test worker] INFO  manager.ListenerWD -- Before click element -->inputtext-->
51673 [Test worker] INFO  manager.ListenerWD -- After click element -->input
51694 [Test worker] INFO  manager.ListenerWD -- sendKeyds-->
51697 [Test worker] INFO  manager.ListenerWD -- sendKeyds_TagName-->input
51714 [Test worker] INFO  manager.ListenerWD -- Before find element-->By.xpath: //input[@placeholder='email']
51722 [Test worker] INFO  manager.ListenerWD -- After find element-->By.xpath: //input[@placeholder='email']
51726 [Test worker] INFO  manager.ListenerWD -- Location of element-->input
51727 [Test worker] INFO  manager.ListenerWD -- Before click element -->inputtext-->
51765 [Test worker] INFO  manager.ListenerWD -- After click element -->input
51783 [Test worker] INFO  manager.ListenerWD -- sendKeyds-->
51785 [Test worker] INFO  manager.ListenerWD -- sendKeyds_TagName-->input
51803 [Test worker] INFO  manager.ListenerWD -- Before find element-->By.xpath: //input[@placeholder='Address']
51814 [Test worker] INFO  manager.ListenerWD -- After find element-->By.xpath: //input[@placeholder='Address']
51816 [Test worker] INFO  manager.ListenerWD -- Location of element-->input
51823 [Test worker] INFO  manager.ListenerWD -- Before click element -->inputtext-->
51855 [Test worker] INFO  manager.ListenerWD -- After click element -->input
51871 [Test worker] INFO  manager.ListenerWD -- sendKeyds-->
51876 [Test worker] INFO  manager.ListenerWD -- sendKeyds_TagName-->input
51893 [Test worker] INFO  manager.ListenerWD -- Before find element-->By.xpath: //input[@placeholder='description']
51901 [Test worker] INFO  manager.ListenerWD -- After find element-->By.xpath: //input[@placeholder='description']
51904 [Test worker] INFO  manager.ListenerWD -- Location of element-->input
51913 [Test worker] INFO  manager.ListenerWD -- Before click element -->inputtext-->
51945 [Test worker] INFO  manager.ListenerWD -- After click element -->input
51963 [Test worker] INFO  manager.ListenerWD -- sendKeyds-->
51967 [Test worker] INFO  manager.ListenerWD -- sendKeyds_TagName-->input
51980 [Test worker] INFO  manager.ListenerWD -- Before find element-->By.xpath: //b[text()='Save']
51988 [Test worker] INFO  manager.ListenerWD -- After find element-->By.xpath: //b[text()='Save']
51992 [Test worker] INFO  manager.ListenerWD -- Location of element-->b
51999 [Test worker] INFO  manager.ListenerWD -- Before click element -->btext-->Save
52027 [Test worker] INFO  manager.ListenerWD -- After click element -->b
52556 [Test worker] INFO  manager.HelperBase -- Number of Contacts before remove is-->3
52556 [Test worker] INFO  manager.ListenerWD -- Before find element-->By.cssSelector: .contact-item_card__2SOIM
52559 [Test worker] INFO  manager.ListenerWD -- After find element-->By.cssSelector: .contact-item_card__2SOIM
52567 [Test worker] INFO  manager.ListenerWD -- Location of element-->div
52569 [Test worker] INFO  manager.ListenerWD -- Before click element -->divtext-->Harry
555667771420
52606 [Test worker] INFO  manager.ListenerWD -- After click element -->div
52606 [Test worker] INFO  manager.ListenerWD -- Before find element-->By.xpath: //button[text()='Remove']
52606 [Test worker] INFO  manager.ListenerWD -- After find element-->By.xpath: //button[text()='Remove']
52617 [Test worker] INFO  manager.ListenerWD -- Location of element-->button
52618 [Test worker] INFO  manager.ListenerWD -- Before click element -->buttontext-->Remove
52650 [Test worker] INFO  manager.ListenerWD -- After click element -->button
53658 [Test worker] INFO  manager.HelperBase -- Number of Contacts after remove is-->2
53658 [Test worker] INFO  tests.TestBase -- ==============================================
