6371 [Test worker] INFO  manager.ApplicationManager -- All tests runs in Chrome Browser
8414 [Test worker] INFO  manager.ApplicationManager -- The link --->https://telranedu.web.app/home
8459 [Test worker] INFO  tests.TestBase -- Name of method (test) --->registrationLose
13471 [Test worker] INFO  tests.TestBase -- Registration Test data ---> email: 'ззщшщг@gmail.com & password: '20042005'
13478 [Test worker] INFO  manager.ListenerWD -- Before find element-->By.cssSelector: a[href='/login']
13540 [Test worker] INFO  manager.ListenerWD -- After find element-->By.cssSelector: a[href='/login']
13556 [Test worker] INFO  manager.ListenerWD -- Location of element-->a
13580 [Test worker] INFO  manager.ListenerWD -- Before click element -->atext-->LOGIN
13686 [Test worker] INFO  manager.ListenerWD -- After click element -->a
13688 [Test worker] INFO  manager.ListenerWD -- Before find element-->By.name: email
13727 [Test worker] INFO  manager.ListenerWD -- After find element-->By.name: email
13740 [Test worker] INFO  manager.ListenerWD -- Location of element-->input
13764 [Test worker] INFO  manager.ListenerWD -- Before click element -->inputtext-->
13840 [Test worker] INFO  manager.ListenerWD -- After click element -->input
13896 [Test worker] INFO  manager.ListenerWD -- sendKeyds-->
13904 [Test worker] INFO  manager.ListenerWD -- sendKeyds_TagName-->input
13965 [Test worker] INFO  manager.ListenerWD -- Before find element-->By.xpath: //input[@placeholder='Password']
13997 [Test worker] INFO  manager.ListenerWD -- After find element-->By.xpath: //input[@placeholder='Password']
14003 [Test worker] INFO  manager.ListenerWD -- Location of element-->input
14031 [Test worker] INFO  manager.ListenerWD -- Before click element -->inputtext-->
14100 [Test worker] INFO  manager.ListenerWD -- After click element -->input
14142 [Test worker] INFO  manager.ListenerWD -- sendKeyds-->
14150 [Test worker] INFO  manager.ListenerWD -- sendKeyds_TagName-->input
14189 [Test worker] INFO  manager.ListenerWD -- Before find element-->By.xpath: //Button[text()='Registration']
14221 [Test worker] INFO  manager.ListenerWD -- After find element-->By.xpath: //Button[text()='Registration']
14230 [Test worker] INFO  manager.ListenerWD -- Location of element-->button
14247 [Test worker] INFO  manager.ListenerWD -- Before click element -->buttontext-->Registration
14376 [Test worker] INFO  manager.ListenerWD -- Huston, we have a problem!
14376 [Test worker] INFO  manager.ListenerWD -- Failed method:alert
14376 [Test worker] INFO  manager.ListenerWD -- ***************
14378 [Test worker] INFO  manager.ListenerWD -- Arguments:null
14378 [Test worker] INFO  manager.ListenerWD -- ***************
14378 [Test worker] INFO  manager.ListenerWD -- Exception:NoAlertPresentException
14378 [Test worker] INFO  manager.ListenerWD -- ***************
14378 [Test worker] INFO  manager.ListenerWD -- Messageno such alert
  (Session info: chrome=148.0.7778.216)
Build info: version: '4.26.0', revision: '8ccf0219d7'
System info: os.name: 'Windows 11', os.arch: 'amd64', os.version: '10.0', java.version: '21.0.10'
Driver info: org.openqa.selenium.chrome.ChromeDriver
Command: [09f19150ae81133548e4f9c06031edd2, getAlertText {}]
Capabilities {acceptInsecureCerts: false, browserName: chrome, browserVersion: 148.0.7778.216, chrome: {chromedriverVersion: 148.0.7778.167 (65db666ac2c..., userDataDir: C:\Users\Pavlova\AppData\Lo...}, fedcm:accounts: true, goog:chromeOptions: {debuggerAddress: localhost:51407}, goog:processID: 23176, networkConnectionEnabled: false, pageLoadStrategy: normal, platformName: windows, proxy: Proxy(), se:cdp: ws://localhost:51407/devtoo..., se:cdpVersion: 148.0.7778.216, setWindowRect: true, strictFileInteractability: false, timeouts: {implicit: 0, pageLoad: 300000, script: 30000}, unhandledPromptBehavior: dismiss and notify, webauthn:extension:credBlob: true, webauthn:extension:largeBlob: true, webauthn:extension:minPinLength: true, webauthn:extension:prf: true, webauthn:virtualAuthenticators: true}
Session ID: 09f19150ae81133548e4f9c06031edd2
14378 [Test worker] INFO  manager.ListenerWD -- ***************
14378 [Test worker] INFO  manager.ListenerWD -- ***************
14380 [Test worker] INFO  manager.ListenerWD -- Screen with error is--->src/test/screenshots/screen_1950.png
14916 [Test worker] INFO  manager.ListenerWD -- Huston, we have a problem!
14916 [Test worker] INFO  manager.ListenerWD -- Failed method:alert
14916 [Test worker] INFO  manager.ListenerWD -- ***************
14916 [Test worker] INFO  manager.ListenerWD -- Arguments:null
14916 [Test worker] INFO  manager.ListenerWD -- ***************
14916 [Test worker] INFO  manager.ListenerWD -- Exception:NoAlertPresentException
14916 [Test worker] INFO  manager.ListenerWD -- ***************
14916 [Test worker] INFO  manager.ListenerWD -- Messageno such alert
  (Session info: chrome=148.0.7778.216)
Build info: version: '4.26.0', revision: '8ccf0219d7'
System info: os.name: 'Windows 11', os.arch: 'amd64', os.version: '10.0', java.version: '21.0.10'
Driver info: org.openqa.selenium.chrome.ChromeDriver
Command: [09f19150ae81133548e4f9c06031edd2, getAlertText {}]
Capabilities {acceptInsecureCerts: false, browserName: chrome, browserVersion: 148.0.7778.216, chrome: {chromedriverVersion: 148.0.7778.167 (65db666ac2c..., userDataDir: C:\Users\Pavlova\AppData\Lo...}, fedcm:accounts: true, goog:chromeOptions: {debuggerAddress: localhost:51407}, goog:processID: 23176, networkConnectionEnabled: false, pageLoadStrategy: normal, platformName: windows, proxy: Proxy(), se:cdp: ws://localhost:51407/devtoo..., se:cdpVersion: 148.0.7778.216, setWindowRect: true, strictFileInteractability: false, timeouts: {implicit: 0, pageLoad: 300000, script: 30000}, unhandledPromptBehavior: dismiss and notify, webauthn:extension:credBlob: true, webauthn:extension:largeBlob: true, webauthn:extension:minPinLength: true, webauthn:extension:prf: true, webauthn:virtualAuthenticators: true}
Session ID: 09f19150ae81133548e4f9c06031edd2
14916 [Test worker] INFO  manager.ListenerWD -- ***************
14916 [Test worker] INFO  manager.ListenerWD -- ***************
14916 [Test worker] INFO  manager.ListenerWD -- Screen with error is--->src/test/screenshots/screen_1059.png
15449 [Test worker] INFO  manager.ListenerWD -- Huston, we have a problem!
15449 [Test worker] INFO  manager.ListenerWD -- Failed method:alert
15449 [Test worker] INFO  manager.ListenerWD -- ***************
15450 [Test worker] INFO  manager.ListenerWD -- Arguments:null
15450 [Test worker] INFO  manager.ListenerWD -- ***************
15450 [Test worker] INFO  manager.ListenerWD -- Exception:NoAlertPresentException
15450 [Test worker] INFO  manager.ListenerWD -- ***************
15450 [Test worker] INFO  manager.ListenerWD -- Messageno such alert
  (Session info: chrome=148.0.7778.216)
Build info: version: '4.26.0', revision: '8ccf0219d7'
System info: os.name: 'Windows 11', os.arch: 'amd64', os.version: '10.0', java.version: '21.0.10'
Driver info: org.openqa.selenium.chrome.ChromeDriver
Command: [09f19150ae81133548e4f9c06031edd2, getAlertText {}]
Capabilities {acceptInsecureCerts: false, browserName: chrome, browserVersion: 148.0.7778.216, chrome: {chromedriverVersion: 148.0.7778.167 (65db666ac2c..., userDataDir: C:\Users\Pavlova\AppData\Lo...}, fedcm:accounts: true, goog:chromeOptions: {debuggerAddress: localhost:51407}, goog:processID: 23176, networkConnectionEnabled: false, pageLoadStrategy: normal, platformName: windows, proxy: Proxy(), se:cdp: ws://localhost:51407/devtoo..., se:cdpVersion: 148.0.7778.216, setWindowRect: true, strictFileInteractability: false, timeouts: {implicit: 0, pageLoad: 300000, script: 30000}, unhandledPromptBehavior: dismiss and notify, webauthn:extension:credBlob: true, webauthn:extension:largeBlob: true, webauthn:extension:minPinLength: true, webauthn:extension:prf: true, webauthn:virtualAuthenticators: true}
Session ID: 09f19150ae81133548e4f9c06031edd2
15450 [Test worker] INFO  manager.ListenerWD -- ***************
15450 [Test worker] INFO  manager.ListenerWD -- ***************
15450 [Test worker] INFO  manager.ListenerWD -- Screen with error is--->src/test/screenshots/screen_1920.png
15997 [Test worker] INFO  tests.TestBase -- Assert check is alert present with error text 'No Contacts here!'
16006 [Test worker] INFO  tests.TestBase -- ==============================================
16008 [Test worker] INFO  tests.TestBase -- Name of method (test) --->registrationLose2
21076 [Test worker] INFO  tests.TestBase -- Registration Test data ---> email: 'יעיעיע@gmail.com & password: '890665R'
21077 [Test worker] INFO  manager.ListenerWD -- Before find element-->By.cssSelector: a[href='/login']
21102 [Test worker] INFO  manager.ListenerWD -- After find element-->By.cssSelector: a[href='/login']
21112 [Test worker] INFO  manager.ListenerWD -- Location of element-->a
21130 [Test worker] INFO  manager.ListenerWD -- Before click element -->atext-->LOGIN
21209 [Test worker] INFO  manager.ListenerWD -- After click element -->a
21210 [Test worker] INFO  manager.ListenerWD -- Before find element-->By.name: email
21243 [Test worker] INFO  manager.ListenerWD -- After find element-->By.name: email
21253 [Test worker] INFO  manager.ListenerWD -- Location of element-->input
21272 [Test worker] INFO  manager.ListenerWD -- Before click element -->inputtext-->
21349 [Test worker] INFO  manager.ListenerWD -- After click element -->input
21397 [Test worker] INFO  manager.ListenerWD -- sendKeyds-->
21406 [Test worker] INFO  manager.ListenerWD -- sendKeyds_TagName-->input
21476 [Test worker] INFO  manager.ListenerWD -- Before find element-->By.xpath: //input[@placeholder='Password']
21497 [Test worker] INFO  manager.ListenerWD -- After find element-->By.xpath: //input[@placeholder='Password']
21505 [Test worker] INFO  manager.ListenerWD -- Location of element-->input
21522 [Test worker] INFO  manager.ListenerWD -- Before click element -->inputtext-->
21590 [Test worker] INFO  manager.ListenerWD -- After click element -->input
21633 [Test worker] INFO  manager.ListenerWD -- sendKeyds-->
21642 [Test worker] INFO  manager.ListenerWD -- sendKeyds_TagName-->input
21701 [Test worker] INFO  manager.ListenerWD -- Before find element-->By.xpath: //Button[text()='Registration']
21723 [Test worker] INFO  manager.ListenerWD -- After find element-->By.xpath: //Button[text()='Registration']
21731 [Test worker] INFO  manager.ListenerWD -- Location of element-->button
21754 [Test worker] INFO  manager.ListenerWD -- Before click element -->buttontext-->Registration
21847 [Test worker] INFO  manager.ListenerWD -- Huston, we have a problem!
21847 [Test worker] INFO  manager.ListenerWD -- Failed method:alert
21847 [Test worker] INFO  manager.ListenerWD -- ***************
21847 [Test worker] INFO  manager.ListenerWD -- Arguments:null
21847 [Test worker] INFO  manager.ListenerWD -- ***************
21847 [Test worker] INFO  manager.ListenerWD -- Exception:NoAlertPresentException
21847 [Test worker] INFO  manager.ListenerWD -- ***************
21847 [Test worker] INFO  manager.ListenerWD -- Messageno such alert
  (Session info: chrome=148.0.7778.216)
Build info: version: '4.26.0', revision: '8ccf0219d7'
System info: os.name: 'Windows 11', os.arch: 'amd64', os.version: '10.0', java.version: '21.0.10'
Driver info: org.openqa.selenium.chrome.ChromeDriver
Command: [09f19150ae81133548e4f9c06031edd2, getAlertText {}]
Capabilities {acceptInsecureCerts: false, browserName: chrome, browserVersion: 148.0.7778.216, chrome: {chromedriverVersion: 148.0.7778.167 (65db666ac2c..., userDataDir: C:\Users\Pavlova\AppData\Lo...}, fedcm:accounts: true, goog:chromeOptions: {debuggerAddress: localhost:51407}, goog:processID: 23176, networkConnectionEnabled: false, pageLoadStrategy: normal, platformName: windows, proxy: Proxy(), se:cdp: ws://localhost:51407/devtoo..., se:cdpVersion: 148.0.7778.216, setWindowRect: true, strictFileInteractability: false, timeouts: {implicit: 0, pageLoad: 300000, script: 30000}, unhandledPromptBehavior: dismiss and notify, webauthn:extension:credBlob: true, webauthn:extension:largeBlob: true, webauthn:extension:minPinLength: true, webauthn:extension:prf: true, webauthn:virtualAuthenticators: true}
Session ID: 09f19150ae81133548e4f9c06031edd2
21847 [Test worker] INFO  manager.ListenerWD -- ***************
21847 [Test worker] INFO  manager.ListenerWD -- ***************
21847 [Test worker] INFO  manager.ListenerWD -- Screen with error is--->src/test/screenshots/screen_1924.png
22380 [Test worker] INFO  tests.TestBase -- Assert check is alert present with error text 'Wrong email or password'
22382 [Test worker] INFO  tests.TestBase -- ==============================================
22382 [Test worker] INFO  tests.TestBase -- Name of method (test) --->registrationSuccess
27398 [Test worker] INFO  tests.TestBase -- Start test with name 'registrationSuccess'
27398 [Test worker] INFO  tests.TestBase -- Registration Test data ---> email: 'pavlova@gmail.com & password: 'Pablo_1001#'
27398 [Test worker] INFO  manager.ListenerWD -- Before find element-->By.cssSelector: a[href='/login']
27420 [Test worker] INFO  manager.ListenerWD -- After find element-->By.cssSelector: a[href='/login']
27431 [Test worker] INFO  manager.ListenerWD -- Location of element-->a
27451 [Test worker] INFO  manager.ListenerWD -- Before click element -->atext-->LOGIN
27531 [Test worker] INFO  manager.ListenerWD -- After click element -->a
27531 [Test worker] INFO  manager.ListenerWD -- Before find element-->By.name: email
27557 [Test worker] INFO  manager.ListenerWD -- After find element-->By.name: email
27565 [Test worker] INFO  manager.ListenerWD -- Location of element-->input
27583 [Test worker] INFO  manager.ListenerWD -- Before click element -->inputtext-->
27660 [Test worker] INFO  manager.ListenerWD -- After click element -->input
27706 [Test worker] INFO  manager.ListenerWD -- sendKeyds-->
27715 [Test worker] INFO  manager.ListenerWD -- sendKeyds_TagName-->input
27780 [Test worker] INFO  manager.ListenerWD -- Before find element-->By.xpath: //input[@placeholder='Password']
27802 [Test worker] INFO  manager.ListenerWD -- After find element-->By.xpath: //input[@placeholder='Password']
27812 [Test worker] INFO  manager.ListenerWD -- Location of element-->input
27829 [Test worker] INFO  manager.ListenerWD -- Before click element -->inputtext-->
27895 [Test worker] INFO  manager.ListenerWD -- After click element -->input
27934 [Test worker] INFO  manager.ListenerWD -- sendKeyds-->
27943 [Test worker] INFO  manager.ListenerWD -- sendKeyds_TagName-->input
28000 [Test worker] INFO  manager.ListenerWD -- Before find element-->By.xpath: //Button[text()='Registration']
28020 [Test worker] INFO  manager.ListenerWD -- After find element-->By.xpath: //Button[text()='Registration']
28028 [Test worker] INFO  manager.ListenerWD -- Location of element-->button
28045 [Test worker] INFO  manager.ListenerWD -- Before click element -->buttontext-->Registration
28115 [Test worker] INFO  manager.ListenerWD -- Before find element-->By.cssSelector: .contact-page_message__2qafk>h1
29145 [Test worker] INFO  manager.ListenerWD -- After find element-->By.cssSelector: .contact-page_message__2qafk>h1
29155 [Test worker] INFO  manager.ListenerWD -- Location of element-->h1
29166 [Test worker] INFO  tests.TestBase -- Assert check is alert present with  text 'No Contacts here!'
29166 [Test worker] INFO  tests.TestBase -- ==============================================
29172 [Test worker] INFO  tests.TestBase -- Name of method (test) --->removeAllContacts
34264 [Test worker] INFO  manager.ListenerWD -- Before find element-->By.xpath: //a[@href='/add']
34290 [Test worker] INFO  manager.ListenerWD -- After find element-->By.xpath: //a[@href='/add']
34294 [Test worker] INFO  manager.ListenerWD -- Location of element-->a
34317 [Test worker] INFO  manager.ListenerWD -- Before click element -->atext-->ADD
34414 [Test worker] INFO  manager.ListenerWD -- After click element -->a
34414 [Test worker] INFO  manager.ListenerWD -- Before find element-->By.xpath: //input[@placeholder='Name']
34443 [Test worker] INFO  manager.ListenerWD -- After find element-->By.xpath: //input[@placeholder='Name']
34452 [Test worker] INFO  manager.ListenerWD -- Location of element-->input
34470 [Test worker] INFO  manager.ListenerWD -- Before click element -->inputtext-->
34556 [Test worker] INFO  manager.ListenerWD -- After click element -->input
34600 [Test worker] INFO  manager.ListenerWD -- sendKeyds-->
34608 [Test worker] INFO  manager.ListenerWD -- sendKeyds_TagName-->input
34645 [Test worker] INFO  manager.ListenerWD -- Before find element-->By.xpath: //input[@placeholder='Last Name']
34672 [Test worker] INFO  manager.ListenerWD -- After find element-->By.xpath: //input[@placeholder='Last Name']
34680 [Test worker] INFO  manager.ListenerWD -- Location of element-->input
34697 [Test worker] INFO  manager.ListenerWD -- Before click element -->inputtext-->
34765 [Test worker] INFO  manager.ListenerWD -- After click element -->input
34809 [Test worker] INFO  manager.ListenerWD -- sendKeyds-->
34810 [Test worker] INFO  manager.ListenerWD -- sendKeyds_TagName-->input
34850 [Test worker] INFO  manager.ListenerWD -- Before find element-->By.xpath: //input[@placeholder='Phone']
34875 [Test worker] INFO  manager.ListenerWD -- After find element-->By.xpath: //input[@placeholder='Phone']
34885 [Test worker] INFO  manager.ListenerWD -- Location of element-->input
34907 [Test worker] INFO  manager.ListenerWD -- Before click element -->inputtext-->
35011 [Test worker] INFO  manager.ListenerWD -- After click element -->input
35053 [Test worker] INFO  manager.ListenerWD -- sendKeyds-->
35055 [Test worker] INFO  manager.ListenerWD -- sendKeyds_TagName-->input
35095 [Test worker] INFO  manager.ListenerWD -- Before find element-->By.xpath: //input[@placeholder='email']
35110 [Test worker] INFO  manager.ListenerWD -- After find element-->By.xpath: //input[@placeholder='email']
35122 [Test worker] INFO  manager.ListenerWD -- Location of element-->input
35140 [Test worker] INFO  manager.ListenerWD -- Before click element -->inputtext-->
35210 [Test worker] INFO  manager.ListenerWD -- After click element -->input
35246 [Test worker] INFO  manager.ListenerWD -- sendKeyds-->
35250 [Test worker] INFO  manager.ListenerWD -- sendKeyds_TagName-->input
35296 [Test worker] INFO  manager.ListenerWD -- Before find element-->By.xpath: //input[@placeholder='Address']
35316 [Test worker] INFO  manager.ListenerWD -- After find element-->By.xpath: //input[@placeholder='Address']
35324 [Test worker] INFO  manager.ListenerWD -- Location of element-->input
35340 [Test worker] INFO  manager.ListenerWD -- Before click element -->inputtext-->
35405 [Test worker] INFO  manager.ListenerWD -- After click element -->input
35439 [Test worker] INFO  manager.ListenerWD -- sendKeyds-->
35442 [Test worker] INFO  manager.ListenerWD -- sendKeyds_TagName-->input
35470 [Test worker] INFO  manager.ListenerWD -- Before find element-->By.xpath: //input[@placeholder='description']
35495 [Test worker] INFO  manager.ListenerWD -- After find element-->By.xpath: //input[@placeholder='description']
35502 [Test worker] INFO  manager.ListenerWD -- Location of element-->input
35521 [Test worker] INFO  manager.ListenerWD -- Before click element -->inputtext-->
35583 [Test worker] INFO  manager.ListenerWD -- After click element -->input
35620 [Test worker] INFO  manager.ListenerWD -- sendKeyds-->
35627 [Test worker] INFO  manager.ListenerWD -- sendKeyds_TagName-->input
35656 [Test worker] INFO  manager.ListenerWD -- Before find element-->By.xpath: //b[text()='Save']
35673 [Test worker] INFO  manager.ListenerWD -- After find element-->By.xpath: //b[text()='Save']
35680 [Test worker] INFO  manager.ListenerWD -- Location of element-->b
35693 [Test worker] INFO  manager.ListenerWD -- Before click element -->btext-->Save
35759 [Test worker] INFO  manager.ListenerWD -- After click element -->b
36268 [Test worker] INFO  manager.ListenerWD -- Before find element-->By.xpath: //a[@href='/add']
36283 [Test worker] INFO  manager.ListenerWD -- After find element-->By.xpath: //a[@href='/add']
36290 [Test worker] INFO  manager.ListenerWD -- Location of element-->a
36302 [Test worker] INFO  manager.ListenerWD -- Before click element -->atext-->ADD
36372 [Test worker] INFO  manager.ListenerWD -- After click element -->a
36372 [Test worker] INFO  manager.ListenerWD -- Before find element-->By.xpath: //input[@placeholder='Name']
36392 [Test worker] INFO  manager.ListenerWD -- After find element-->By.xpath: //input[@placeholder='Name']
36400 [Test worker] INFO  manager.ListenerWD -- Location of element-->input
36415 [Test worker] INFO  manager.ListenerWD -- Before click element -->inputtext-->
36484 [Test worker] INFO  manager.ListenerWD -- After click element -->input
36525 [Test worker] INFO  manager.ListenerWD -- sendKeyds-->
36533 [Test worker] INFO  manager.ListenerWD -- sendKeyds_TagName-->input
36577 [Test worker] INFO  manager.ListenerWD -- Huston, we have a problem!
36577 [Test worker] INFO  manager.ListenerWD -- Failed method:sendKeys
36577 [Test worker] INFO  manager.ListenerWD -- ***************
36577 [Test worker] INFO  manager.ListenerWD -- Arguments:[[Ljava.lang.CharSequence;@61f6d381]
36577 [Test worker] INFO  manager.ListenerWD -- ***************
36577 [Test worker] INFO  manager.ListenerWD -- Exception:StaleElementReferenceException
36577 [Test worker] INFO  manager.ListenerWD -- ***************
36577 [Test worker] INFO  manager.ListenerWD -- Messagestale element reference: stale element not found in the current frame
  (Session info: chrome=148.0.7778.216)
For documentation on this error, please visit: https://www.selenium.dev/documentation/webdriver/troubleshooting/errors#stale-element-reference-exception
Build info: version: '4.26.0', revision: '8ccf0219d7'
System info: os.name: 'Windows 11', os.arch: 'amd64', os.version: '10.0', java.version: '21.0.10'
Driver info: org.openqa.selenium.chrome.ChromeDriver
Command: [09f19150ae81133548e4f9c06031edd2, sendKeysToElement {id=f.BE238F5BAB6A8DF6C879C8027708FC88.d.DA3EBCED2B1FF17D85E3B0BB2C7CEBBC.e.39, value=[Ljava.lang.CharSequence;@2538bc06}]
Capabilities {acceptInsecureCerts: false, browserName: chrome, browserVersion: 148.0.7778.216, chrome: {chromedriverVersion: 148.0.7778.167 (65db666ac2c..., userDataDir: C:\Users\Pavlova\AppData\Lo...}, fedcm:accounts: true, goog:chromeOptions: {debuggerAddress: localhost:51407}, goog:processID: 23176, networkConnectionEnabled: false, pageLoadStrategy: normal, platformName: windows, proxy: Proxy(), se:cdp: ws://localhost:51407/devtoo..., se:cdpVersion: 148.0.7778.216, setWindowRect: true, strictFileInteractability: false, timeouts: {implicit: 0, pageLoad: 300000, script: 30000}, unhandledPromptBehavior: dismiss and notify, webauthn:extension:credBlob: true, webauthn:extension:largeBlob: true, webauthn:extension:minPinLength: true, webauthn:extension:prf: true, webauthn:virtualAuthenticators: true}
Element: [[ChromeDriver: chrome on windows (09f19150ae81133548e4f9c06031edd2)] -> xpath: //input[@placeholder='Name']]
Session ID: 09f19150ae81133548e4f9c06031edd2
36577 [Test worker] INFO  manager.ListenerWD -- ***************
36577 [Test worker] INFO  manager.ListenerWD -- ***************
36577 [Test worker] INFO  manager.ListenerWD -- Screen with error is--->src/test/screenshots/screen_1099.png
36586 [Test worker] INFO  tests.TestBase -- ==============================================
36588 [Test worker] INFO  tests.TestBase -- Name of method (test) --->removeFirstContact
36590 [Test worker] INFO  tests.TestBase -- ==============================================
