1953 [Test worker] INFO  manager.ApplicationManager -- All tests runs in Chrome Browser
3408 [Test worker] INFO  manager.ApplicationManager -- The link --->https://telranedu.web.app/home
3444 [Test worker] INFO  tests.TestBase -- Name of method (test) --->registrationLose
8491 [Test worker] INFO  tests.TestBase -- Registration Test data ---> email: 'ззщшщг@gmail.com & password: '20042005'
8494 [Test worker] INFO  manager.ListenerWD -- Before find element-->By.cssSelector: a[href='/login']
8531 [Test worker] INFO  manager.ListenerWD -- After find element-->By.cssSelector: a[href='/login']
8542 [Test worker] INFO  manager.ListenerWD -- Location of element-->a
8570 [Test worker] INFO  manager.ListenerWD -- Before click element -->atext-->LOGIN
8684 [Test worker] INFO  manager.ListenerWD -- After click element -->a
8686 [Test worker] INFO  manager.ListenerWD -- Before find element-->By.name: email
8729 [Test worker] INFO  manager.ListenerWD -- After find element-->By.name: email
8742 [Test worker] INFO  manager.ListenerWD -- Location of element-->input
8758 [Test worker] INFO  manager.ListenerWD -- Before click element -->inputtext-->
8842 [Test worker] INFO  manager.ListenerWD -- After click element -->input
8916 [Test worker] INFO  manager.ListenerWD -- sendKeyds-->
8921 [Test worker] INFO  manager.ListenerWD -- sendKeyds_TagName-->input
8991 [Test worker] INFO  manager.ListenerWD -- Before find element-->By.xpath: //input[@placeholder='Password']
9026 [Test worker] INFO  manager.ListenerWD -- After find element-->By.xpath: //input[@placeholder='Password']
9036 [Test worker] INFO  manager.ListenerWD -- Location of element-->input
9054 [Test worker] INFO  manager.ListenerWD -- Before click element -->inputtext-->
9133 [Test worker] INFO  manager.ListenerWD -- After click element -->input
9174 [Test worker] INFO  manager.ListenerWD -- sendKeyds-->
9179 [Test worker] INFO  manager.ListenerWD -- sendKeyds_TagName-->input
9223 [Test worker] INFO  manager.ListenerWD -- Before find element-->By.xpath: //Button[text()='Registration']
9258 [Test worker] INFO  manager.ListenerWD -- After find element-->By.xpath: //Button[text()='Registration']
9268 [Test worker] INFO  manager.ListenerWD -- Location of element-->button
9287 [Test worker] INFO  manager.ListenerWD -- Before click element -->buttontext-->Registration
9415 [Test worker] INFO  manager.ListenerWD -- Huston, we have a problem!
9415 [Test worker] INFO  manager.ListenerWD -- Failed method:alert
9415 [Test worker] INFO  manager.ListenerWD -- ***************
9415 [Test worker] INFO  manager.ListenerWD -- Arguments:null
9415 [Test worker] INFO  manager.ListenerWD -- ***************
9415 [Test worker] INFO  manager.ListenerWD -- Exception:NoAlertPresentException
9415 [Test worker] INFO  manager.ListenerWD -- ***************
9415 [Test worker] INFO  manager.ListenerWD -- Messageno such alert
  (Session info: chrome=148.0.7778.216)
Build info: version: '4.26.0', revision: '8ccf0219d7'
System info: os.name: 'Windows 11', os.arch: 'amd64', os.version: '10.0', java.version: '17.0.12'
Driver info: org.openqa.selenium.chrome.ChromeDriver
Command: [399e85a7de35c71aebdd899d536c8e05, getAlertText {}]
Capabilities {acceptInsecureCerts: false, browserName: chrome, browserVersion: 148.0.7778.216, chrome: {chromedriverVersion: 148.0.7778.167 (65db666ac2c..., userDataDir: C:\Users\Pavlova\AppData\Lo...}, fedcm:accounts: true, goog:chromeOptions: {debuggerAddress: localhost:28336}, goog:processID: 21336, networkConnectionEnabled: false, pageLoadStrategy: normal, platformName: windows, proxy: Proxy(), se:cdp: ws://localhost:28336/devtoo..., se:cdpVersion: 148.0.7778.216, setWindowRect: true, strictFileInteractability: false, timeouts: {implicit: 0, pageLoad: 300000, script: 30000}, unhandledPromptBehavior: dismiss and notify, webauthn:extension:credBlob: true, webauthn:extension:largeBlob: true, webauthn:extension:minPinLength: true, webauthn:extension:prf: true, webauthn:virtualAuthenticators: true}
Session ID: 399e85a7de35c71aebdd899d536c8e05
9420 [Test worker] INFO  manager.ListenerWD -- ***************
9420 [Test worker] INFO  manager.ListenerWD -- ***************
9420 [Test worker] INFO  manager.ListenerWD -- Screen with error is--->src/test/screenshots/screen_1154.png
9966 [Test worker] INFO  manager.ListenerWD -- Huston, we have a problem!
9966 [Test worker] INFO  manager.ListenerWD -- Failed method:alert
9966 [Test worker] INFO  manager.ListenerWD -- ***************
9966 [Test worker] INFO  manager.ListenerWD -- Arguments:null
9966 [Test worker] INFO  manager.ListenerWD -- ***************
9966 [Test worker] INFO  manager.ListenerWD -- Exception:NoAlertPresentException
9966 [Test worker] INFO  manager.ListenerWD -- ***************
9966 [Test worker] INFO  manager.ListenerWD -- Messageno such alert
  (Session info: chrome=148.0.7778.216)
Build info: version: '4.26.0', revision: '8ccf0219d7'
System info: os.name: 'Windows 11', os.arch: 'amd64', os.version: '10.0', java.version: '17.0.12'
Driver info: org.openqa.selenium.chrome.ChromeDriver
Command: [399e85a7de35c71aebdd899d536c8e05, getAlertText {}]
Capabilities {acceptInsecureCerts: false, browserName: chrome, browserVersion: 148.0.7778.216, chrome: {chromedriverVersion: 148.0.7778.167 (65db666ac2c..., userDataDir: C:\Users\Pavlova\AppData\Lo...}, fedcm:accounts: true, goog:chromeOptions: {debuggerAddress: localhost:28336}, goog:processID: 21336, networkConnectionEnabled: false, pageLoadStrategy: normal, platformName: windows, proxy: Proxy(), se:cdp: ws://localhost:28336/devtoo..., se:cdpVersion: 148.0.7778.216, setWindowRect: true, strictFileInteractability: false, timeouts: {implicit: 0, pageLoad: 300000, script: 30000}, unhandledPromptBehavior: dismiss and notify, webauthn:extension:credBlob: true, webauthn:extension:largeBlob: true, webauthn:extension:minPinLength: true, webauthn:extension:prf: true, webauthn:virtualAuthenticators: true}
Session ID: 399e85a7de35c71aebdd899d536c8e05
9968 [Test worker] INFO  manager.ListenerWD -- ***************
9968 [Test worker] INFO  manager.ListenerWD -- ***************
9968 [Test worker] INFO  manager.ListenerWD -- Screen with error is--->src/test/screenshots/screen_1273.png
10525 [Test worker] INFO  tests.TestBase -- Assert check is alert present with error text 'No Contacts here!'
10535 [Test worker] INFO  tests.TestBase -- Name of method (test) --->registrationLose2
15582 [Test worker] INFO  tests.TestBase -- Registration Test data ---> email: 'יעיעיע@gmail.com & password: '890665R'
15582 [Test worker] INFO  manager.ListenerWD -- Before find element-->By.cssSelector: a[href='/login']
15621 [Test worker] INFO  manager.ListenerWD -- After find element-->By.cssSelector: a[href='/login']
15630 [Test worker] INFO  manager.ListenerWD -- Location of element-->a
15649 [Test worker] INFO  manager.ListenerWD -- Before click element -->atext-->LOGIN
15746 [Test worker] INFO  manager.ListenerWD -- After click element -->a
15746 [Test worker] INFO  manager.ListenerWD -- Before find element-->By.name: email
15769 [Test worker] INFO  manager.ListenerWD -- After find element-->By.name: email
15772 [Test worker] INFO  manager.ListenerWD -- Location of element-->input
15796 [Test worker] INFO  manager.ListenerWD -- Before click element -->inputtext-->
15874 [Test worker] INFO  manager.ListenerWD -- After click element -->input
15926 [Test worker] INFO  manager.ListenerWD -- sendKeyds-->
15935 [Test worker] INFO  manager.ListenerWD -- sendKeyds_TagName-->input
16015 [Test worker] INFO  manager.ListenerWD -- Before find element-->By.xpath: //input[@placeholder='Password']
16040 [Test worker] INFO  manager.ListenerWD -- After find element-->By.xpath: //input[@placeholder='Password']
16051 [Test worker] INFO  manager.ListenerWD -- Location of element-->input
16060 [Test worker] INFO  manager.ListenerWD -- Before click element -->inputtext-->
16145 [Test worker] INFO  manager.ListenerWD -- After click element -->input
16185 [Test worker] INFO  manager.ListenerWD -- sendKeyds-->
16188 [Test worker] INFO  manager.ListenerWD -- sendKeyds_TagName-->input
16245 [Test worker] INFO  manager.ListenerWD -- Before find element-->By.xpath: //Button[text()='Registration']
16266 [Test worker] INFO  manager.ListenerWD -- After find element-->By.xpath: //Button[text()='Registration']
16271 [Test worker] INFO  manager.ListenerWD -- Location of element-->button
16288 [Test worker] INFO  manager.ListenerWD -- Before click element -->buttontext-->Registration
16380 [Test worker] INFO  manager.ListenerWD -- Huston, we have a problem!
16380 [Test worker] INFO  manager.ListenerWD -- Failed method:alert
16380 [Test worker] INFO  manager.ListenerWD -- ***************
16380 [Test worker] INFO  manager.ListenerWD -- Arguments:null
16380 [Test worker] INFO  manager.ListenerWD -- ***************
16380 [Test worker] INFO  manager.ListenerWD -- Exception:NoAlertPresentException
16380 [Test worker] INFO  manager.ListenerWD -- ***************
16380 [Test worker] INFO  manager.ListenerWD -- Messageno such alert
  (Session info: chrome=148.0.7778.216)
Build info: version: '4.26.0', revision: '8ccf0219d7'
System info: os.name: 'Windows 11', os.arch: 'amd64', os.version: '10.0', java.version: '17.0.12'
Driver info: org.openqa.selenium.chrome.ChromeDriver
Command: [399e85a7de35c71aebdd899d536c8e05, getAlertText {}]
Capabilities {acceptInsecureCerts: false, browserName: chrome, browserVersion: 148.0.7778.216, chrome: {chromedriverVersion: 148.0.7778.167 (65db666ac2c..., userDataDir: C:\Users\Pavlova\AppData\Lo...}, fedcm:accounts: true, goog:chromeOptions: {debuggerAddress: localhost:28336}, goog:processID: 21336, networkConnectionEnabled: false, pageLoadStrategy: normal, platformName: windows, proxy: Proxy(), se:cdp: ws://localhost:28336/devtoo..., se:cdpVersion: 148.0.7778.216, setWindowRect: true, strictFileInteractability: false, timeouts: {implicit: 0, pageLoad: 300000, script: 30000}, unhandledPromptBehavior: dismiss and notify, webauthn:extension:credBlob: true, webauthn:extension:largeBlob: true, webauthn:extension:minPinLength: true, webauthn:extension:prf: true, webauthn:virtualAuthenticators: true}
Session ID: 399e85a7de35c71aebdd899d536c8e05
16380 [Test worker] INFO  manager.ListenerWD -- ***************
16380 [Test worker] INFO  manager.ListenerWD -- ***************
16380 [Test worker] INFO  manager.ListenerWD -- Screen with error is--->src/test/screenshots/screen_1499.png
16915 [Test worker] INFO  tests.TestBase -- Assert check is alert present with error text 'Wrong email or password'
16920 [Test worker] INFO  tests.TestBase -- Name of method (test) --->registrationSuccess
21960 [Test worker] INFO  tests.TestBase -- Start test with name 'registrationSuccess'
21960 [Test worker] INFO  tests.TestBase -- Registration Test data ---> email: 'pavlova@gmail.com & password: 'Pablo_1001#'
21960 [Test worker] INFO  manager.ListenerWD -- Before find element-->By.cssSelector: a[href='/login']
21979 [Test worker] INFO  manager.ListenerWD -- After find element-->By.cssSelector: a[href='/login']
21991 [Test worker] INFO  manager.ListenerWD -- Location of element-->a
22011 [Test worker] INFO  manager.ListenerWD -- Before click element -->atext-->LOGIN
22079 [Test worker] INFO  manager.ListenerWD -- After click element -->a
22079 [Test worker] INFO  manager.ListenerWD -- Before find element-->By.name: email
22096 [Test worker] INFO  manager.ListenerWD -- After find element-->By.name: email
22104 [Test worker] INFO  manager.ListenerWD -- Location of element-->input
22122 [Test worker] INFO  manager.ListenerWD -- Before click element -->inputtext-->
22191 [Test worker] INFO  manager.ListenerWD -- After click element -->input
22235 [Test worker] INFO  manager.ListenerWD -- sendKeyds-->
22243 [Test worker] INFO  manager.ListenerWD -- sendKeyds_TagName-->input
22306 [Test worker] INFO  manager.ListenerWD -- Before find element-->By.xpath: //input[@placeholder='Password']
22323 [Test worker] INFO  manager.ListenerWD -- After find element-->By.xpath: //input[@placeholder='Password']
22340 [Test worker] INFO  manager.ListenerWD -- Location of element-->input
22362 [Test worker] INFO  manager.ListenerWD -- Before click element -->inputtext-->
22430 [Test worker] INFO  manager.ListenerWD -- After click element -->input
22474 [Test worker] INFO  manager.ListenerWD -- sendKeyds-->
22479 [Test worker] INFO  manager.ListenerWD -- sendKeyds_TagName-->input
22540 [Test worker] INFO  manager.ListenerWD -- Before find element-->By.xpath: //Button[text()='Registration']
22556 [Test worker] INFO  manager.ListenerWD -- After find element-->By.xpath: //Button[text()='Registration']
22567 [Test worker] INFO  manager.ListenerWD -- Location of element-->button
22585 [Test worker] INFO  manager.ListenerWD -- Before click element -->buttontext-->Registration
22651 [Test worker] INFO  manager.ListenerWD -- Before find element-->By.cssSelector: .contact-page_message__2qafk>h1
23427 [Test worker] INFO  manager.ListenerWD -- After find element-->By.cssSelector: .contact-page_message__2qafk>h1
23432 [Test worker] INFO  manager.ListenerWD -- Location of element-->h1
23449 [Test worker] INFO  tests.TestBase -- Assert check is alert present with  text 'No Contacts here!'
