16391 [Test worker] INFO  manager.ApplicationManager -- All tests runs in Chrome Browser
18496 [Test worker] INFO  manager.ApplicationManager -- The link --->https://telranedu.web.app/home
18525 [Test worker] INFO  tests.TestBase -- Name of method (test) --->registrationLose
23555 [Test worker] INFO  tests.TestBase -- Registration Test data ---> email: 'ззщшщг@gmail.com & password: '20042005'
23555 [Test worker] INFO  manager.ListenerWD -- Before find element-->By.cssSelector: a[href='/login']
23582 [Test worker] INFO  manager.ListenerWD -- After find element-->By.cssSelector: a[href='/login']
23592 [Test worker] INFO  manager.ListenerWD -- Location of element-->a
23608 [Test worker] INFO  manager.ListenerWD -- Before click element -->atext-->LOGIN
23661 [Test worker] INFO  manager.ListenerWD -- After click element -->a
23662 [Test worker] INFO  manager.ListenerWD -- Before find element-->By.name: email
23687 [Test worker] INFO  manager.ListenerWD -- After find element-->By.name: email
23693 [Test worker] INFO  manager.ListenerWD -- Location of element-->input
23703 [Test worker] INFO  manager.ListenerWD -- Before click element -->inputtext-->
23746 [Test worker] INFO  manager.ListenerWD -- After click element -->input
23774 [Test worker] INFO  manager.ListenerWD -- sendKeyds-->
23779 [Test worker] INFO  manager.ListenerWD -- sendKeyds_TagName-->input
23809 [Test worker] INFO  manager.ListenerWD -- Before find element-->By.xpath: //input[@placeholder='Password']
23829 [Test worker] INFO  manager.ListenerWD -- After find element-->By.xpath: //input[@placeholder='Password']
23833 [Test worker] INFO  manager.ListenerWD -- Location of element-->input
23844 [Test worker] INFO  manager.ListenerWD -- Before click element -->inputtext-->
23894 [Test worker] INFO  manager.ListenerWD -- After click element -->input
23924 [Test worker] INFO  manager.ListenerWD -- sendKeyds-->
23928 [Test worker] INFO  manager.ListenerWD -- sendKeyds_TagName-->input
23945 [Test worker] INFO  manager.ListenerWD -- Before find element-->By.xpath: //Button[text()='Registration']
23963 [Test worker] INFO  manager.ListenerWD -- After find element-->By.xpath: //Button[text()='Registration']
23967 [Test worker] INFO  manager.ListenerWD -- Location of element-->button
23977 [Test worker] INFO  manager.ListenerWD -- Before click element -->buttontext-->Registration
24028 [Test worker] INFO  manager.ListenerWD -- Huston, we have a problem!
24028 [Test worker] INFO  manager.ListenerWD -- Failed method:alert
24028 [Test worker] INFO  manager.ListenerWD -- ***************
24028 [Test worker] INFO  manager.ListenerWD -- Arguments:null
24028 [Test worker] INFO  manager.ListenerWD -- ***************
24028 [Test worker] INFO  manager.ListenerWD -- Exception:NoAlertPresentException
24028 [Test worker] INFO  manager.ListenerWD -- ***************
24028 [Test worker] INFO  manager.ListenerWD -- Messageno such alert
  (Session info: chrome=148.0.7778.216)
Build info: version: '4.26.0', revision: '8ccf0219d7'
System info: os.name: 'Windows 11', os.arch: 'amd64', os.version: '10.0', java.version: '21.0.10'
Driver info: org.openqa.selenium.chrome.ChromeDriver
Command: [c8032c794df827cd3487983c865e3144, getAlertText {}]
Capabilities {acceptInsecureCerts: false, browserName: chrome, browserVersion: 148.0.7778.216, chrome: {chromedriverVersion: 148.0.7778.167 (65db666ac2c..., userDataDir: C:\Users\Pavlova\AppData\Lo...}, fedcm:accounts: true, goog:chromeOptions: {debuggerAddress: localhost:11581}, goog:processID: 1824, networkConnectionEnabled: false, pageLoadStrategy: normal, platformName: windows, proxy: Proxy(), se:cdp: ws://localhost:11581/devtoo..., se:cdpVersion: 148.0.7778.216, setWindowRect: true, strictFileInteractability: false, timeouts: {implicit: 0, pageLoad: 300000, script: 30000}, unhandledPromptBehavior: dismiss and notify, webauthn:extension:credBlob: true, webauthn:extension:largeBlob: true, webauthn:extension:minPinLength: true, webauthn:extension:prf: true, webauthn:virtualAuthenticators: true}
Session ID: c8032c794df827cd3487983c865e3144
24028 [Test worker] INFO  manager.ListenerWD -- ***************
24028 [Test worker] INFO  manager.ListenerWD -- ***************
24041 [Test worker] INFO  manager.ListenerWD -- Screen with error is--->src/test/screenshots/screen_1512.png
24563 [Test worker] INFO  manager.ListenerWD -- Huston, we have a problem!
24563 [Test worker] INFO  manager.ListenerWD -- Failed method:alert
24563 [Test worker] INFO  manager.ListenerWD -- ***************
24563 [Test worker] INFO  manager.ListenerWD -- Arguments:null
24563 [Test worker] INFO  manager.ListenerWD -- ***************
24563 [Test worker] INFO  manager.ListenerWD -- Exception:NoAlertPresentException
24563 [Test worker] INFO  manager.ListenerWD -- ***************
24563 [Test worker] INFO  manager.ListenerWD -- Messageno such alert
  (Session info: chrome=148.0.7778.216)
Build info: version: '4.26.0', revision: '8ccf0219d7'
System info: os.name: 'Windows 11', os.arch: 'amd64', os.version: '10.0', java.version: '21.0.10'
Driver info: org.openqa.selenium.chrome.ChromeDriver
Command: [c8032c794df827cd3487983c865e3144, getAlertText {}]
Capabilities {acceptInsecureCerts: false, browserName: chrome, browserVersion: 148.0.7778.216, chrome: {chromedriverVersion: 148.0.7778.167 (65db666ac2c..., userDataDir: C:\Users\Pavlova\AppData\Lo...}, fedcm:accounts: true, goog:chromeOptions: {debuggerAddress: localhost:11581}, goog:processID: 1824, networkConnectionEnabled: false, pageLoadStrategy: normal, platformName: windows, proxy: Proxy(), se:cdp: ws://localhost:11581/devtoo..., se:cdpVersion: 148.0.7778.216, setWindowRect: true, strictFileInteractability: false, timeouts: {implicit: 0, pageLoad: 300000, script: 30000}, unhandledPromptBehavior: dismiss and notify, webauthn:extension:credBlob: true, webauthn:extension:largeBlob: true, webauthn:extension:minPinLength: true, webauthn:extension:prf: true, webauthn:virtualAuthenticators: true}
Session ID: c8032c794df827cd3487983c865e3144
24564 [Test worker] INFO  manager.ListenerWD -- ***************
24564 [Test worker] INFO  manager.ListenerWD -- ***************
24564 [Test worker] INFO  manager.ListenerWD -- Screen with error is--->src/test/screenshots/screen_1374.png
25084 [Test worker] INFO  manager.ListenerWD -- Huston, we have a problem!
25084 [Test worker] INFO  manager.ListenerWD -- Failed method:alert
25084 [Test worker] INFO  manager.ListenerWD -- ***************
25084 [Test worker] INFO  manager.ListenerWD -- Arguments:null
25084 [Test worker] INFO  manager.ListenerWD -- ***************
25084 [Test worker] INFO  manager.ListenerWD -- Exception:NoAlertPresentException
25084 [Test worker] INFO  manager.ListenerWD -- ***************
25084 [Test worker] INFO  manager.ListenerWD -- Messageno such alert
  (Session info: chrome=148.0.7778.216)
Build info: version: '4.26.0', revision: '8ccf0219d7'
System info: os.name: 'Windows 11', os.arch: 'amd64', os.version: '10.0', java.version: '21.0.10'
Driver info: org.openqa.selenium.chrome.ChromeDriver
Command: [c8032c794df827cd3487983c865e3144, getAlertText {}]
Capabilities {acceptInsecureCerts: false, browserName: chrome, browserVersion: 148.0.7778.216, chrome: {chromedriverVersion: 148.0.7778.167 (65db666ac2c..., userDataDir: C:\Users\Pavlova\AppData\Lo...}, fedcm:accounts: true, goog:chromeOptions: {debuggerAddress: localhost:11581}, goog:processID: 1824, networkConnectionEnabled: false, pageLoadStrategy: normal, platformName: windows, proxy: Proxy(), se:cdp: ws://localhost:11581/devtoo..., se:cdpVersion: 148.0.7778.216, setWindowRect: true, strictFileInteractability: false, timeouts: {implicit: 0, pageLoad: 300000, script: 30000}, unhandledPromptBehavior: dismiss and notify, webauthn:extension:credBlob: true, webauthn:extension:largeBlob: true, webauthn:extension:minPinLength: true, webauthn:extension:prf: true, webauthn:virtualAuthenticators: true}
Session ID: c8032c794df827cd3487983c865e3144
25084 [Test worker] INFO  manager.ListenerWD -- ***************
25084 [Test worker] INFO  manager.ListenerWD -- ***************
25084 [Test worker] INFO  manager.ListenerWD -- Screen with error is--->src/test/screenshots/screen_1599.png
25619 [Test worker] INFO  tests.TestBase -- Assert check is alert present with error text 'No Contacts here!'
25620 [Test worker] INFO  tests.TestBase -- ==============================================
25625 [Test worker] INFO  tests.TestBase -- Name of method (test) --->registrationLose2
30631 [Test worker] INFO  tests.TestBase -- Registration Test data ---> email: 'יעיעיע@gmail.com & password: '890665R'
30631 [Test worker] INFO  manager.ListenerWD -- Before find element-->By.cssSelector: a[href='/login']
30639 [Test worker] INFO  manager.ListenerWD -- After find element-->By.cssSelector: a[href='/login']
30639 [Test worker] INFO  manager.ListenerWD -- Location of element-->a
30657 [Test worker] INFO  manager.ListenerWD -- Before click element -->atext-->LOGIN
30696 [Test worker] INFO  manager.ListenerWD -- After click element -->a
30697 [Test worker] INFO  manager.ListenerWD -- Before find element-->By.name: email
30708 [Test worker] INFO  manager.ListenerWD -- After find element-->By.name: email
30713 [Test worker] INFO  manager.ListenerWD -- Location of element-->input
30722 [Test worker] INFO  manager.ListenerWD -- Before click element -->inputtext-->
30761 [Test worker] INFO  manager.ListenerWD -- After click element -->input
30782 [Test worker] INFO  manager.ListenerWD -- sendKeyds-->
30786 [Test worker] INFO  manager.ListenerWD -- sendKeyds_TagName-->input
30818 [Test worker] INFO  manager.ListenerWD -- Before find element-->By.xpath: //input[@placeholder='Password']
30827 [Test worker] INFO  manager.ListenerWD -- After find element-->By.xpath: //input[@placeholder='Password']
30837 [Test worker] INFO  manager.ListenerWD -- Location of element-->input
30861 [Test worker] INFO  manager.ListenerWD -- Before click element -->inputtext-->
30896 [Test worker] INFO  manager.ListenerWD -- After click element -->input
30916 [Test worker] INFO  manager.ListenerWD -- sendKeyds-->
30916 [Test worker] INFO  manager.ListenerWD -- sendKeyds_TagName-->input
30945 [Test worker] INFO  manager.ListenerWD -- Before find element-->By.xpath: //Button[text()='Registration']
30952 [Test worker] INFO  manager.ListenerWD -- After find element-->By.xpath: //Button[text()='Registration']
30959 [Test worker] INFO  manager.ListenerWD -- Location of element-->button
30968 [Test worker] INFO  manager.ListenerWD -- Before click element -->buttontext-->Registration
31009 [Test worker] INFO  manager.ListenerWD -- Huston, we have a problem!
31010 [Test worker] INFO  manager.ListenerWD -- Failed method:alert
31010 [Test worker] INFO  manager.ListenerWD -- ***************
31010 [Test worker] INFO  manager.ListenerWD -- Arguments:null
31010 [Test worker] INFO  manager.ListenerWD -- ***************
31010 [Test worker] INFO  manager.ListenerWD -- Exception:NoAlertPresentException
31010 [Test worker] INFO  manager.ListenerWD -- ***************
31010 [Test worker] INFO  manager.ListenerWD -- Messageno such alert
  (Session info: chrome=148.0.7778.216)
Build info: version: '4.26.0', revision: '8ccf0219d7'
System info: os.name: 'Windows 11', os.arch: 'amd64', os.version: '10.0', java.version: '21.0.10'
Driver info: org.openqa.selenium.chrome.ChromeDriver
Command: [c8032c794df827cd3487983c865e3144, getAlertText {}]
Capabilities {acceptInsecureCerts: false, browserName: chrome, browserVersion: 148.0.7778.216, chrome: {chromedriverVersion: 148.0.7778.167 (65db666ac2c..., userDataDir: C:\Users\Pavlova\AppData\Lo...}, fedcm:accounts: true, goog:chromeOptions: {debuggerAddress: localhost:11581}, goog:processID: 1824, networkConnectionEnabled: false, pageLoadStrategy: normal, platformName: windows, proxy: Proxy(), se:cdp: ws://localhost:11581/devtoo..., se:cdpVersion: 148.0.7778.216, setWindowRect: true, strictFileInteractability: false, timeouts: {implicit: 0, pageLoad: 300000, script: 30000}, unhandledPromptBehavior: dismiss and notify, webauthn:extension:credBlob: true, webauthn:extension:largeBlob: true, webauthn:extension:minPinLength: true, webauthn:extension:prf: true, webauthn:virtualAuthenticators: true}
Session ID: c8032c794df827cd3487983c865e3144
31010 [Test worker] INFO  manager.ListenerWD -- ***************
31010 [Test worker] INFO  manager.ListenerWD -- ***************
31010 [Test worker] INFO  manager.ListenerWD -- Screen with error is--->src/test/screenshots/screen_1206.png
31522 [Test worker] INFO  manager.ListenerWD -- Huston, we have a problem!
31522 [Test worker] INFO  manager.ListenerWD -- Failed method:alert
31522 [Test worker] INFO  manager.ListenerWD -- ***************
31522 [Test worker] INFO  manager.ListenerWD -- Arguments:null
31522 [Test worker] INFO  manager.ListenerWD -- ***************
31522 [Test worker] INFO  manager.ListenerWD -- Exception:NoAlertPresentException
31522 [Test worker] INFO  manager.ListenerWD -- ***************
31522 [Test worker] INFO  manager.ListenerWD -- Messageno such alert
  (Session info: chrome=148.0.7778.216)
Build info: version: '4.26.0', revision: '8ccf0219d7'
System info: os.name: 'Windows 11', os.arch: 'amd64', os.version: '10.0', java.version: '21.0.10'
Driver info: org.openqa.selenium.chrome.ChromeDriver
Command: [c8032c794df827cd3487983c865e3144, getAlertText {}]
Capabilities {acceptInsecureCerts: false, browserName: chrome, browserVersion: 148.0.7778.216, chrome: {chromedriverVersion: 148.0.7778.167 (65db666ac2c..., userDataDir: C:\Users\Pavlova\AppData\Lo...}, fedcm:accounts: true, goog:chromeOptions: {debuggerAddress: localhost:11581}, goog:processID: 1824, networkConnectionEnabled: false, pageLoadStrategy: normal, platformName: windows, proxy: Proxy(), se:cdp: ws://localhost:11581/devtoo..., se:cdpVersion: 148.0.7778.216, setWindowRect: true, strictFileInteractability: false, timeouts: {implicit: 0, pageLoad: 300000, script: 30000}, unhandledPromptBehavior: dismiss and notify, webauthn:extension:credBlob: true, webauthn:extension:largeBlob: true, webauthn:extension:minPinLength: true, webauthn:extension:prf: true, webauthn:virtualAuthenticators: true}
Session ID: c8032c794df827cd3487983c865e3144
31522 [Test worker] INFO  manager.ListenerWD -- ***************
31522 [Test worker] INFO  manager.ListenerWD -- ***************
31522 [Test worker] INFO  manager.ListenerWD -- Screen with error is--->src/test/screenshots/screen_1811.png
32052 [Test worker] INFO  tests.TestBase -- Assert check is alert present with error text 'Wrong email or password'
32053 [Test worker] INFO  tests.TestBase -- ==============================================
32054 [Test worker] INFO  tests.TestBase -- Name of method (test) --->registrationSuccess
37118 [Test worker] INFO  tests.TestBase -- Start test with name 'registrationSuccess'
37118 [Test worker] INFO  tests.TestBase -- Registration Test data ---> email: 'pavlova@gmail.com & password: 'Pablo_1001#'
37118 [Test worker] INFO  manager.ListenerWD -- Before find element-->By.cssSelector: a[href='/login']
37126 [Test worker] INFO  manager.ListenerWD -- After find element-->By.cssSelector: a[href='/login']
37126 [Test worker] INFO  manager.ListenerWD -- Location of element-->a
37138 [Test worker] INFO  manager.ListenerWD -- Before click element -->atext-->LOGIN
37177 [Test worker] INFO  manager.ListenerWD -- After click element -->a
37177 [Test worker] INFO  manager.ListenerWD -- Before find element-->By.name: email
37189 [Test worker] INFO  manager.ListenerWD -- After find element-->By.name: email
37192 [Test worker] INFO  manager.ListenerWD -- Location of element-->input
37200 [Test worker] INFO  manager.ListenerWD -- Before click element -->inputtext-->
37229 [Test worker] INFO  manager.ListenerWD -- After click element -->input
37253 [Test worker] INFO  manager.ListenerWD -- sendKeyds-->
37253 [Test worker] INFO  manager.ListenerWD -- sendKeyds_TagName-->input
37288 [Test worker] INFO  manager.ListenerWD -- Before find element-->By.xpath: //input[@placeholder='Password']
37300 [Test worker] INFO  manager.ListenerWD -- After find element-->By.xpath: //input[@placeholder='Password']
37303 [Test worker] INFO  manager.ListenerWD -- Location of element-->input
37313 [Test worker] INFO  manager.ListenerWD -- Before click element -->inputtext-->
37346 [Test worker] INFO  manager.ListenerWD -- After click element -->input
37367 [Test worker] INFO  manager.ListenerWD -- sendKeyds-->
37368 [Test worker] INFO  manager.ListenerWD -- sendKeyds_TagName-->input
37400 [Test worker] INFO  manager.ListenerWD -- Before find element-->By.xpath: //Button[text()='Registration']
37409 [Test worker] INFO  manager.ListenerWD -- After find element-->By.xpath: //Button[text()='Registration']
37414 [Test worker] INFO  manager.ListenerWD -- Location of element-->button
37420 [Test worker] INFO  manager.ListenerWD -- Before click element -->buttontext-->Registration
37458 [Test worker] INFO  manager.ListenerWD -- Before find element-->By.cssSelector: .contact-page_message__2qafk>h1
38717 [Test worker] INFO  manager.ListenerWD -- After find element-->By.cssSelector: .contact-page_message__2qafk>h1
38718 [Test worker] INFO  manager.ListenerWD -- Location of element-->h1
38728 [Test worker] INFO  tests.TestBase -- Assert check is alert present with  text 'No Contacts here!'
38728 [Test worker] INFO  tests.TestBase -- ==============================================
38728 [Test worker] INFO  tests.TestBase -- Name of method (test) --->removeAllContacts
43799 [Test worker] INFO  manager.ListenerWD -- Before find element-->By.xpath: //a[@href='/add']
43807 [Test worker] INFO  manager.ListenerWD -- After find element-->By.xpath: //a[@href='/add']
43815 [Test worker] INFO  manager.ListenerWD -- Location of element-->a
43820 [Test worker] INFO  manager.ListenerWD -- Before click element -->atext-->ADD
43865 [Test worker] INFO  manager.ListenerWD -- After click element -->a
43865 [Test worker] INFO  manager.ListenerWD -- Before find element-->By.xpath: //input[@placeholder='Name']
43878 [Test worker] INFO  manager.ListenerWD -- After find element-->By.xpath: //input[@placeholder='Name']
43883 [Test worker] INFO  manager.ListenerWD -- Location of element-->input
43890 [Test worker] INFO  manager.ListenerWD -- Before click element -->inputtext-->
43932 [Test worker] INFO  manager.ListenerWD -- After click element -->input
43962 [Test worker] INFO  manager.ListenerWD -- sendKeyds-->
43965 [Test worker] INFO  manager.ListenerWD -- sendKeyds_TagName-->input
43984 [Test worker] INFO  manager.ListenerWD -- Before find element-->By.xpath: //input[@placeholder='Last Name']
43993 [Test worker] INFO  manager.ListenerWD -- After find element-->By.xpath: //input[@placeholder='Last Name']
43997 [Test worker] INFO  manager.ListenerWD -- Location of element-->input
44008 [Test worker] INFO  manager.ListenerWD -- Before click element -->inputtext-->
44041 [Test worker] INFO  manager.ListenerWD -- After click element -->input
44061 [Test worker] INFO  manager.ListenerWD -- sendKeyds-->
44061 [Test worker] INFO  manager.ListenerWD -- sendKeyds_TagName-->input
44081 [Test worker] INFO  manager.ListenerWD -- Before find element-->By.xpath: //input[@placeholder='Phone']
44093 [Test worker] INFO  manager.ListenerWD -- After find element-->By.xpath: //input[@placeholder='Phone']
44096 [Test worker] INFO  manager.ListenerWD -- Location of element-->input
44127 [Test worker] INFO  manager.ListenerWD -- Before click element -->inputtext-->
44162 [Test worker] INFO  manager.ListenerWD -- After click element -->input
44183 [Test worker] INFO  manager.ListenerWD -- sendKeyds-->
44186 [Test worker] INFO  manager.ListenerWD -- sendKeyds_TagName-->input
44204 [Test worker] INFO  manager.ListenerWD -- Before find element-->By.xpath: //input[@placeholder='email']
44216 [Test worker] INFO  manager.ListenerWD -- After find element-->By.xpath: //input[@placeholder='email']
44221 [Test worker] INFO  manager.ListenerWD -- Location of element-->input
44229 [Test worker] INFO  manager.ListenerWD -- Before click element -->inputtext-->
44298 [Test worker] INFO  manager.ListenerWD -- After click element -->input
44315 [Test worker] INFO  manager.ListenerWD -- sendKeyds-->
44321 [Test worker] INFO  manager.ListenerWD -- sendKeyds_TagName-->input
44346 [Test worker] INFO  manager.ListenerWD -- Before find element-->By.xpath: //input[@placeholder='Address']
44357 [Test worker] INFO  manager.ListenerWD -- After find element-->By.xpath: //input[@placeholder='Address']
44359 [Test worker] INFO  manager.ListenerWD -- Location of element-->input
44370 [Test worker] INFO  manager.ListenerWD -- Before click element -->inputtext-->
44400 [Test worker] INFO  manager.ListenerWD -- After click element -->input
44421 [Test worker] INFO  manager.ListenerWD -- sendKeyds-->
44424 [Test worker] INFO  manager.ListenerWD -- sendKeyds_TagName-->input
44441 [Test worker] INFO  manager.ListenerWD -- Before find element-->By.xpath: //input[@placeholder='description']
44452 [Test worker] INFO  manager.ListenerWD -- After find element-->By.xpath: //input[@placeholder='description']
44452 [Test worker] INFO  manager.ListenerWD -- Location of element-->input
44464 [Test worker] INFO  manager.ListenerWD -- Before click element -->inputtext-->
44498 [Test worker] INFO  manager.ListenerWD -- After click element -->input
44512 [Test worker] INFO  manager.ListenerWD -- sendKeyds-->
44512 [Test worker] INFO  manager.ListenerWD -- sendKeyds_TagName-->input
44537 [Test worker] INFO  manager.ListenerWD -- Before find element-->By.xpath: //b[text()='Save']
44567 [Test worker] INFO  manager.ListenerWD -- After find element-->By.xpath: //b[text()='Save']
44571 [Test worker] INFO  manager.ListenerWD -- Location of element-->b
44577 [Test worker] INFO  manager.ListenerWD -- Before click element -->btext-->Save
44612 [Test worker] INFO  manager.ListenerWD -- After click element -->b
45121 [Test worker] INFO  manager.ListenerWD -- Before find element-->By.xpath: //a[@href='/add']
45130 [Test worker] INFO  manager.ListenerWD -- After find element-->By.xpath: //a[@href='/add']
45130 [Test worker] INFO  manager.ListenerWD -- Location of element-->a
45144 [Test worker] INFO  manager.ListenerWD -- Before click element -->atext-->ADD
45179 [Test worker] INFO  manager.ListenerWD -- After click element -->a
45179 [Test worker] INFO  manager.ListenerWD -- Before find element-->By.xpath: //input[@placeholder='Name']
45189 [Test worker] INFO  manager.ListenerWD -- After find element-->By.xpath: //input[@placeholder='Name']
45192 [Test worker] INFO  manager.ListenerWD -- Location of element-->input
45199 [Test worker] INFO  manager.ListenerWD -- Before click element -->inputtext-->
45222 [Test worker] INFO  manager.ListenerWD -- Huston, we have a problem!
45223 [Test worker] INFO  manager.ListenerWD -- Failed method:click
45223 [Test worker] INFO  manager.ListenerWD -- ***************
45223 [Test worker] INFO  manager.ListenerWD -- Arguments:null
45223 [Test worker] INFO  manager.ListenerWD -- ***************
45223 [Test worker] INFO  manager.ListenerWD -- Exception:StaleElementReferenceException
45223 [Test worker] INFO  manager.ListenerWD -- ***************
45223 [Test worker] INFO  manager.ListenerWD -- Messagestale element reference: stale element not found in the current frame
  (Session info: chrome=148.0.7778.216)
For documentation on this error, please visit: https://www.selenium.dev/documentation/webdriver/troubleshooting/errors#stale-element-reference-exception
Build info: version: '4.26.0', revision: '8ccf0219d7'
System info: os.name: 'Windows 11', os.arch: 'amd64', os.version: '10.0', java.version: '21.0.10'
Driver info: org.openqa.selenium.chrome.ChromeDriver
Command: [c8032c794df827cd3487983c865e3144, clickElement {id=f.1C809450C679DA0E8B0EA3983C872B08.d.011171AE43018274F3DE78DBBB1567AA.e.41}]
Capabilities {acceptInsecureCerts: false, browserName: chrome, browserVersion: 148.0.7778.216, chrome: {chromedriverVersion: 148.0.7778.167 (65db666ac2c..., userDataDir: C:\Users\Pavlova\AppData\Lo...}, fedcm:accounts: true, goog:chromeOptions: {debuggerAddress: localhost:11581}, goog:processID: 1824, networkConnectionEnabled: false, pageLoadStrategy: normal, platformName: windows, proxy: Proxy(), se:cdp: ws://localhost:11581/devtoo..., se:cdpVersion: 148.0.7778.216, setWindowRect: true, strictFileInteractability: false, timeouts: {implicit: 0, pageLoad: 300000, script: 30000}, unhandledPromptBehavior: dismiss and notify, webauthn:extension:credBlob: true, webauthn:extension:largeBlob: true, webauthn:extension:minPinLength: true, webauthn:extension:prf: true, webauthn:virtualAuthenticators: true}
Element: [[ChromeDriver: chrome on windows (c8032c794df827cd3487983c865e3144)] -> xpath: //input[@placeholder='Name']]
Session ID: c8032c794df827cd3487983c865e3144
45223 [Test worker] INFO  manager.ListenerWD -- ***************
45223 [Test worker] INFO  manager.ListenerWD -- ***************
45223 [Test worker] INFO  manager.ListenerWD -- Screen with error is--->src/test/screenshots/screen_1722.png
45226 [Test worker] INFO  tests.TestBase -- ==============================================
45226 [Test worker] INFO  tests.TestBase -- Name of method (test) --->removeFirstContact
45227 [Test worker] INFO  tests.TestBase -- ==============================================
