1984 [Test worker] INFO  manager.ApplicationManager -- All tests runs in Chrome Browser
3179 [Test worker] INFO  manager.ApplicationManager -- The link --->https://telranedu.web.app/home
3219 [Test worker] INFO  tests.TestBase -- Name of method (test) --->loginSuccess
8248 [Test worker] INFO  tests.TestBase -- Start test with name 'loginSuccess'
8248 [Test worker] INFO  tests.TestBase -- Test data ---> email: margo@gmail.com & password: Mmar123456$
8248 [Test worker] INFO  manager.ListenerWD -- Before find element-->By.cssSelector: a[href='/login']
8299 [Test worker] INFO  manager.ListenerWD -- After find element-->By.cssSelector: a[href='/login']
8302 [Test worker] INFO  manager.ListenerWD -- Location of element-->a
8337 [Test worker] INFO  manager.ListenerWD -- Before click element -->atext-->LOGIN
8440 [Test worker] INFO  manager.ListenerWD -- After click element -->a
8440 [Test worker] INFO  manager.ListenerWD -- Before find element-->By.name: email
8478 [Test worker] INFO  manager.ListenerWD -- After find element-->By.name: email
8489 [Test worker] INFO  manager.ListenerWD -- Location of element-->input
8509 [Test worker] INFO  manager.ListenerWD -- Before click element -->inputtext-->
8596 [Test worker] INFO  manager.ListenerWD -- After click element -->input
8668 [Test worker] INFO  manager.ListenerWD -- sendKeyds-->
8679 [Test worker] INFO  manager.ListenerWD -- sendKeyds_TagName-->input
8738 [Test worker] INFO  manager.ListenerWD -- Before find element-->By.xpath: //input[@placeholder='Password']
8768 [Test worker] INFO  manager.ListenerWD -- After find element-->By.xpath: //input[@placeholder='Password']
8777 [Test worker] INFO  manager.ListenerWD -- Location of element-->input
8789 [Test worker] INFO  manager.ListenerWD -- Before click element -->inputtext-->
8863 [Test worker] INFO  manager.ListenerWD -- After click element -->input
8912 [Test worker] INFO  manager.ListenerWD -- sendKeyds-->
8915 [Test worker] INFO  manager.ListenerWD -- sendKeyds_TagName-->input
8968 [Test worker] INFO  manager.ListenerWD -- Before find element-->By.xpath: //button[text()='Login']
8999 [Test worker] INFO  manager.ListenerWD -- After find element-->By.xpath: //button[text()='Login']
9001 [Test worker] INFO  manager.ListenerWD -- Location of element-->button
9033 [Test worker] INFO  manager.ListenerWD -- Before click element -->buttontext-->Login
10302 [Test worker] INFO  tests.TestBase -- Assert check is element button 'Sign out' present
10308 [Test worker] INFO  tests.TestBase -- ==============================================
10308 [Test worker] INFO  tests.TestBase -- Name of method (test) --->loginSuccess
10339 [Test worker] INFO  manager.ListenerWD -- Before find element-->By.xpath: //button[text()='Sign Out']
10367 [Test worker] INFO  manager.ListenerWD -- After find element-->By.xpath: //button[text()='Sign Out']
10383 [Test worker] INFO  manager.ListenerWD -- Location of element-->button
10400 [Test worker] INFO  manager.ListenerWD -- Before click element -->buttontext-->Sign Out
10497 [Test worker] INFO  tests.TestBase -- Before method finished logout
10497 [Test worker] INFO  tests.TestBase -- Start test with name 'loginSuccess'
10499 [Test worker] INFO  tests.TestBase -- Test data ---> email: sonya@gmail.com & password: Ss12345$
10499 [Test worker] INFO  manager.ListenerWD -- Before find element-->By.cssSelector: a[href='/login']
10524 [Test worker] INFO  manager.ListenerWD -- After find element-->By.cssSelector: a[href='/login']
10534 [Test worker] INFO  manager.ListenerWD -- Location of element-->a
10553 [Test worker] INFO  manager.ListenerWD -- Before click element -->atext-->LOGIN
10630 [Test worker] INFO  manager.ListenerWD -- After click element -->a
10630 [Test worker] INFO  manager.ListenerWD -- Before find element-->By.name: email
10656 [Test worker] INFO  manager.ListenerWD -- After find element-->By.name: email
10665 [Test worker] INFO  manager.ListenerWD -- Location of element-->input
10685 [Test worker] INFO  manager.ListenerWD -- Before click element -->inputtext-->
10772 [Test worker] INFO  manager.ListenerWD -- After click element -->input
10839 [Test worker] INFO  manager.ListenerWD -- sendKeyds-->
10848 [Test worker] INFO  manager.ListenerWD -- sendKeyds_TagName-->input
10901 [Test worker] INFO  manager.ListenerWD -- Before find element-->By.xpath: //input[@placeholder='Password']
10923 [Test worker] INFO  manager.ListenerWD -- After find element-->By.xpath: //input[@placeholder='Password']
10930 [Test worker] INFO  manager.ListenerWD -- Location of element-->input
10953 [Test worker] INFO  manager.ListenerWD -- Before click element -->inputtext-->
11072 [Test worker] INFO  manager.ListenerWD -- After click element -->input
11120 [Test worker] INFO  manager.ListenerWD -- sendKeyds-->
11120 [Test worker] INFO  manager.ListenerWD -- sendKeyds_TagName-->input
11171 [Test worker] INFO  manager.ListenerWD -- Before find element-->By.xpath: //button[text()='Login']
11197 [Test worker] INFO  manager.ListenerWD -- After find element-->By.xpath: //button[text()='Login']
11202 [Test worker] INFO  manager.ListenerWD -- Location of element-->button
11222 [Test worker] INFO  manager.ListenerWD -- Before click element -->buttontext-->Login
11573 [Test worker] INFO  tests.TestBase -- Assert check is element button 'Sign out' present
11575 [Test worker] INFO  tests.TestBase -- ==============================================
11575 [Test worker] INFO  tests.TestBase -- Name of method (test) --->loginSuccess
11596 [Test worker] INFO  manager.ListenerWD -- Before find element-->By.xpath: //button[text()='Sign Out']
11615 [Test worker] INFO  manager.ListenerWD -- After find element-->By.xpath: //button[text()='Sign Out']
11624 [Test worker] INFO  manager.ListenerWD -- Location of element-->button
11641 [Test worker] INFO  manager.ListenerWD -- Before click element -->buttontext-->Sign Out
11721 [Test worker] INFO  tests.TestBase -- Before method finished logout
11721 [Test worker] INFO  tests.TestBase -- Start test with name 'loginSuccess'
11721 [Test worker] INFO  tests.TestBase -- Test data ---> email: art276@art.com & password: $Art1$2$3456789
11721 [Test worker] INFO  manager.ListenerWD -- Before find element-->By.cssSelector: a[href='/login']
11745 [Test worker] INFO  manager.ListenerWD -- After find element-->By.cssSelector: a[href='/login']
11754 [Test worker] INFO  manager.ListenerWD -- Location of element-->a
11769 [Test worker] INFO  manager.ListenerWD -- Before click element -->atext-->LOGIN
11837 [Test worker] INFO  manager.ListenerWD -- After click element -->a
11837 [Test worker] INFO  manager.ListenerWD -- Before find element-->By.name: email
11862 [Test worker] INFO  manager.ListenerWD -- After find element-->By.name: email
11870 [Test worker] INFO  manager.ListenerWD -- Location of element-->input
11892 [Test worker] INFO  manager.ListenerWD -- Before click element -->inputtext-->
11976 [Test worker] INFO  manager.ListenerWD -- After click element -->input
12027 [Test worker] INFO  manager.ListenerWD -- sendKeyds-->
12035 [Test worker] INFO  manager.ListenerWD -- sendKeyds_TagName-->input
12083 [Test worker] INFO  manager.ListenerWD -- Before find element-->By.xpath: //input[@placeholder='Password']
12110 [Test worker] INFO  manager.ListenerWD -- After find element-->By.xpath: //input[@placeholder='Password']
12120 [Test worker] INFO  manager.ListenerWD -- Location of element-->input
12139 [Test worker] INFO  manager.ListenerWD -- Before click element -->inputtext-->
12244 [Test worker] INFO  manager.ListenerWD -- After click element -->input
12282 [Test worker] INFO  manager.ListenerWD -- sendKeyds-->
12292 [Test worker] INFO  manager.ListenerWD -- sendKeyds_TagName-->input
12342 [Test worker] INFO  manager.ListenerWD -- Before find element-->By.xpath: //button[text()='Login']
12360 [Test worker] INFO  manager.ListenerWD -- After find element-->By.xpath: //button[text()='Login']
12369 [Test worker] INFO  manager.ListenerWD -- Location of element-->button
12387 [Test worker] INFO  manager.ListenerWD -- Before click element -->buttontext-->Login
12724 [Test worker] INFO  tests.TestBase -- Assert check is element button 'Sign out' present
12727 [Test worker] INFO  tests.TestBase -- ==============================================
12731 [Test worker] INFO  tests.TestBase -- Name of method (test) --->loginSuccess1
12750 [Test worker] INFO  manager.ListenerWD -- Before find element-->By.xpath: //button[text()='Sign Out']
12769 [Test worker] INFO  manager.ListenerWD -- After find element-->By.xpath: //button[text()='Sign Out']
12775 [Test worker] INFO  manager.ListenerWD -- Location of element-->button
12793 [Test worker] INFO  manager.ListenerWD -- Before click element -->buttontext-->Sign Out
12861 [Test worker] INFO  tests.TestBase -- Before method finished logout
12861 [Test worker] INFO  manager.ListenerWD -- Before find element-->By.cssSelector: a[href='/login']
12886 [Test worker] INFO  manager.ListenerWD -- After find element-->By.cssSelector: a[href='/login']
12894 [Test worker] INFO  manager.ListenerWD -- Location of element-->a
12913 [Test worker] INFO  manager.ListenerWD -- Before click element -->atext-->LOGIN
12969 [Test worker] INFO  manager.ListenerWD -- After click element -->a
12969 [Test worker] INFO  manager.ListenerWD -- Before find element-->By.name: email
12986 [Test worker] INFO  manager.ListenerWD -- After find element-->By.name: email
12990 [Test worker] INFO  manager.ListenerWD -- Location of element-->input
13007 [Test worker] INFO  manager.ListenerWD -- Before click element -->inputtext-->
13073 [Test worker] INFO  manager.ListenerWD -- After click element -->input
13108 [Test worker] INFO  manager.ListenerWD -- sendKeyds-->
13115 [Test worker] INFO  manager.ListenerWD -- sendKeyds_TagName-->input
13152 [Test worker] INFO  manager.ListenerWD -- Before find element-->By.xpath: //input[@placeholder='Password']
13168 [Test worker] INFO  manager.ListenerWD -- After find element-->By.xpath: //input[@placeholder='Password']
13171 [Test worker] INFO  manager.ListenerWD -- Location of element-->input
13189 [Test worker] INFO  manager.ListenerWD -- Before click element -->inputtext-->
13254 [Test worker] INFO  manager.ListenerWD -- After click element -->input
13290 [Test worker] INFO  manager.ListenerWD -- sendKeyds-->
13297 [Test worker] INFO  manager.ListenerWD -- sendKeyds_TagName-->input
13332 [Test worker] INFO  manager.ListenerWD -- Before find element-->By.xpath: //button[text()='Login']
13347 [Test worker] INFO  manager.ListenerWD -- After find element-->By.xpath: //button[text()='Login']
13350 [Test worker] INFO  manager.ListenerWD -- Location of element-->button
13367 [Test worker] INFO  manager.ListenerWD -- Before click element -->buttontext-->Login
13742 [Test worker] INFO  tests.TestBase -- ==============================================
13747 [Test worker] INFO  tests.TestBase -- Name of method (test) --->loginSuccessModel
13770 [Test worker] INFO  manager.ListenerWD -- Before find element-->By.xpath: //button[text()='Sign Out']
13791 [Test worker] INFO  manager.ListenerWD -- After find element-->By.xpath: //button[text()='Sign Out']
13799 [Test worker] INFO  manager.ListenerWD -- Location of element-->button
13817 [Test worker] INFO  manager.ListenerWD -- Before click element -->buttontext-->Sign Out
13907 [Test worker] INFO  tests.TestBase -- Before method finished logout
13912 [Test worker] INFO  tests.TestBase -- Test data---> User{email='margo@gmail.com', password='Mmar123456$'}
13913 [Test worker] INFO  manager.ListenerWD -- Before find element-->By.cssSelector: a[href='/login']
13932 [Test worker] INFO  manager.ListenerWD -- After find element-->By.cssSelector: a[href='/login']
13942 [Test worker] INFO  manager.ListenerWD -- Location of element-->a
13962 [Test worker] INFO  manager.ListenerWD -- Before click element -->atext-->LOGIN
14127 [Test worker] INFO  manager.ListenerWD -- After click element -->a
14127 [Test worker] INFO  manager.ListenerWD -- Before find element-->By.name: email
14151 [Test worker] INFO  manager.ListenerWD -- After find element-->By.name: email
14160 [Test worker] INFO  manager.ListenerWD -- Location of element-->input
14175 [Test worker] INFO  manager.ListenerWD -- Before click element -->inputtext-->
14252 [Test worker] INFO  manager.ListenerWD -- After click element -->input
14291 [Test worker] INFO  manager.ListenerWD -- sendKeyds-->
14293 [Test worker] INFO  manager.ListenerWD -- sendKeyds_TagName-->input
14340 [Test worker] INFO  manager.ListenerWD -- Before find element-->By.xpath: //input[@placeholder='Password']
14356 [Test worker] INFO  manager.ListenerWD -- After find element-->By.xpath: //input[@placeholder='Password']
14364 [Test worker] INFO  manager.ListenerWD -- Location of element-->input
14380 [Test worker] INFO  manager.ListenerWD -- Before click element -->inputtext-->
14452 [Test worker] INFO  manager.ListenerWD -- After click element -->input
14500 [Test worker] INFO  manager.ListenerWD -- sendKeyds-->
14500 [Test worker] INFO  manager.ListenerWD -- sendKeyds_TagName-->input
14545 [Test worker] INFO  manager.ListenerWD -- Before find element-->By.xpath: //button[text()='Login']
14561 [Test worker] INFO  manager.ListenerWD -- After find element-->By.xpath: //button[text()='Login']
14571 [Test worker] INFO  manager.ListenerWD -- Location of element-->button
14588 [Test worker] INFO  manager.ListenerWD -- Before click element -->buttontext-->Login
14928 [Test worker] INFO  tests.TestBase -- Assert check is element button 'Sign out' present
14930 [Test worker] INFO  tests.TestBase -- ==============================================
14930 [Test worker] INFO  tests.TestBase -- Name of method (test) --->loginSuccessModel
14946 [Test worker] INFO  manager.ListenerWD -- Before find element-->By.xpath: //button[text()='Sign Out']
14971 [Test worker] INFO  manager.ListenerWD -- After find element-->By.xpath: //button[text()='Sign Out']
14981 [Test worker] INFO  manager.ListenerWD -- Location of element-->button
14996 [Test worker] INFO  manager.ListenerWD -- Before click element -->buttontext-->Sign Out
15064 [Test worker] INFO  tests.TestBase -- Before method finished logout
15064 [Test worker] INFO  tests.TestBase -- Test data---> User{email='sonya@gmail.com', password='Ss12345$'}
15064 [Test worker] INFO  manager.ListenerWD -- Before find element-->By.cssSelector: a[href='/login']
15082 [Test worker] INFO  manager.ListenerWD -- After find element-->By.cssSelector: a[href='/login']
15083 [Test worker] INFO  manager.ListenerWD -- Location of element-->a
15102 [Test worker] INFO  manager.ListenerWD -- Before click element -->atext-->LOGIN
15152 [Test worker] INFO  manager.ListenerWD -- After click element -->a
15152 [Test worker] INFO  manager.ListenerWD -- Before find element-->By.name: email
15174 [Test worker] INFO  manager.ListenerWD -- After find element-->By.name: email
15181 [Test worker] INFO  manager.ListenerWD -- Location of element-->input
15197 [Test worker] INFO  manager.ListenerWD -- Before click element -->inputtext-->
15271 [Test worker] INFO  manager.ListenerWD -- After click element -->input
15312 [Test worker] INFO  manager.ListenerWD -- sendKeyds-->
15316 [Test worker] INFO  manager.ListenerWD -- sendKeyds_TagName-->input
15357 [Test worker] INFO  manager.ListenerWD -- Before find element-->By.xpath: //input[@placeholder='Password']
15381 [Test worker] INFO  manager.ListenerWD -- After find element-->By.xpath: //input[@placeholder='Password']
15386 [Test worker] INFO  manager.ListenerWD -- Location of element-->input
15404 [Test worker] INFO  manager.ListenerWD -- Before click element -->inputtext-->
15480 [Test worker] INFO  manager.ListenerWD -- After click element -->input
15521 [Test worker] INFO  manager.ListenerWD -- sendKeyds-->
15523 [Test worker] INFO  manager.ListenerWD -- sendKeyds_TagName-->input
15567 [Test worker] INFO  manager.ListenerWD -- Before find element-->By.xpath: //button[text()='Login']
15584 [Test worker] INFO  manager.ListenerWD -- After find element-->By.xpath: //button[text()='Login']
15589 [Test worker] INFO  manager.ListenerWD -- Location of element-->button
15608 [Test worker] INFO  manager.ListenerWD -- Before click element -->buttontext-->Login
16007 [Test worker] INFO  tests.TestBase -- Assert check is element button 'Sign out' present
16007 [Test worker] INFO  tests.TestBase -- ==============================================
16011 [Test worker] INFO  tests.TestBase -- Name of method (test) --->loginSuccessModelDPF
16026 [Test worker] INFO  manager.ListenerWD -- Before find element-->By.xpath: //button[text()='Sign Out']
16041 [Test worker] INFO  manager.ListenerWD -- After find element-->By.xpath: //button[text()='Sign Out']
16048 [Test worker] INFO  manager.ListenerWD -- Location of element-->button
16061 [Test worker] INFO  manager.ListenerWD -- Before click element -->buttontext-->Sign Out
16130 [Test worker] INFO  tests.TestBase -- Before method finished logout
16130 [Test worker] INFO  tests.TestBase -- Test data---> User{email='margo@gmail.com', password='Mmar123456$'}
16130 [Test worker] INFO  manager.ListenerWD -- Before find element-->By.cssSelector: a[href='/login']
16147 [Test worker] INFO  manager.ListenerWD -- After find element-->By.cssSelector: a[href='/login']
16152 [Test worker] INFO  manager.ListenerWD -- Location of element-->a
16166 [Test worker] INFO  manager.ListenerWD -- Before click element -->atext-->LOGIN
16230 [Test worker] INFO  manager.ListenerWD -- After click element -->a
16230 [Test worker] INFO  manager.ListenerWD -- Before find element-->By.name: email
16247 [Test worker] INFO  manager.ListenerWD -- After find element-->By.name: email
16251 [Test worker] INFO  manager.ListenerWD -- Location of element-->input
16271 [Test worker] INFO  manager.ListenerWD -- Before click element -->inputtext-->
16345 [Test worker] INFO  manager.ListenerWD -- After click element -->input
16383 [Test worker] INFO  manager.ListenerWD -- sendKeyds-->
16385 [Test worker] INFO  manager.ListenerWD -- sendKeyds_TagName-->input
16426 [Test worker] INFO  manager.ListenerWD -- Before find element-->By.xpath: //input[@placeholder='Password']
16441 [Test worker] INFO  manager.ListenerWD -- After find element-->By.xpath: //input[@placeholder='Password']
16447 [Test worker] INFO  manager.ListenerWD -- Location of element-->input
16460 [Test worker] INFO  manager.ListenerWD -- Before click element -->inputtext-->
16532 [Test worker] INFO  manager.ListenerWD -- After click element -->input
16588 [Test worker] INFO  manager.ListenerWD -- sendKeyds-->
16598 [Test worker] INFO  manager.ListenerWD -- sendKeyds_TagName-->input
16630 [Test worker] INFO  manager.ListenerWD -- Before find element-->By.xpath: //button[text()='Login']
16651 [Test worker] INFO  manager.ListenerWD -- After find element-->By.xpath: //button[text()='Login']
16654 [Test worker] INFO  manager.ListenerWD -- Location of element-->button
16671 [Test worker] INFO  manager.ListenerWD -- Before click element -->buttontext-->Login
17062 [Test worker] INFO  tests.TestBase -- Assert check is element button 'Sign out' present
17062 [Test worker] INFO  tests.TestBase -- ==============================================
17067 [Test worker] INFO  tests.TestBase -- Name of method (test) --->loginSuccessModelDPF
17083 [Test worker] INFO  manager.ListenerWD -- Before find element-->By.xpath: //button[text()='Sign Out']
17113 [Test worker] INFO  manager.ListenerWD -- After find element-->By.xpath: //button[text()='Sign Out']
17115 [Test worker] INFO  manager.ListenerWD -- Location of element-->button
17131 [Test worker] INFO  manager.ListenerWD -- Before click element -->buttontext-->Sign Out
17195 [Test worker] INFO  tests.TestBase -- Before method finished logout
17195 [Test worker] INFO  tests.TestBase -- Test data---> User{email='sonya@gmail.com', password='Ss12345$'}
17197 [Test worker] INFO  manager.ListenerWD -- Before find element-->By.cssSelector: a[href='/login']
17211 [Test worker] INFO  manager.ListenerWD -- After find element-->By.cssSelector: a[href='/login']
17217 [Test worker] INFO  manager.ListenerWD -- Location of element-->a
17230 [Test worker] INFO  manager.ListenerWD -- Before click element -->atext-->LOGIN
17290 [Test worker] INFO  manager.ListenerWD -- After click element -->a
17290 [Test worker] INFO  manager.ListenerWD -- Before find element-->By.name: email
17309 [Test worker] INFO  manager.ListenerWD -- After find element-->By.name: email
17315 [Test worker] INFO  manager.ListenerWD -- Location of element-->input
17325 [Test worker] INFO  manager.ListenerWD -- Before click element -->inputtext-->
17397 [Test worker] INFO  manager.ListenerWD -- After click element -->input
17434 [Test worker] INFO  manager.ListenerWD -- sendKeyds-->
17439 [Test worker] INFO  manager.ListenerWD -- sendKeyds_TagName-->input
17473 [Test worker] INFO  manager.ListenerWD -- Before find element-->By.xpath: //input[@placeholder='Password']
17489 [Test worker] INFO  manager.ListenerWD -- After find element-->By.xpath: //input[@placeholder='Password']
17500 [Test worker] INFO  manager.ListenerWD -- Location of element-->input
17514 [Test worker] INFO  manager.ListenerWD -- Before click element -->inputtext-->
17586 [Test worker] INFO  manager.ListenerWD -- After click element -->input
17622 [Test worker] INFO  manager.ListenerWD -- sendKeyds-->
17624 [Test worker] INFO  manager.ListenerWD -- sendKeyds_TagName-->input
17655 [Test worker] INFO  manager.ListenerWD -- Before find element-->By.xpath: //button[text()='Login']
17688 [Test worker] INFO  manager.ListenerWD -- After find element-->By.xpath: //button[text()='Login']
17694 [Test worker] INFO  manager.ListenerWD -- Location of element-->button
17732 [Test worker] INFO  manager.ListenerWD -- Before click element -->buttontext-->Login
18117 [Test worker] INFO  tests.TestBase -- Assert check is element button 'Sign out' present
18120 [Test worker] INFO  tests.TestBase -- ==============================================
18121 [Test worker] INFO  tests.TestBase -- Name of method (test) --->loginSuccessModelDPF
18133 [Test worker] INFO  manager.ListenerWD -- Before find element-->By.xpath: //button[text()='Sign Out']
18152 [Test worker] INFO  manager.ListenerWD -- After find element-->By.xpath: //button[text()='Sign Out']
18157 [Test worker] INFO  manager.ListenerWD -- Location of element-->button
18172 [Test worker] INFO  manager.ListenerWD -- Before click element -->buttontext-->Sign Out
18239 [Test worker] INFO  tests.TestBase -- Before method finished logout
18239 [Test worker] INFO  tests.TestBase -- Test data---> User{email='margo@gmail.com', password='Mmar123456$'}
18239 [Test worker] INFO  manager.ListenerWD -- Before find element-->By.cssSelector: a[href='/login']
18255 [Test worker] INFO  manager.ListenerWD -- After find element-->By.cssSelector: a[href='/login']
18255 [Test worker] INFO  manager.ListenerWD -- Location of element-->a
18271 [Test worker] INFO  manager.ListenerWD -- Before click element -->atext-->LOGIN
18347 [Test worker] INFO  manager.ListenerWD -- After click element -->a
18347 [Test worker] INFO  manager.ListenerWD -- Before find element-->By.name: email
18363 [Test worker] INFO  manager.ListenerWD -- After find element-->By.name: email
18366 [Test worker] INFO  manager.ListenerWD -- Location of element-->input
18379 [Test worker] INFO  manager.ListenerWD -- Before click element -->inputtext-->
18449 [Test worker] INFO  manager.ListenerWD -- After click element -->input
18487 [Test worker] INFO  manager.ListenerWD -- sendKeyds-->
18495 [Test worker] INFO  manager.ListenerWD -- sendKeyds_TagName-->input
18533 [Test worker] INFO  manager.ListenerWD -- Before find element-->By.xpath: //input[@placeholder='Password']
18548 [Test worker] INFO  manager.ListenerWD -- After find element-->By.xpath: //input[@placeholder='Password']
18551 [Test worker] INFO  manager.ListenerWD -- Location of element-->input
18579 [Test worker] INFO  manager.ListenerWD -- Before click element -->inputtext-->
18651 [Test worker] INFO  manager.ListenerWD -- After click element -->input
18687 [Test worker] INFO  manager.ListenerWD -- sendKeyds-->
18687 [Test worker] INFO  manager.ListenerWD -- sendKeyds_TagName-->input
18726 [Test worker] INFO  manager.ListenerWD -- Before find element-->By.xpath: //button[text()='Login']
18742 [Test worker] INFO  manager.ListenerWD -- After find element-->By.xpath: //button[text()='Login']
18747 [Test worker] INFO  manager.ListenerWD -- Location of element-->button
18764 [Test worker] INFO  manager.ListenerWD -- Before click element -->buttontext-->Login
19217 [Test worker] INFO  tests.TestBase -- Assert check is element button 'Sign out' present
19219 [Test worker] INFO  tests.TestBase -- ==============================================
19221 [Test worker] INFO  tests.TestBase -- Name of method (test) --->loginUnregisteredUser
19230 [Test worker] INFO  manager.ListenerWD -- Before find element-->By.xpath: //button[text()='Sign Out']
19252 [Test worker] INFO  manager.ListenerWD -- After find element-->By.xpath: //button[text()='Sign Out']
19258 [Test worker] INFO  manager.ListenerWD -- Location of element-->button
19275 [Test worker] INFO  manager.ListenerWD -- Before click element -->buttontext-->Sign Out
19346 [Test worker] INFO  tests.TestBase -- Before method finished logout
19349 [Test worker] INFO  tests.TestBase -- Test data---> email: 'margo_m@gmail.com' & password: 'Mmar123456$'
19349 [Test worker] INFO  manager.ListenerWD -- Before find element-->By.cssSelector: a[href='/login']
19363 [Test worker] INFO  manager.ListenerWD -- After find element-->By.cssSelector: a[href='/login']
19365 [Test worker] INFO  manager.ListenerWD -- Location of element-->a
19385 [Test worker] INFO  manager.ListenerWD -- Before click element -->atext-->LOGIN
19447 [Test worker] INFO  manager.ListenerWD -- After click element -->a
19447 [Test worker] INFO  manager.ListenerWD -- Before find element-->By.name: email
19465 [Test worker] INFO  manager.ListenerWD -- After find element-->By.name: email
19474 [Test worker] INFO  manager.ListenerWD -- Location of element-->input
19489 [Test worker] INFO  manager.ListenerWD -- Before click element -->inputtext-->
19557 [Test worker] INFO  manager.ListenerWD -- After click element -->input
19597 [Test worker] INFO  manager.ListenerWD -- sendKeyds-->
19605 [Test worker] INFO  manager.ListenerWD -- sendKeyds_TagName-->input
19642 [Test worker] INFO  manager.ListenerWD -- Before find element-->By.xpath: //input[@placeholder='Password']
19656 [Test worker] INFO  manager.ListenerWD -- After find element-->By.xpath: //input[@placeholder='Password']
19664 [Test worker] INFO  manager.ListenerWD -- Location of element-->input
19680 [Test worker] INFO  manager.ListenerWD -- Before click element -->inputtext-->
19747 [Test worker] INFO  manager.ListenerWD -- After click element -->input
19786 [Test worker] INFO  manager.ListenerWD -- sendKeyds-->
19786 [Test worker] INFO  manager.ListenerWD -- sendKeyds_TagName-->input
19825 [Test worker] INFO  manager.ListenerWD -- Before find element-->By.xpath: //button[text()='Login']
19841 [Test worker] INFO  manager.ListenerWD -- After find element-->By.xpath: //button[text()='Login']
19847 [Test worker] INFO  manager.ListenerWD -- Location of element-->button
19860 [Test worker] INFO  manager.ListenerWD -- Before click element -->buttontext-->Login
19935 [Test worker] INFO  manager.ListenerWD -- Huston, we have a problem!
19935 [Test worker] INFO  manager.ListenerWD -- Failed method:alert
19935 [Test worker] INFO  manager.ListenerWD -- ***************
19935 [Test worker] INFO  manager.ListenerWD -- Arguments:null
19935 [Test worker] INFO  manager.ListenerWD -- ***************
19935 [Test worker] INFO  manager.ListenerWD -- Exception:NoAlertPresentException
19935 [Test worker] INFO  manager.ListenerWD -- ***************
19935 [Test worker] INFO  manager.ListenerWD -- Messageno such alert
  (Session info: chrome=148.0.7778.216)
Build info: version: '4.26.0', revision: '8ccf0219d7'
System info: os.name: 'Windows 11', os.arch: 'amd64', os.version: '10.0', java.version: '21.0.10'
Driver info: org.openqa.selenium.chrome.ChromeDriver
Command: [cbd7f3964422ef338099349f81cf1ed3, getAlertText {}]
Capabilities {acceptInsecureCerts: false, browserName: chrome, browserVersion: 148.0.7778.216, chrome: {chromedriverVersion: 148.0.7778.167 (65db666ac2c..., userDataDir: C:\Users\Pavlova\AppData\Lo...}, fedcm:accounts: true, goog:chromeOptions: {debuggerAddress: localhost:42349}, goog:processID: 18156, networkConnectionEnabled: false, pageLoadStrategy: normal, platformName: windows, proxy: Proxy(), se:cdp: ws://localhost:42349/devtoo..., se:cdpVersion: 148.0.7778.216, setWindowRect: true, strictFileInteractability: false, timeouts: {implicit: 0, pageLoad: 300000, script: 30000}, unhandledPromptBehavior: dismiss and notify, webauthn:extension:credBlob: true, webauthn:extension:largeBlob: true, webauthn:extension:minPinLength: true, webauthn:extension:prf: true, webauthn:virtualAuthenticators: true}
Session ID: cbd7f3964422ef338099349f81cf1ed3
19935 [Test worker] INFO  manager.ListenerWD -- ***************
19935 [Test worker] INFO  manager.ListenerWD -- ***************
19939 [Test worker] INFO  manager.ListenerWD -- Screen with error is--->src/test/screenshots/screen_1716.png
20468 [Test worker] INFO  tests.TestBase -- Assert check is alert present with error text 'Wrong email or password'
20468 [Test worker] INFO  tests.TestBase -- ==============================================
20471 [Test worker] INFO  tests.TestBase -- Name of method (test) --->loginWrongEmail
25520 [Test worker] INFO  tests.TestBase -- Test data---> email: 'margogmail.com' & password: 'Mmar123456$'
25520 [Test worker] INFO  manager.ListenerWD -- Before find element-->By.cssSelector: a[href='/login']
25536 [Test worker] INFO  manager.ListenerWD -- After find element-->By.cssSelector: a[href='/login']
25539 [Test worker] INFO  manager.ListenerWD -- Location of element-->a
25556 [Test worker] INFO  manager.ListenerWD -- Before click element -->atext-->LOGIN
25625 [Test worker] INFO  manager.ListenerWD -- After click element -->a
25625 [Test worker] INFO  manager.ListenerWD -- Before find element-->By.name: email
25638 [Test worker] INFO  manager.ListenerWD -- After find element-->By.name: email
25650 [Test worker] INFO  manager.ListenerWD -- Location of element-->input
25665 [Test worker] INFO  manager.ListenerWD -- Before click element -->inputtext-->
25735 [Test worker] INFO  manager.ListenerWD -- After click element -->input
25777 [Test worker] INFO  manager.ListenerWD -- sendKeyds-->
25789 [Test worker] INFO  manager.ListenerWD -- sendKeyds_TagName-->input
25850 [Test worker] INFO  manager.ListenerWD -- Before find element-->By.xpath: //input[@placeholder='Password']
25871 [Test worker] INFO  manager.ListenerWD -- After find element-->By.xpath: //input[@placeholder='Password']
25877 [Test worker] INFO  manager.ListenerWD -- Location of element-->input
25895 [Test worker] INFO  manager.ListenerWD -- Before click element -->inputtext-->
25965 [Test worker] INFO  manager.ListenerWD -- After click element -->input
26009 [Test worker] INFO  manager.ListenerWD -- sendKeyds-->
26015 [Test worker] INFO  manager.ListenerWD -- sendKeyds_TagName-->input
26065 [Test worker] INFO  manager.ListenerWD -- Before find element-->By.xpath: //button[text()='Login']
26085 [Test worker] INFO  manager.ListenerWD -- After find element-->By.xpath: //button[text()='Login']
26088 [Test worker] INFO  manager.ListenerWD -- Location of element-->button
26107 [Test worker] INFO  manager.ListenerWD -- Before click element -->buttontext-->Login
26184 [Test worker] INFO  manager.ListenerWD -- Huston, we have a problem!
26184 [Test worker] INFO  manager.ListenerWD -- Failed method:alert
26184 [Test worker] INFO  manager.ListenerWD -- ***************
26184 [Test worker] INFO  manager.ListenerWD -- Arguments:null
26184 [Test worker] INFO  manager.ListenerWD -- ***************
26184 [Test worker] INFO  manager.ListenerWD -- Exception:NoAlertPresentException
26184 [Test worker] INFO  manager.ListenerWD -- ***************
26184 [Test worker] INFO  manager.ListenerWD -- Messageno such alert
  (Session info: chrome=148.0.7778.216)
Build info: version: '4.26.0', revision: '8ccf0219d7'
System info: os.name: 'Windows 11', os.arch: 'amd64', os.version: '10.0', java.version: '21.0.10'
Driver info: org.openqa.selenium.chrome.ChromeDriver
Command: [cbd7f3964422ef338099349f81cf1ed3, getAlertText {}]
Capabilities {acceptInsecureCerts: false, browserName: chrome, browserVersion: 148.0.7778.216, chrome: {chromedriverVersion: 148.0.7778.167 (65db666ac2c..., userDataDir: C:\Users\Pavlova\AppData\Lo...}, fedcm:accounts: true, goog:chromeOptions: {debuggerAddress: localhost:42349}, goog:processID: 18156, networkConnectionEnabled: false, pageLoadStrategy: normal, platformName: windows, proxy: Proxy(), se:cdp: ws://localhost:42349/devtoo..., se:cdpVersion: 148.0.7778.216, setWindowRect: true, strictFileInteractability: false, timeouts: {implicit: 0, pageLoad: 300000, script: 30000}, unhandledPromptBehavior: dismiss and notify, webauthn:extension:credBlob: true, webauthn:extension:largeBlob: true, webauthn:extension:minPinLength: true, webauthn:extension:prf: true, webauthn:virtualAuthenticators: true}
Session ID: cbd7f3964422ef338099349f81cf1ed3
26187 [Test worker] INFO  manager.ListenerWD -- ***************
26187 [Test worker] INFO  manager.ListenerWD -- ***************
26187 [Test worker] INFO  manager.ListenerWD -- Screen with error is--->src/test/screenshots/screen_1648.png
26706 [Test worker] INFO  tests.TestBase -- Assert check is alert present with error text 'Wrong email or password'
26706 [Test worker] INFO  tests.TestBase -- ==============================================
26706 [Test worker] INFO  tests.TestBase -- Name of method (test) --->loginWrongPassword
31717 [Test worker] INFO  tests.TestBase -- Test data---> email: 'margo@gmail.com' & password: 'Mmar123'
31717 [Test worker] INFO  manager.ListenerWD -- Before find element-->By.cssSelector: a[href='/login']
31725 [Test worker] INFO  manager.ListenerWD -- After find element-->By.cssSelector: a[href='/login']
31740 [Test worker] INFO  manager.ListenerWD -- Location of element-->a
31752 [Test worker] INFO  manager.ListenerWD -- Before click element -->atext-->LOGIN
31816 [Test worker] INFO  manager.ListenerWD -- After click element -->a
31816 [Test worker] INFO  manager.ListenerWD -- Before find element-->By.name: email
31835 [Test worker] INFO  manager.ListenerWD -- After find element-->By.name: email
31837 [Test worker] INFO  manager.ListenerWD -- Location of element-->input
31855 [Test worker] INFO  manager.ListenerWD -- Before click element -->inputtext-->
31915 [Test worker] INFO  manager.ListenerWD -- After click element -->input
31955 [Test worker] INFO  manager.ListenerWD -- sendKeyds-->
31960 [Test worker] INFO  manager.ListenerWD -- sendKeyds_TagName-->input
32017 [Test worker] INFO  manager.ListenerWD -- Before find element-->By.xpath: //input[@placeholder='Password']
32031 [Test worker] INFO  manager.ListenerWD -- After find element-->By.xpath: //input[@placeholder='Password']
32037 [Test worker] INFO  manager.ListenerWD -- Location of element-->input
32055 [Test worker] INFO  manager.ListenerWD -- Before click element -->inputtext-->
32115 [Test worker] INFO  manager.ListenerWD -- After click element -->input
32155 [Test worker] INFO  manager.ListenerWD -- sendKeyds-->
32160 [Test worker] INFO  manager.ListenerWD -- sendKeyds_TagName-->input
32211 [Test worker] INFO  manager.ListenerWD -- Before find element-->By.xpath: //button[text()='Login']
32227 [Test worker] INFO  manager.ListenerWD -- After find element-->By.xpath: //button[text()='Login']
32232 [Test worker] INFO  manager.ListenerWD -- Location of element-->button
32248 [Test worker] INFO  manager.ListenerWD -- Before click element -->buttontext-->Login
32317 [Test worker] INFO  manager.ListenerWD -- Huston, we have a problem!
32317 [Test worker] INFO  manager.ListenerWD -- Failed method:alert
32317 [Test worker] INFO  manager.ListenerWD -- ***************
32317 [Test worker] INFO  manager.ListenerWD -- Arguments:null
32317 [Test worker] INFO  manager.ListenerWD -- ***************
32317 [Test worker] INFO  manager.ListenerWD -- Exception:NoAlertPresentException
32317 [Test worker] INFO  manager.ListenerWD -- ***************
32317 [Test worker] INFO  manager.ListenerWD -- Messageno such alert
  (Session info: chrome=148.0.7778.216)
Build info: version: '4.26.0', revision: '8ccf0219d7'
System info: os.name: 'Windows 11', os.arch: 'amd64', os.version: '10.0', java.version: '21.0.10'
Driver info: org.openqa.selenium.chrome.ChromeDriver
Command: [cbd7f3964422ef338099349f81cf1ed3, getAlertText {}]
Capabilities {acceptInsecureCerts: false, browserName: chrome, browserVersion: 148.0.7778.216, chrome: {chromedriverVersion: 148.0.7778.167 (65db666ac2c..., userDataDir: C:\Users\Pavlova\AppData\Lo...}, fedcm:accounts: true, goog:chromeOptions: {debuggerAddress: localhost:42349}, goog:processID: 18156, networkConnectionEnabled: false, pageLoadStrategy: normal, platformName: windows, proxy: Proxy(), se:cdp: ws://localhost:42349/devtoo..., se:cdpVersion: 148.0.7778.216, setWindowRect: true, strictFileInteractability: false, timeouts: {implicit: 0, pageLoad: 300000, script: 30000}, unhandledPromptBehavior: dismiss and notify, webauthn:extension:credBlob: true, webauthn:extension:largeBlob: true, webauthn:extension:minPinLength: true, webauthn:extension:prf: true, webauthn:virtualAuthenticators: true}
Session ID: cbd7f3964422ef338099349f81cf1ed3
32317 [Test worker] INFO  manager.ListenerWD -- ***************
32317 [Test worker] INFO  manager.ListenerWD -- ***************
32317 [Test worker] INFO  manager.ListenerWD -- Screen with error is--->src/test/screenshots/screen_1681.png
32845 [Test worker] INFO  tests.TestBase -- Assert check is alert present with error text 'Wrong email or password'
32847 [Test worker] INFO  tests.TestBase -- ==============================================
