2538 [Test worker] INFO  manager.ApplicationManager -- All tests runs in Chrome Browser
3756 [Test worker] INFO  manager.ApplicationManager -- The link --->https://telranedu.web.app/home
3800 [Test worker] INFO  tests.TestBase -- Name of method (test) --->loginSuccess1
8833 [Test worker] INFO  manager.ListenerWD -- Before find element-->By.cssSelector: a[href='/login']
8880 [Test worker] INFO  manager.ListenerWD -- After find element-->By.cssSelector: a[href='/login']
8895 [Test worker] INFO  manager.ListenerWD -- Location of element-->a
8924 [Test worker] INFO  manager.ListenerWD -- Before click element -->atext-->LOGIN
9033 [Test worker] INFO  manager.ListenerWD -- After click element -->a
9033 [Test worker] INFO  manager.ListenerWD -- Before find element-->By.name: email
9076 [Test worker] INFO  manager.ListenerWD -- After find element-->By.name: email
9085 [Test worker] INFO  manager.ListenerWD -- Location of element-->input
9106 [Test worker] INFO  manager.ListenerWD -- Before click element -->inputtext-->
9198 [Test worker] INFO  manager.ListenerWD -- After click element -->input
9253 [Test worker] INFO  manager.ListenerWD -- sendKeyds-->
9263 [Test worker] INFO  manager.ListenerWD -- sendKeyds_TagName-->input
9330 [Test worker] INFO  manager.ListenerWD -- Before find element-->By.xpath: //input[@placeholder='Password']
9361 [Test worker] INFO  manager.ListenerWD -- After find element-->By.xpath: //input[@placeholder='Password']
9366 [Test worker] INFO  manager.ListenerWD -- Location of element-->input
9390 [Test worker] INFO  manager.ListenerWD -- Before click element -->inputtext-->
9462 [Test worker] INFO  manager.ListenerWD -- After click element -->input
9503 [Test worker] INFO  manager.ListenerWD -- sendKeyds-->
9506 [Test worker] INFO  manager.ListenerWD -- sendKeyds_TagName-->input
9556 [Test worker] INFO  manager.ListenerWD -- Before find element-->By.xpath: //button[text()='Login']
9588 [Test worker] INFO  manager.ListenerWD -- After find element-->By.xpath: //button[text()='Login']
9596 [Test worker] INFO  manager.ListenerWD -- Location of element-->button
9616 [Test worker] INFO  manager.ListenerWD -- Before click element -->buttontext-->Login
10975 [Test worker] INFO  tests.TestBase -- ==============================================
10978 [Test worker] INFO  tests.TestBase -- Name of method (test) --->loginWrongEmail
10999 [Test worker] INFO  manager.ListenerWD -- Before find element-->By.xpath: //button[text()='Sign Out']
11033 [Test worker] INFO  manager.ListenerWD -- After find element-->By.xpath: //button[text()='Sign Out']
11044 [Test worker] INFO  manager.ListenerWD -- Location of element-->button
11058 [Test worker] INFO  manager.ListenerWD -- Before click element -->buttontext-->Sign Out
11151 [Test worker] INFO  tests.TestBase -- Before method finished logout
11154 [Test worker] INFO  tests.TestBase -- Test data---> email: 'margogmail.com' & password: 'Mmar123456$'
11154 [Test worker] INFO  manager.ListenerWD -- Before find element-->By.cssSelector: a[href='/login']
11176 [Test worker] INFO  manager.ListenerWD -- After find element-->By.cssSelector: a[href='/login']
11185 [Test worker] INFO  manager.ListenerWD -- Location of element-->a
11206 [Test worker] INFO  manager.ListenerWD -- Before click element -->atext-->LOGIN
11281 [Test worker] INFO  manager.ListenerWD -- After click element -->a
11281 [Test worker] INFO  manager.ListenerWD -- Before find element-->By.name: email
11307 [Test worker] INFO  manager.ListenerWD -- After find element-->By.name: email
11313 [Test worker] INFO  manager.ListenerWD -- Location of element-->input
11337 [Test worker] INFO  manager.ListenerWD -- Before click element -->inputtext-->
11421 [Test worker] INFO  manager.ListenerWD -- After click element -->input
11467 [Test worker] INFO  manager.ListenerWD -- sendKeyds-->
11475 [Test worker] INFO  manager.ListenerWD -- sendKeyds_TagName-->input
11523 [Test worker] INFO  manager.ListenerWD -- Before find element-->By.xpath: //input[@placeholder='Password']
11551 [Test worker] INFO  manager.ListenerWD -- After find element-->By.xpath: //input[@placeholder='Password']
11560 [Test worker] INFO  manager.ListenerWD -- Location of element-->input
11579 [Test worker] INFO  manager.ListenerWD -- Before click element -->inputtext-->
11659 [Test worker] INFO  manager.ListenerWD -- After click element -->input
11700 [Test worker] INFO  manager.ListenerWD -- sendKeyds-->
11708 [Test worker] INFO  manager.ListenerWD -- sendKeyds_TagName-->input
11756 [Test worker] INFO  manager.ListenerWD -- Before find element-->By.xpath: //button[text()='Login']
11778 [Test worker] INFO  manager.ListenerWD -- After find element-->By.xpath: //button[text()='Login']
11788 [Test worker] INFO  manager.ListenerWD -- Location of element-->button
11806 [Test worker] INFO  manager.ListenerWD -- Before click element -->buttontext-->Login
11903 [Test worker] INFO  manager.ListenerWD -- Huston, we have a problem!
11903 [Test worker] INFO  manager.ListenerWD -- Failed method:alert
11903 [Test worker] INFO  manager.ListenerWD -- ***************
11903 [Test worker] INFO  manager.ListenerWD -- Arguments:null
11903 [Test worker] INFO  manager.ListenerWD -- ***************
11903 [Test worker] INFO  manager.ListenerWD -- Exception:NoAlertPresentException
11903 [Test worker] INFO  manager.ListenerWD -- ***************
11903 [Test worker] INFO  manager.ListenerWD -- Messageno such alert
  (Session info: chrome=148.0.7778.216)
Build info: version: '4.26.0', revision: '8ccf0219d7'
System info: os.name: 'Windows 11', os.arch: 'amd64', os.version: '10.0', java.version: '21.0.10'
Driver info: org.openqa.selenium.chrome.ChromeDriver
Command: [f7c2d6ff8dd026b7bb019fb1ec8579c0, getAlertText {}]
Capabilities {acceptInsecureCerts: false, browserName: chrome, browserVersion: 148.0.7778.216, chrome: {chromedriverVersion: 148.0.7778.167 (65db666ac2c..., userDataDir: C:\Users\Pavlova\AppData\Lo...}, fedcm:accounts: true, goog:chromeOptions: {debuggerAddress: localhost:39721}, goog:processID: 5524, networkConnectionEnabled: false, pageLoadStrategy: normal, platformName: windows, proxy: Proxy(), se:cdp: ws://localhost:39721/devtoo..., se:cdpVersion: 148.0.7778.216, setWindowRect: true, strictFileInteractability: false, timeouts: {implicit: 0, pageLoad: 300000, script: 30000}, unhandledPromptBehavior: dismiss and notify, webauthn:extension:credBlob: true, webauthn:extension:largeBlob: true, webauthn:extension:minPinLength: true, webauthn:extension:prf: true, webauthn:virtualAuthenticators: true}
Session ID: f7c2d6ff8dd026b7bb019fb1ec8579c0
11903 [Test worker] INFO  manager.ListenerWD -- ***************
11903 [Test worker] INFO  manager.ListenerWD -- ***************
11903 [Test worker] INFO  manager.ListenerWD -- Screen with error is--->src/test/screenshots/screen_1127.png
12438 [Test worker] INFO  tests.TestBase -- Assert check is alert present with error text 'Wrong email or password'
12440 [Test worker] INFO  tests.TestBase -- ==============================================
12444 [Test worker] INFO  tests.TestBase -- Name of method (test) --->registrationSuccess
12446 [Test worker] INFO  tests.TestBase -- Start test with name 'registrationSuccess'
12446 [Test worker] INFO  tests.TestBase -- Registration Test data ---> email: 'pavlova@gmail.com & password: 'Pablo_1001#'
12446 [Test worker] INFO  manager.ListenerWD -- Before find element-->By.cssSelector: a[href='/login']
12467 [Test worker] INFO  manager.ListenerWD -- After find element-->By.cssSelector: a[href='/login']
12472 [Test worker] INFO  manager.ListenerWD -- Location of element-->a
12497 [Test worker] INFO  manager.ListenerWD -- Before click element -->atext-->LOGIN
12579 [Test worker] INFO  manager.ListenerWD -- After click element -->a
12579 [Test worker] INFO  manager.ListenerWD -- Before find element-->By.name: email
12603 [Test worker] INFO  manager.ListenerWD -- After find element-->By.name: email
12610 [Test worker] INFO  manager.ListenerWD -- Location of element-->input
12628 [Test worker] INFO  manager.ListenerWD -- Before click element -->inputtext-->
12708 [Test worker] INFO  manager.ListenerWD -- After click element -->input
12752 [Test worker] INFO  manager.ListenerWD -- sendKeyds-->
12759 [Test worker] INFO  manager.ListenerWD -- sendKeyds_TagName-->input
12831 [Test worker] INFO  manager.ListenerWD -- Before find element-->By.xpath: //input[@placeholder='Password']
12849 [Test worker] INFO  manager.ListenerWD -- After find element-->By.xpath: //input[@placeholder='Password']
12862 [Test worker] INFO  manager.ListenerWD -- Location of element-->input
12878 [Test worker] INFO  manager.ListenerWD -- Before click element -->inputtext-->
12946 [Test worker] INFO  manager.ListenerWD -- After click element -->input
12992 [Test worker] INFO  manager.ListenerWD -- sendKeyds-->
12999 [Test worker] INFO  manager.ListenerWD -- sendKeyds_TagName-->input
13053 [Test worker] INFO  manager.ListenerWD -- Before find element-->By.xpath: //Button[text()='Registration']
13077 [Test worker] INFO  manager.ListenerWD -- After find element-->By.xpath: //Button[text()='Registration']
13082 [Test worker] INFO  manager.ListenerWD -- Location of element-->button
13096 [Test worker] INFO  manager.ListenerWD -- Before click element -->buttontext-->Registration
13177 [Test worker] INFO  manager.ListenerWD -- Before find element-->By.cssSelector: .contact-page_message__2qafk>h1
13910 [Test worker] INFO  manager.ListenerWD -- After find element-->By.cssSelector: .contact-page_message__2qafk>h1
13918 [Test worker] INFO  manager.ListenerWD -- Location of element-->h1
13929 [Test worker] INFO  tests.TestBase -- Assert check is alert present with  text 'No Contacts here!'
13931 [Test worker] INFO  tests.TestBase -- ==============================================
